


















































































































































































































--
--
a
a
a
a
a
a
a
a
a
a
able
about
about
about
above
according
according
according
according
according
according
admonition
after
after
after
again
all
all
all
all
all
all
all
also
also
also
also
amen
among
among
an
and
and
and
and
and
and
and
and
and
and
and
and
and
and
and
and
and
and
and
and
and
and
and
and
and
and
and
and
and
and
and
and
and
and
and
and
and
and
and
and
and
and
and
and
and
and
and
and
and
and
and
and
and
and
and
and
and
and
and
and
and
and
and
and
and
and
and
and
and
and
and
and
and
and
and
and
and
and
and
and
and
and
and
and
and
and
and
and
and
any
are
arm
as
as
ask
at
at
away
away
away
axe
bare
be
be
be
be
be
be
be
be
be
be
be
be
be
beasts
beasts
became
because
because
been
before
before
before
before
before
began
began
began
behold
behold
behold
behold
believing
between
blessed
blessed
blessed
blood-thirsty
bow
brethren
brethren
brethren
brethren
bring
bring
brought
brought
but
by
by
by
by
came
came
came
came
came
came
came
came
came
cattle
cause
christ
christ
christ
cimeter
come
come
commandments
concerning
concerning
contentions
continually
continually
continually
continually
could
course
covenant
covenanted
cried
cried
cry
cry
curse
day
day
day
days
days
death
declare
declared
deep
desire
desire
desired
desires
destroy
destroy
destroyed
destroyed
destruction
destructions
did
did
did
did
did
did
did
did
diligence
diligence
diligently
do
done
done
down
down
down
down
due
duration
dwelling
eat
enos
enos
enos
enos
enos
enos
eternal
eternity
even
every
evil
exceeding
exceeding
exceeding
face
faith
faith
faith
faith
faith
faith
faith
faith
faith
faith
fall
father
father
father
father
father
fathers
fathers
fear
feeding
feel
ferocious
filthiness
fixed
flocks
flocks
for
for
for
for
for
for
for
for
for
for
for
for
forest
forgiven
forth
forth
from
from
fruit
full
future
girded
given
go
go
go
goats
goats
god
god
god
god
god
god
god
god
god
god
going
grain
grant
grave
great
guilt
had
had
had
had
had
had
had
had
had
had
hard
harshness
hast
hath
hatred
have
have
have
have
have
having
he
he
he
he
he
he
he
he
he
he
heads
heads
heard
heard
heard
heard
heard
heart
heavens
herds
high
him
him
him
him
him
him
him
himself
his
his
his
his
holy
holy
horses
how
hundred
hungered
hunt
i
i
i
i
i
i
i
i
i
i
i
i
i
i
i
i
i
i
i
i
i
i
i
i
i
i
i
i
i
i
i
i
i
i
i
i
i
i
i
i
i
i
i
i
i
i
i
i
idolatry
if
if
if
immortality
in
in
in
in
in
in
in
in
in
in
in
in
in
in
in
in
in
in
in
in
in
in
in
in
in
iniquity
into
into
into
is
is
is
is
is
it
it
it
it
it
it
it
it
it
it
it
it
it
it
it
it
it
it
it
it
it
it
it
it
jerusalem
joys
judgments
just
keep
keep
keeping
kind
kneeled
knew
knew
know
knowing
knowing
labored
labors
lamanites
lamanites
lamanites
lamanites
lamanites
lamanites
land
land
land
language
led
left
lehi
lie
life
like
loins
long
long
lord
lord
lord
lord
lord
lord
lord
lord
lord
made
made
maker
man
manifest
manner
manner
manner
mansions
many
many
many
many
me
me
me
me
me
me
me
me
me
me
means
meat
might
might
mighty
mind
mine
mortal
much
must
must
my
my
my
my
my
my
my
my
my
my
my
my
my
my
my
my
my
my
my
my
my
my
my
my
my
my
name
name
nature
nephi
nephi
nephi
nephites
nephites
nephites
nephites
night
nine
nor
not
not
not
not
nothing
nothing
nothing
now
now
now
nurture
of
of
of
of
of
of
of
of
of
of
of
of
of
of
of
of
of
of
of
of
of
of
of
of
of
of
of
of
of
of
of
of
of
of
of
of
of
of
of
of
of
of
of
often
old
on
our
our
our
our
our
our
out
own
own
own
pass
pass
pass
pass
pass
pass
passed
passeth
people
people
people
people
people
people
people
people
people
perhaps
place
place
plainness
pleasure
possible
pour
power
power
power
prayed
prayed
prayer
preach
preaching
prepared
present
preserve
preserve
preserve
prey
prophesy
prophesying
prophesying
prophets
put
raise
raise
raw
reached
receive
receive
received
record
record
records
records
records
redeemer
rejoice
rejoiced
reminding
remission
required
rest
rest
rest
restore
restoring
said
said
said
said
saints
salvation
save
save
save
saw
saw
say
say
sayeth
sayeth
saying
saying
see
seek
seeking
seen
seen
seventy
shall
shall
shall
shall
shall
shall
shall
shall
shall
shalt
shaven
short
short
should
should
should
sins
sins
skill
skin
so
so
some
soon
soon
sorrow
soul
soul
soul
soul
speak
speech
speedily
spirit
stand
stiff-necked
still
stirring
struggles
struggling
strugglings
sunk
supplication
swept
swore
taught
tell
tents
testifying
that
that
that
that
that
that
that
that
that
that
that
that
that
that
that
that
that
that
that
that
that
that
that
that
that
that
that
that
that
the
the
the
the
the
the
the
the
the
the
the
the
the
the
the
the
the
the
the
the
the
the
the
the
the
the
the
the
the
the
the
the
the
the
the
the
the
the
the
the
the
the
the
the
the
the
the
the
the
the
the
the
the
the
the
the
the
the
the
the
the
the
the
the
the
thee
thee
thee
their
their
their
their
their
their
their
their
their
their
their
them
them
them
them
them
them
them
them
them
them
them
then
there
there
there
there
there
these
these
these
these
they
they
they
they
they
they
thine
thing
thing
things
things
things
things
this
this
this
this
this
thou
thou
thus
thy
thy
thy
thy
thy
thy
thy
thy
till
time
time
to
to
to
to
to
to
to
to
to
to
to
to
to
to
to
to
to
to
to
to
to
to
to
to
to
to
traditions
transgression
transgressions
true
true
truth
understand
unshaken
unto
unto
unto
unto
unto
unto
unto
unto
unto
unto
unto
unto
unto
unto
unto
unto
unto
unto
unto
unto
unto
unto
up
upon
upon
upon
us
us
us
vain
vain
visit
visit
voice
voice
voice
wandering
wars
wars
was
was
was
was
was
was
was
was
was
was
was
was
welfare
went
went
were
were
were
were
were
were
were
whatsoever
when
when
when
wherefore
wherefore
wherefore
wherefore
wherefore
wherefore
which
which
which
which
which
which
which
while
whole
whole
whom
wild
wild
wilderness
will
will
will
will
will
will
with
with
with
with
with
with
with
word
words
words
words
words
world
would
would
would
would
would
would
wrath
wrestle
write
wrought
ye
ye
ye
ye
yea
years
years
you
you
