




















































































































































































































































































































































































































































































































































































































































































































































































































































































































































































































































































































































































































































































































































































































































































































































































































































































































































































































































































































































































































































































































































































































































































--
--
--
--
--
--
--
--
--
--
--
--
--
--
--
--
--
--
--
--
a
a
a
a
a
a
a
a
a
a
a
a
a
a
a
a
a
a
a
a
a
a
a
a
a
a
a
a
a
a
a
a
a
a
a
a
a
a
a
a
a
a
a
a
a
a
a
a
a
a
a
a
a
a
a
a
a
a
a
a
a
a
a
a
a
a
a
a
a
a
a
a
a
a
a
a
a
a
a
a
a
a
a
a
a
a
a
a
a
a
a
a
a
a
a
a
a
a
a
a
a
a
a
a
a
a
a
a
a
a
a
a
a
a
a
a
a
a
a
a
a
a
a
a
a
a
a
a
a
a
a
a
a
a
a
aaron
aaron
aaron
aaron
abide
able
able
ablom
aboard
abominable
abominations
abominations
abominations
abounding
about
about
about
about
about
about
about
about
about
above
above
above
above
above
above
above
above
above
above
above
abraham
abundantly
according
according
according
according
according
according
according
according
according
according
according
according
accordingly
account
account
account
account
account
account
account
account
account
accursed
across
across
across
across
adam
adam
administer
administer
administer
administered
administered
adopted
advantage
afflict
after
after
after
after
after
after
after
after
after
after
after
after
after
after
after
after
after
after
after
after
after
after
after
after
after
after
after
after
after
after
after
after
after
after
after
after
after
after
after
after
after
after
after
after
after
after
again
again
again
again
again
again
again
again
again
again
again
again
again
again
again
again
again
again
again
again
again
again
again
again
again
again
again
again
again
again
again
again
again
again
again
again
again
again
again
again
again
again
again
again
again
again
again
again
against
against
against
against
against
against
against
against
against
against
against
against
against
against
against
against
against
against
against
against
against
against
against
against
against
against
age
age
age
age
age
age
age
age
age
age
agosh
agosh
agree
ahah
ahah
ahah
ahah
air
air
air
air
air
air
akish
akish
akish
akish
akish
akish
akish
akish
akish
akish
akish
akish
akish
akish
akish
akish
akish
akish
akish
akish
akish
akish
akish
akish
all
all
all
all
all
all
all
all
all
all
all
all
all
all
all
all
all
all
all
all
all
all
all
all
all
all
all
all
all
all
all
all
all
all
all
all
all
all
all
all
all
all
all
all
all
all
all
all
all
all
all
all
all
all
all
all
all
all
all
all
all
all
all
all
all
all
all
all
all
all
all
all
all
all
all
all
all
all
all
all
all
all
all
all
all
all
all
all
all
all
all
all
all
all
all
all
all
all
all
all
all
all
all
all
all
all
all
all
all
all
all
all
all
all
all
all
all
all
all
all
all
all
all
all
all
all
all
all
all
all
all
all
all
all
all
all
all
all
all
alma
already
also
also
also
also
also
also
also
also
also
also
also
also
also
also
also
also
also
also
also
also
also
also
also
also
also
also
also
also
also
also
also
also
also
also
also
also
also
also
also
also
also
also
also
also
also
also
also
also
also
also
also
also
also
also
also
also
also
also
also
also
also
also
also
also
also
also
also
also
also
always
always
always
am
am
am
am
am
am
am
am
am
am
am
am
am
amen
amen
amen
amen
amgid
amgid
ammon
amnigaddah
amnigaddah
amnigaddah
amnigaddah
among
among
among
among
among
among
among
among
among
among
among
among
among
among
among
among
among
among
among
among
among
among
among
among
among
amulek
an
an
an
an
an
an
an
an
an
an
an
an
an
an
an
an
an
an
an
an
an
an
anchor
ancient
ancients
ancients
and
and
and
and
and
and
and
and
and
and
and
and
and
and
and
and
and
and
and
and
and
and
and
and
and
and
and
and
and
and
and
and
and
and
and
and
and
and
and
and
and
and
and
and
and
and
and
and
and
and
and
and
and
and
and
and
and
and
and
and
and
and
and
and
and
and
and
and
and
and
and
and
and
and
and
and
and
and
and
and
and
and
and
and
and
and
and
and
and
and
and
and
and
and
and
and
and
and
and
and
and
and
and
and
and
and
and
and
and
and
and
and
and
and
and
and
and
and
and
and
and
and
and
and
and
and
and
and
and
and
and
and
and
and
and
and
and
and
and
and
and
and
and
and
and
and
and
and
and
and
and
and
and
and
and
and
and
and
and
and
and
and
and
and
and
and
and
and
and
and
and
and
and
and
and
and
and
and
and
and
and
and
and
and
and
and
and
and
and
and
and
and
and
and
and
and
and
and
and
and
and
and
and
and
and
and
and
and
and
and
and
and
and
and
and
and
and
and
and
and
and
and
and
and
and
and
and
and
and
and
and
and
and
and
and
and
and
and
and
and
and
and
and
and
and
and
and
and
and
and
and
and
and
and
and
and
and
and
and
and
and
and
and
and
and
and
and
and
and
and
and
and
and
and
and
and
and
and
and
and
and
and
and
and
and
and
and
and
and
and
and
and
and
and
and
and
and
and
and
and
and
and
and
and
and
and
and
and
and
and
and
and
and
and
and
and
and
and
and
and
and
and
and
and
and
and
and
and
and
and
and
and
and
and
and
and
and
and
and
and
and
and
and
and
and
and
and
and
and
and
and
and
and
and
and
and
and
and
and
and
and
and
and
and
and
and
and
and
and
and
and
and
and
and
and
and
and
and
and
and
and
and
and
and
and
and
and
and
and
and
and
and
and
and
and
and
and
and
and
and
and
and
and
and
and
and
and
and
and
and
and
and
and
and
and
and
and
and
and
and
and
and
and
and
and
and
and
and
and
and
and
and
and
and
and
and
and
and
and
and
and
and
and
and
and
and
and
and
and
and
and
and
and
and
and
and
and
and
and
and
and
and
and
and
and
and
and
and
and
and
and
and
and
and
and
and
and
and
and
and
and
and
and
and
and
and
and
and
and
and
and
and
and
and
and
and
and
and
and
and
and
and
and
and
and
and
and
and
and
and
and
and
and
and
and
and
and
and
and
and
and
and
and
and
and
and
and
and
and
and
and
and
and
and
and
and
and
and
and
and
and
and
and
and
and
and
and
and
and
and
and
and
and
and
and
and
and
and
and
and
and
and
and
and
and
and
and
and
and
and
and
and
and
and
and
and
and
and
and
and
and
and
and
and
and
and
and
and
and
and
and
and
and
and
and
and
and
and
and
and
and
and
and
and
and
and
and
and
and
and
and
and
and
and
and
and
and
and
and
and
and
and
and
and
and
and
and
and
and
and
and
and
and
and
and
and
and
and
and
and
and
and
and
and
and
and
and
and
and
and
and
and
and
and
and
and
and
and
and
and
and
and
and
and
and
and
and
and
and
and
and
and
and
and
and
and
and
and
and
and
and
and
and
and
and
and
and
and
and
and
and
and
and
and
and
and
and
and
and
and
and
and
and
and
and
and
and
and
and
and
and
and
and
and
and
and
and
and
and
and
and
and
and
and
and
and
and
and
and
and
and
and
and
and
and
and
and
and
and
and
and
and
and
and
and
and
and
and
and
and
and
and
and
and
and
and
and
and
and
and
and
and
and
and
and
and
and
and
and
and
and
and
and
and
and
and
and
and
and
and
and
and
and
and
and
and
and
and
and
and
and
and
and
and
and
and
and
and
and
and
and
and
and
and
and
and
and
and
and
and
and
and
and
and
and
and
and
and
and
and
and
and
and
and
and
and
and
and
and
and
and
and
and
and
and
and
and
and
and
and
and
and
and
and
and
and
and
and
and
and
and
and
and
and
and
and
and
and
and
and
and
and
and
and
and
and
and
and
and
and
and
and
and
and
and
and
and
and
and
and
and
and
and
and
and
and
and
and
and
and
and
and
and
and
and
and
and
and
and
and
and
and
and
and
and
and
and
and
and
and
and
and
and
and
and
and
and
and
and
and
and
and
and
and
and
and
and
and
and
and
and
and
and
and
and
and
and
and
and
and
and
and
and
and
and
and
and
and
and
and
and
and
and
and
and
and
and
and
and
and
and
and
and
and
and
and
and
and
and
and
and
and
and
and
and
and
and
and
and
and
and
and
and
and
and
and
and
and
and
and
and
and
and
and
and
and
and
and
and
and
and
and
and
and
and
and
and
and
and
and
and
and
and
and
and
and
and
and
and
and
and
and
and
and
and
and
and
and
and
and
and
and
and
and
and
and
and
and
and
and
and
and
and
and
and
and
and
and
and
and
and
and
and
and
and
and
and
and
and
and
and
and
and
and
and
and
and
and
and
and
and
and
and
and
and
and
and
and
and
and
and
and
and
and
and
and
and
and
and
and
and
and
and
and
and
and
and
and
and
and
and
and
and
and
and
and
and
and
and
and
and
and
and
and
and
and
and
and
and
and
and
and
and
and
and
and
and
and
and
and
and
and
and
and
and
and
and
and
and
and
and
and
and
and
and
and
and
and
and
and
and
and
and
and
and
and
and
and
and
and
and
and
and
and
and
and
and
and
and
and
and
and
and
anger
anger
anger
anger
anger
anger
angry
angry
angry
angry
angry
animal
animals
animals
anoint
anoint
anointed
anointed
anointed
anointed
anointed
anointed
anointed
another
another
another
another
another
another
answered
answered
any
any
any
any
any
any
any
apostles
appear
appear
applied
are
are
are
are
are
are
are
are
are
are
are
are
are
are
are
are
are
are
are
are
are
are
are
are
are
are
are
are
are
are
are
are
arise
ark
arm
armed
armed
armies
armies
armies
armies
armies
armies
armies
armies
armies
army
army
army
army
army
army
army
army
army
army
army
army
army
army
army
army
army
army
arose
arose
arose
arose
arose
arose
art
art
art
art
arts
as
as
as
as
as
as
as
as
as
as
as
as
as
as
as
as
as
as
as
as
as
as
as
as
as
as
as
as
as
as
as
as
as
as
as
as
as
as
as
as
as
as
asses
assist
assistance
at
at
at
at
at
at
at
at
at
at
at
at
at
at
at
ate
attempt
audience
authority
authority
avenge
avengeth
awake
away
away
away
away
away
away
away
away
away
away
away
away
away
away
away
away
away
away
away
awful
awful
awkwardness
back
back
back
band
baptized
baptized
baptized
barges
barges
barges
barges
barges
battle
battle
battle
battle
battle
battle
battle
battle
battle
battle
battle
battle
battle
battle
battle
battle
battle
battle
battle
battle
battle
battle
battle
battle
battle
battle
battle
battle
battle
battle
battle
battle
battle
battle
be
be
be
be
be
be
be
be
be
be
be
be
be
be
be
be
be
be
be
be
be
be
be
be
be
be
be
be
be
be
be
be
be
be
be
be
be
be
be
be
be
be
be
be
be
be
be
be
be
be
be
be
be
be
be
be
be
be
be
be
be
be
be
be
be
be
be
be
be
be
be
be
be
be
be
be
be
be
be
be
be
be
be
be
be
be
be
be
be
be
be
be
be
be
be
be
be
be
be
be
be
be
be
be
be
be
be
be
be
be
be
be
be
be
be
be
be
be
be
be
be
bear
beareth
beareth
beast
beasts
beasts
beat
beat
beat
beat
beat
beat
beat
beat
beautiful
became
became
became
became
became
became
became
became
became
became
became
became
became
became
became
became
became
because
because
because
because
because
because
because
because
because
because
because
because
because
because
because
because
because
because
because
because
because
because
because
because
because
because
because
because
because
because
because
because
because
because
because
because
because
because
because
because
because
because
because
because
because
because
become
become
become
become
become
become
become
become
become
become
become
bee
been
been
been
been
been
been
been
been
been
been
been
been
been
been
been
been
been
been
been
been
been
been
been
been
been
been
been
been
been
been
been
bees
before
before
before
before
before
before
before
before
before
before
before
before
before
before
before
before
before
before
before
before
before
before
before
before
before
before
before
before
before
before
before
before
before
before
before
before
before
began
began
began
began
began
began
began
began
began
began
began
began
began
began
began
began
began
began
began
began
began
began
began
began
began
began
began
began
began
began
began
began
began
began
began
began
began
began
begat
begat
begat
begat
begat
begat
begat
begat
begat
begat
begat
begat
begat
begat
begat
begat
begat
begat
begat
begat
begat
begat
begat
begat
begat
begat
begat
begat
begat
begat
begat
begat
begat
begat
begat
begat
begat
begat
begat
begat
begat
beginning
beginning
beginning
beginning
beginning
beginning
beguiled
beheld
beheld
beheld
beheld
behold
behold
behold
behold
behold
behold
behold
behold
behold
behold
behold
behold
behold
behold
behold
behold
behold
behold
behold
behold
behold
behold
behold
behold
behold
behold
behold
behold
behold
behold
behold
behold
behold
behold
behold
behold
behold
behold
behold
behold
behold
behold
behold
behold
behold
behold
behold
behold
behold
behold
behold
behold
behold
behold
behold
behold
behold
behold
behold
beholding
being
being
being
being
being
being
being
being
being
being
being
being
believe
believe
believe
believe
believe
believe
believe
believe
believe
believed
believed
believed
believest
believeth
believeth
believeth
believeth
believeth
believeth
benefit
benjamin
bestow
bestowed
better
between
beyond
bid
bled
bless
blessed
blessed
blessed
blessed
blessed
blessings
blindness
blindness
blood
blood
blood
blood
blood
blood
blood
blood
blood
blood
blood
blood
blood
blood
blood
blood
blood
blood
bloodshed
blow
blow
bodies
bodies
body
body
body
body
bondage
bones
book
borders
borders
born
borne
borrow
both
both
both
both
both
both
both
bottom
bottom
bowed
brass
break
breast-plates
breath
breathe
brethern
brethren
brethren
brethren
brethren
brethren
brethren
brethren
bring
bring
bring
bring
bring
bring
bring
bring
bring
bring
bringeth
bringeth
bringeth
bringing
bringing
bringing
broke
broke
broken
broken
brother
brother
brother
brother
brother
brother
brother
brother
brother
brother
brother
brother
brother
brother
brother
brother
brother
brother
brother
brother
brother
brother
brother
brother
brother
brother
brother
brother
brother
brother
brother
brother
brother
brother
brother
brother
brother
brother
brother
brother
brother
brother
brother
brother
brother
brother
brother
brother
brother
brother
brother
brother
brother
brother
brother
brother
brother
brother
brother
brother
brother
brother
brother
brother
brother
brother
brother
brother
brother
brother
brother
brother
brother
brother
brother
brothers
brought
brought
brought
brought
brought
brought
brought
brought
brought
brought
brought
build
build
build
build
build
build
build
build
build
build
build
buildeth
buildings
buildings
built
built
built
built
built
built
built
built
built
built
built
built
built
built
burden
burial
buried
buried
burn
bury
but
but
but
but
but
but
but
but
but
but
but
but
but
but
but
but
but
but
but
but
but
but
but
but
but
but
but
but
but
but
but
but
but
but
but
buy
by
by
by
by
by
by
by
by
by
by
by
by
by
by
by
by
by
by
by
by
by
by
by
by
by
by
by
by
by
by
by
by
by
by
by
by
by
by
by
by
by
by
by
by
by
by
by
by
by
by
by
by
by
by
by
by
by
by
by
by
by
by
by
by
by
by
by
by
by
by
by
by
by
by
by
by
by
by
by
by
cain
calamity
call
call
call
call
called
called
called
called
called
called
called
called
called
called
called
called
came
came
came
came
came
came
came
came
came
came
came
came
came
came
came
came
came
came
came
came
came
came
came
came
came
came
came
came
came
came
came
came
came
came
came
came
came
came
came
came
came
came
came
came
came
came
came
came
came
came
came
came
came
came
came
came
came
came
came
came
came
came
came
came
came
came
came
came
came
came
came
came
came
came
came
came
came
came
came
came
came
came
came
came
came
came
came
came
came
came
came
came
came
came
came
came
came
came
came
came
came
came
came
came
came
came
came
came
came
came
came
came
came
came
came
came
came
came
came
came
came
came
came
came
came
came
came
came
came
came
came
came
came
came
came
came
came
came
came
came
came
came
came
came
came
came
came
came
came
came
came
came
came
came
came
came
came
came
came
came
came
came
came
came
came
came
came
came
came
came
came
came
came
came
came
came
came
came
came
came
came
came
came
came
came
came
came
came
came
came
came
came
came
came
came
came
came
came
came
came
came
came
came
came
camp
camps
camps
can
can
can
can
can
cannot
cannot
cannot
cannot
cannot
cannot
cannot
canst
canst
captive
captive
captivity
captivity
captivity
captivity
captivity
captivity
captivity
captivity
captivity
captivity
captivity
captivity
captivity
captivity
captivity
captivity
captivity
captivity
captivity
captivity
captivity
captivity
captivity
carcasses
carnage
carried
carried
carried
carry
carry
carry
carry
carry
carry
carry
cast
cast
cast
cast
cast
cast
cast
catch
cattle
cause
cause
cause
cause
cause
cause
cause
cause
cause
cause
cause
caused
caused
caused
caused
caused
caused
caused
caused
caused
cavity
cavity
cavity
cavity
cease
cease
cease
cease
ceased
change
charity
charity
charity
charity
charity
charity
chastened
children
children
children
children
children
children
children
children
children
children
children
children
children
children
children
children
children
children
children
choice
choice
choice
choice
choice
choice
choice
choice
choice
choose
chose
chose
chosen
christ
christ
christ
christ
christ
christ
christ
christ
christ
christ
christ
christ
christ
christ
cities
cities
cities
cities
cities
cities
city
city
city
city
city
clean
clean
clear
cleave
cloth
clothe
clothed
cloud
cloud
clowd
cohor
cohor
cohor
cohor
cohor
cohor
cohor
com
com
com
com
com
com
com
com
com
com
com
com
com
com
combination
combination
combination
combination
combinations
combinations
combinations
combinations
combinations
combinations
combinations
combinations
combinations
come
come
come
come
come
come
come
come
come
come
come
come
come
come
come
come
come
come
come
come
come
come
come
come
come
come
come
come
come
come
come
come
come
cometh
cometh
cometh
cometh
cometh
cometh
cometh
cometh
comforted
comforted
command
command
commanded
commanded
commanded
commanded
commanded
commanded
commanded
commanded
commanded
commanded
commanded
commanded
commanded
commanded
commanded
commanded
commanded
commandeth
commandment
commandment
commandments
commenced
commend
commending
commit
commit
comnor
comnor
compassion
compassion
compassion
concerning
concerning
concerning
concerning
concerning
concerning
concerning
concerning
concerning
concubines
confound
confound
confound
confounded
confounded
confounded
confounded
confounded
conquered
conquered
constrain
constrain
constrain
constrained
contend
contended
contentions
continually
continually
continually
continually
continually
continue
contrite
copper
coriantor
coriantor
coriantor
coriantor
coriantor
coriantor
coriantum
coriantum
coriantum
coriantum
coriantum
coriantum
coriantum
coriantum
coriantum
coriantum
coriantum
coriantumr
coriantumr
coriantumr
coriantumr
coriantumr
coriantumr
coriantumr
coriantumr
coriantumr
coriantumr
coriantumr
coriantumr
coriantumr
coriantumr
coriantumr
coriantumr
coriantumr
coriantumr
coriantumr
coriantumr
coriantumr
coriantumr
coriantumr
coriantumr
coriantumr
coriantumr
coriantumr
coriantumr
coriantumr
coriantumr
coriantumr
coriantumr
coriantumr
coriantumr
coriantumr
coriantumr
coriantumr
coriantumr
coriantumr
coriantumr
coriantumr
coriantumr
coriantumr
coriantumr
coriantumr
coriantumr
coriantumr
coriantumr
coriantumr
coriantumr
coriantumr
coriantumr
coriantumr
coriantumr
coriantumr
coriantumr
coriantumr
coriantumr
coriantumr
coriantumr
coriantumr
coriantumr
coriantumr
corihor
corihor
corihor
corihor
corihor
corihor
corihor
corihor
corihor
corihor
corihor
corihor
corom
corom
corom
corom
corrupted
could
could
could
could
could
could
could
could
could
could
could
could
could
could
could
could
could
could
could
could
could
could
could
could
countries
countries
countries
countries
country
country
course
covenant
covenant
covered
covered
covered
cows
created
created
created
created
creation
crept
cried
cried
cried
cried
cried
cries
cries
cross
cross
cross
cross
cross
cross
cry
cry
cry
cry
cry
cry
cry
cry
cry
cry
cry
cry
crying
cumoms
cumoms
cunning
cunning
cureloms
cureloms
curious
curse
curse
curse
curse
curse
curse
cut
cut
damned
dance
danced
darkness
darkness
darkness
darkness
darkness
darkness
dash
dashed
daughter
daughter
daughter
daughter
daughter
daughters
daughters
daughters
daughters
daughters
daughters
daughters
daughters
daughters
daughters
daughters
daughters
daughters
daughters
daughters
daughters
daughters
daughters
daughters
daughters
daughters
daughters
daughters
daughters
daughters
daughters
day
day
day
day
day
day
day
day
day
day
day
day
day
days
days
days
days
days
days
days
days
days
days
days
days
days
days
days
days
days
days
days
days
days
days
days
days
days
days
days
days
days
days
days
days
days
days
days
days
days
days
days
days
days
days
days
dead
dead
dead
dead
dearth
dearth
death
death
death
death
death
death
death
death
death
decrees
decrees
decrees
deed
deep
deep
deep
deep
deep
deep
deep
defence
deny
depart
departed
depths
depths
depths
descendant
descendant
descendant
descendant
descendant
descendant
descendant
descendants
deseret
desire
desire
desire
desire
desire
desired
desired
desired
desired
desired
desired
desires
desires
desiring
desiring
desirous
desirous
desolation
destroy
destroy
destroy
destroy
destroy
destroy
destroyed
destroyed
destroyed
destroyed
destroyed
destroyed
destroyed
destroyed
destroyed
destroyed
destroyed
destroyed
destroyed
destroyed
destruction
destruction
destruction
destruction
destruction
destruction
destruction
destruction
destruction
destruction
destruction
destruction
destruction
destruction
destruction
destruction
destructions
dethrone
devil
devil
devise
devour
devoured
did
did
did
did
did
did
did
did
did
did
did
did
did
did
did
did
did
did
did
did
did
did
did
did
did
did
did
did
did
did
did
did
did
did
did
did
did
did
did
did
did
did
did
did
did
did
did
did
did
did
did
did
did
did
did
did
did
did
did
did
did
did
did
did
did
did
did
did
did
did
did
did
did
did
did
did
did
did
did
did
did
did
did
did
did
did
did
did
did
did
did
did
did
did
did
did
did
did
did
did
did
did
did
did
did
did
did
did
did
did
did
did
did
did
did
did
did
did
did
did
did
did
did
did
did
did
did
did
did
did
did
did
did
did
did
did
did
did
did
did
did
did
did
did
did
did
did
did
did
did
did
did
did
did
did
did
did
did
did
did
did
did
did
did
did
did
did
did
did
did
did
did
did
did
did
did
did
did
did
did
did
did
did
did
did
did
did
did
did
did
did
did
did
did
did
did
did
did
did
did
did
did
did
did
did
did
did
did
did
did
did
did
did
did
did
did
did
did
did
did
did
did
did
did
did
did
did
did
did
did
did
didst
died
died
died
died
died
died
died
died
died
died
died
dig
directed
directed
directions
disciples
disciples
disciples
dish
dish
dish
dish
dish
dish
dispute
divided
divided
divides
divideth
divulge
do
do
do
do
do
do
do
do
do
do
do
do
do
do
do
do
do
do
do
do
do
do
doings
doings
done
done
done
done
done
done
done
done
done
done
done
done
done
done
done
done
door
door
doth
doth
doth
doubting
down
down
down
down
down
down
down
down
down
down
down
down
down
down
down
down
down
down
down
down
down
dream
drew
drew
drew
drew
drew
drive
drive
driven
driven
driven
driven
driven
driven
driven
drove
drunken
drunken
drunken
due
due
dust
dwell
dwell
dwell
dwellest
dwelleth
dwelt
dwelt
dwelt
dwelt
dwelt
dwelt
dwelt
dwelt
dwelt
dwelt
dwelt
dwelt
dwelt
dwelt
dwelt
dwelt
dwelt
dwindled
each
earth
earth
earth
earth
earth
earth
earth
earth
earth
earth
earth
earth
earth
earth
earth
earth
earth
earth
earth
earth
earth
earth
earth
earth
earth
earth
earth
earth
earth
earth
earth
earth
ease
eastward
eastward
egypt
eight
eight
eldest
elephants
elephants
embrace
emer
emer
emer
emer
emer
emer
emer
emer
emer
encompassed
encompassed
end
end
end
ends
ends
ends
ephraim
epistle
epistle
epistle
epistle
erect
especially
esrom
establish
established
established
esteemed
eternal
eternally
ethem
ethem
ethem
ethem
ethem
ether
ether
ether
ether
ether
ether
ether
ether
ether
ether
ether
ether
ether
ether
ether
ether
ether
ether
ether
even
even
even
even
even
even
even
even
even
even
even
even
even
even
even
even
even
even
even
even
even
even
even
even
even
even
even
even
even
even
even
even
even
even
even
even
even
even
even
even
even
even
even
even
even
even
even
even
even
even
even
even
everlasting
everlasting
every
every
every
every
every
every
every
every
every
every
evil
evil
evil
evil
evils
exceed
exceeding
exceeding
exceeding
exceeding
exceeding
exceeding
exceeding
exceeding
exceeding
exceeding
exceeding
exceeding
exceeding
exceeding
exceeding
exceeding
exceeding
exceeding
exceeding
exceeding
exceeding
exceeding
exceeding
exceeding
exceeding
exceeding
exceeding
exceeding
exceeding
exceeding
exceeding
exceeding
exceeding
exceeding
exceedingly
exceedingly
exceedingly
excellent
excellent
except
except
except
except
except
except
execute
execute
execute
execute
execute
execute
execute
execute
exercise
exhorting
expert
eye
eyes
eyes
eyes
eyes
eyes
eyes
face
face
face
face
face
face
face
face
face
face
face
face
face
face
face
face
face
face
face
face
face
face
face
face
face
face
face
face
face
face
face
face
face
face
face
face
face
face
fainted
fainted
fainted
fainted
fair
fair
fair
fair
fair
fair
fair
fair
faith
faith
faith
faith
faith
faith
faith
faith
faith
faith
faith
faith
faith
faith
faith
faith
faith
faith
faith
faith
faith
faith
faith
faith
faith
faith
faith
faith
faith
faith
faith
faith
faith
faith
faith
faith
faith
faithful
faithful
faithful
faithful
fall
fall
fall
fall
fall
fall
fallen
fallen
fallen
fallen
families
families
families
families
families
families
families
families
family
family
family
famine
famine
famine
famines
far
farewell
fast
father
father
father
father
father
father
father
father
father
father
father
father
father
father
father
father
father
father
father
father
father
father
father
father
father
father
father
father
father
father
father
father
father
father
father
father
father
father
father
father
father
father
father
father
father
father
father
father
father
father
father
father
father
father-in-law
father-in-law
fathers
fathers
fathers
fathers
fathers
fathers
fathers
fathers
favor
favor
favor
favored
favored
fear
fear
fear
fear
feared
feet
fell
fell
fell
fell
fell
fell
female
female
few
few
fierceness
fifty
fight
fighting
fighting
fill
find
find
findeth
fine
fine
fine
fine
fine
fine
fine
fine
finger
finger
finger
finger
finger
finger
finger
finger
finger
finger
finish
finished
fire
fire
fire
fire
first
first
first
first
first
first
first
first
first
fish
flatter
fled
fled
fled
fled
fled
fled
fled
fled
fled
fled
fled
fled
fled
fled
flee
flee
flee
flee
flee
flesh
flesh
flesh
flesh
flesh
flesh
flesh
flock
flocks
flocks
flocks
flocks
flocks
flood
floods
floods
floods
follow
follow
food
food
food
food
food
fools
for
for
for
for
for
for
for
for
for
for
for
for
for
for
for
for
for
for
for
for
for
for
for
for
for
for
for
for
for
for
for
for
for
for
for
for
for
for
for
for
for
for
for
for
for
for
for
for
for
for
for
for
for
for
for
for
for
for
for
for
for
for
for
for
for
for
for
for
for
for
for
for
for
for
for
for
for
for
for
for
for
for
for
for
for
for
for
for
for
for
for
for
for
for
for
for
for
for
for
for
for
for
for
for
for
for
for
for
for
for
for
for
for
for
for
for
for
for
for
for
for
for
for
for
for
for
for
for
for
for
for
for
for
for
for
for
for
for
for
for
for
for
for
for
for
for
for
forbidden
forbidden
forbidden
forbidden
forest
forever
forever
forgive
formed
forsake
forth
forth
forth
forth
forth
forth
forth
forth
forth
forth
forth
forth
forth
forth
forth
forth
forth
forth
forth
forth
forth
forth
forth
forth
forth
forth
forth
forth
forth
forth
forth
forth
forth
forth
forth
forth
forth
forth
forth
forth
forth
forth
forty
forty
forty
forty
forty
forty
forward
fought
fought
fought
fought
fought
fought
fought
fought
fought
fought
fought
found
found
foundation
foundation
foundation
foundation
fountain
fountain
four
four
four
four
four
four
four
four
four
four
fourth
fowl
fowls
free
freedom
friend
friend
friend
friends
friends
friends
friends
friends
friends
frightened
from
from
from
from
from
from
from
from
from
from
from
from
from
from
from
from
from
from
from
from
from
from
from
from
from
from
from
from
from
from
from
from
from
from
from
from
from
from
from
from
from
from
from
from
from
from
from
from
from
from
from
from
from
from
from
from
fruit
fruits
fulfilled
fulfilled
fulfilled
fulfilled
fulfilling
fulfilling
full
full
full
full
full
fully
fulness
fulness
fulness
fulness
fulness
fulness
fulness
fulness
furious
gain
gain
gain
gain
gain
gain
gain
gain
gain
gain
gained
gained
gained
gained
game
garment
garments
garments
gather
gather
gather
gather
gathered
gathered
gathered
gathered
gathered
gathered
gathered
gathered
gathered
gathered
gathering
gave
gave
gave
gave
gave
gave
gave
gave
gave
gave
gave
gave
gave
gave
gave
gave
gave
gave
gave
gave
gave
gave
gentiles
gentiles
gentiles
gentiles
gentiles
gentiles
gentiles
gentiles
gentiles
gentiles
gentiles
get
get
get
get
get
get
get
get
get
ghost
ghost
ghost
ghost
gift
gift
gift
gilead
gilgah
gilgal
gilgal
gilgal
give
give
give
give
give
give
give
give
give
give
give
give
give
give
give
give
give
give
give
give
give
give
give
given
given
given
given
given
giving
glad
glass
glorified
glorify
glorify
glory
glory
glory
go
go
go
go
go
go
go
go
go
go
go
go
go
go
go
go
go
go
go
go
go
go
go
goats
god
god
god
god
god
god
god
god
god
god
god
god
god
god
god
god
god
god
god
god
god
god
god
god
god
god
god
god
god
god
god
god
god
god
god
god
god
god
going
gold
gold
gold
gold
gold
gone
gone
good
good
good
good
good
good
good
good
good
good
good
gospel
gospel
got
grace
grace
grace
grace
grain
grain
grant
grave
graves
graves
great
great
great
great
great
great
great
great
great
great
great
great
great
great
great
great
great
great
great
great
great
great
great
great
great
great
great
great
great
great
great
great
great
great
great
great
great
great
great
great
great
great
great
great
great
great
great
great
great
great
great
greater
greater
greater
grievous
grievous
ground
had
had
had
had
had
had
had
had
had
had
had
had
had
had
had
had
had
had
had
had
had
had
had
had
had
had
had
had
had
had
had
had
had
had
had
had
had
had
had
had
had
had
had
had
had
had
had
had
had
had
had
had
had
had
had
had
had
had
had
had
had
had
had
had
had
had
had
had
had
had
had
had
had
had
had
had
had
had
had
had
had
had
had
had
had
had
had
had
had
had
had
had
had
had
had
had
had
had
had
had
had
had
had
had
had
had
had
had
had
had
had
had
had
had
half
half
half
half
half
half
half
hand
hand
hand
hand
hand
hand
hand
hand
hand
handed
hands
hands
hands
hands
hardened
hardened
hardness
hardness
has
has
has
has
hast
hast
hast
hast
hast
hast
hast
hast
hast
hast
hast
hast
hast
hast
hast
hast
hast
hast
hast
hast
hast
hast
hast
hast
hast
hast
hast
hast
hast
hath
hath
hath
hath
hath
hath
hath
hath
hath
hath
hath
hath
hath
hath
hath
hath
hath
hath
hath
hath
hath
hath
have
have
have
have
have
have
have
have
have
have
have
have
have
have
have
have
have
have
have
have
have
have
have
have
have
have
have
have
have
have
have
have
have
have
have
have
have
have
have
have
have
have
have
have
have
have
have
have
have
have
have
have
have
have
have
have
have
have
have
have
have
have
have
have
have
have
have
have
have
have
have
have
have
having
having
having
having
having
having
having
having
having
he
he
he
he
he
he
he
he
he
he
he
he
he
he
he
he
he
he
he
he
he
he
he
he
he
he
he
he
he
he
he
he
he
he
he
he
he
he
he
he
he
he
he
he
he
he
he
he
he
he
he
he
he
he
he
he
he
he
he
he
he
he
he
he
he
he
he
he
he
he
he
he
he
he
he
he
he
he
he
he
he
he
he
he
he
he
he
he
he
he
he
he
he
he
he
he
he
he
he
he
he
he
he
he
he
he
he
he
he
he
he
he
he
he
he
he
he
he
he
he
he
he
he
he
he
he
he
he
he
he
he
he
he
he
he
he
he
he
he
he
he
he
he
he
he
he
he
he
he
he
he
he
he
he
he
he
he
he
he
he
he
he
he
he
he
he
he
he
he
he
he
he
he
he
he
he
he
he
he
he
he
he
he
he
he
he
he
he
he
he
he
he
he
he
he
he
he
he
he
he
he
he
he
he
he
he
he
he
he
he
he
he
he
he
he
he
he
he
he
he
he
he
he
he
he
he
he
he
he
he
he
he
he
he
he
he
he
he
he
he
he
he
he
he
he
he
he
he
he
he
he
he
he
he
he
he
he
he
he
he
he
he
he
he
he
he
he
he
he
he
he
he
he
he
he
he
he
he
he
he
he
he
he
he
he
he
he
he
he
he
he
he
he
he
he
he
he
he
he
he
he
he
he
he
he
he
he
he
he
he
he
he
he
he
he
he
he
he
he
he
he
he
he
he
he
he
he
he
he
he
head
head
head
head
head
head
head
head-plates
heads
heaps
heaps
hear
heard
heard
heard
hearken
hearkened
heart
heart
heart
heart
heart
heart
hearthom
hearthom
hearthom
hearthom
hearthom
hearts
hearts
hearts
hearts
hearts
hearts
hearts
heaven
heaven
heaven
heaven
heavenly
heavens
heavens
heavens
heavens
heavy
hedge
height
help
henceforth
her
her
her
her
her
her
her
herds
herds
heshlon
heth
heth
heth
heth
heth
heth
heth
heth
heth
heth
heth
heth
hid
hid
hid
hid
hid
hide
hide
hide
high
high
highly
hill
hill
hill
hill
hill
hill
hill
hilt
him
him
him
him
him
him
him
him
him
him
him
him
him
him
him
him
him
him
him
him
him
him
him
him
him
him
him
him
him
him
him
him
him
him
him
him
him
him
him
him
him
him
him
him
him
him
him
him
him
him
him
him
him
him
him
him
him
him
him
him
him
him
him
him
him
him
him
him
him
him
him
him
him
him
him
him
him
him
him
him
him
him
him
him
him
him
him
him
him
him
him
him
him
him
him
him
him
him
him
him
him
him
him
himself
himself
himself
himself
himself
himself
himself
himself
himself
himself
himself
himself
himself
himself
himself
himself
himself
himself
himself
himself
himself
himself
his
his
his
his
his
his
his
his
his
his
his
his
his
his
his
his
his
his
his
his
his
his
his
his
his
his
his
his
his
his
his
his
his
his
his
his
his
his
his
his
his
his
his
his
his
his
his
his
his
his
his
his
his
his
his
his
his
his
his
his
his
his
his
his
his
his
his
his
his
his
his
his
his
his
his
his
his
his
his
his
his
his
his
his
his
his
his
his
his
his
his
his
his
his
his
his
his
his
his
his
his
his
his
his
his
his
his
his
his
his
his
his
his
his
his
his
his
his
his
his
his
his
his
his
his
his
his
his
his
his
his
his
his
his
his
his
his
his
his
his
his
his
his
his
his
his
his
his
his
his
his
his
his
his
his
his
his
his
his
his
his
his
his
his
his
his
his
his
his
his
his
his
his
his
his
his
his
his
his
his
his
his
his
his
his
his
his
his
his
his
his
his
his
his
his
his
his
his
his
his
his
his
his
his
his
his
his
his
his
his
his
hitherto
hitherto
hoe
hold
hole
hole
hole
holy
holy
holy
holy
holy
holy
holy
holy
holy
holy
honey
hope
hope
hope
hope
hope
hope
hope
hoped
horses
hours
hours
house
house
house
house
house
house
house
house
house
house
house
household
household
household
household
household
how
how
how
how
howbeit
howling
howlings
howlings
humble
humble
humble
humble
humbled
humbly
humbly
humility
hundred
hundred
hundred
hundredth
hunt
hunter
hunter
hurt
i
i
i
i
i
i
i
i
i
i
i
i
i
i
i
i
i
i
i
i
i
i
i
i
i
i
i
i
i
i
i
i
i
i
i
i
i
i
i
i
i
i
i
i
i
i
i
i
i
i
i
i
i
i
i
i
i
i
i
i
i
i
i
i
i
i
i
i
i
i
i
i
i
i
i
i
i
i
i
i
i
i
i
i
i
i
i
i
i
i
i
i
i
i
i
i
i
i
i
i
i
i
i
i
i
i
i
i
i
i
i
i
i
i
i
i
idolatries
idolatry
if
if
if
if
if
if
if
if
if
if
if
if
if
if
if
if
if
if
if
if
if
if
if
if
if
if
if
image
image
in
in
in
in
in
in
in
in
in
in
in
in
in
in
in
in
in
in
in
in
in
in
in
in
in
in
in
in
in
in
in
in
in
in
in
in
in
in
in
in
in
in
in
in
in
in
in
in
in
in
in
in
in
in
in
in
in
in
in
in
in
in
in
in
in
in
in
in
in
in
in
in
in
in
in
in
in
in
in
in
in
in
in
in
in
in
in
in
in
in
in
in
in
in
in
in
in
in
in
in
in
in
in
in
in
in
in
in
in
in
in
in
in
in
in
in
in
in
in
in
in
in
in
in
in
in
in
in
in
in
in
in
in
in
in
in
in
in
in
in
in
in
in
in
in
in
in
in
in
in
in
in
in
in
in
in
in
in
in
in
in
in
in
in
in
in
in
in
in
in
in
in
in
in
in
in
in
in
in
in
in
in
in
in
in
in
in
in
in
in
in
in
in
in
in
in
in
in
in
in
in
in
in
in
in
in
in
in
in
in
in
in
in
in
in
in
in
in
in
in
in
in
in
in
in
in
in
in
in
in
in
in
in
in
in
in
in
in
in
in
in
in
in
in
in
in
in
in
in
in
in
in
in
in
in
in
in
in
in
in
in
in
in
in
in
in
in
in
in
in
in
in
inasmuch
industrious
inhabitants
inhabitants
inhabitants
inhabitants
inhabitants
inhabitants
inhabitants
inhabitants
inherit
inheritance
inheritance
inheritance
inheritance
inheritance
inheritance
inheritance
iniquities
iniquities
iniquities
iniquities
iniquity
iniquity
iniquity
iniquity
iniquity
iniquity
iniquity
iniquity
iniquity
iniquity
iniquity
inquire
insomuch
insomuch
insomuch
insomuch
insomuch
insomuch
instructions
interpret
interpretation
interpretation
interpretation
interpreters
into
into
into
into
into
into
into
into
into
into
into
into
into
into
into
into
into
into
into
into
into
into
into
into
into
into
into
into
invite
iron
iron
is
is
is
is
is
is
is
is
is
is
is
is
is
is
is
is
is
is
is
is
is
is
is
is
is
is
is
is
is
is
is
is
is
is
is
is
is
is
is
is
is
is
is
is
is
is
israel
israel
israel
israel
israel
it
it
it
it
it
it
it
it
it
it
it
it
it
it
it
it
it
it
it
it
it
it
it
it
it
it
it
it
it
it
it
it
it
it
it
it
it
it
it
it
it
it
it
it
it
it
it
it
it
it
it
it
it
it
it
it
it
it
it
it
it
it
it
it
it
it
it
it
it
it
it
it
it
it
it
it
it
it
it
it
it
it
it
it
it
it
it
it
it
it
it
it
it
it
it
it
it
it
it
it
it
it
it
it
it
it
it
it
it
it
it
it
it
it
it
it
it
it
it
it
it
it
it
it
it
it
it
it
it
it
it
it
it
it
it
it
it
it
it
it
it
it
it
it
it
it
it
it
it
it
it
it
it
it
it
it
it
it
it
it
it
it
it
it
it
it
it
it
it
it
it
it
it
it
it
it
it
it
it
it
it
it
it
it
it
it
it
it
it
it
it
it
it
it
it
it
it
it
it
it
it
it
it
it
it
it
it
it
it
it
it
it
it
it
it
it
it
it
it
it
it
it
it
it
it
it
it
it
it
it
it
it
it
it
it
it
it
it
it
it
it
it
it
it
it
it
it
it
it
it
it
it
it
it
its
jacom
jared
jared
jared
jared
jared
jared
jared
jared
jared
jared
jared
jared
jared
jared
jared
jared
jared
jared
jared
jared
jared
jared
jared
jared
jared
jared
jared
jared
jared
jared
jared
jared
jared
jared
jared
jared
jared
jared
jared
jared
jared
jared
jared
jared
jared
jared
jared
jared
jared
jared
jared
jared
jared
jared
jared
jared
jared
jared
jared
jared
jared
jared
jared
jared
jared
jared
jared
jared
jared
jared
jared
jared
jared
jared
jared
jared
jared
jared
jared
jared
jared
jared
jared
jared
jared
jared
jealous
jerusalem
jerusalem
jerusalem
jerusalem
jerusalem
jerusalem
jerusalem
jerusalem
jerusalem
jesus
jesus
jesus
jesus
jesus
jesus
jesus
jesus
jesus
jesus
jesus
jesus
jews
john
join
joseph
joseph
joseph
joseph
joseph
joseph
joseph
joy
judge
judge
judgment
judgment
judgment
judgment
judgment
judgment
judgment
judgment
judgment
justice
justice
keep
keep
keep
kept
kept
kept
kept
kept
kept
kept
kib
kib
kib
kib
kib
kib
kib
kib
kill
killed
kim
kim
kim
kim
kim
kimmer
kind
kind
kind
kind
kind
kindreds
king
king
king
king
king
king
king
king
king
king
king
king
king
king
king
king
king
king
king
king
king
king
king
king
king
king
king
king
king
kingdom
kingdom
kingdom
kingdom
kingdom
kingdom
kingdom
kingdom
kingdom
kingdom
kingdom
kingdom
kingdom
kingdom
kingdom
kingdom
kingdom
kingdom
kingdom
kingdom
kingdom
kingdom
kingdom
kingdom
kingdom
kingdom
kingdom
kingdom
kingdom
kingdom
kingdom
kingdom
kingdom
kingdom
kingdom
kingdom
kingdom
kingdom
kingdom
kingdom
kingdom
kingdoms
kingdoms
kinsfolks
kish
kish
kish
kish
knew
knew
knew
knew
knew
know
know
know
know
know
know
know
know
know
know
know
know
know
know
know
know
know
know
know
knowest
knoweth
knowledge
knowledge
knowledge
known
known
known
labor
labor
laid
lamanites
lamanites
lamanites
lamanites
lamb
lamb
lamentation
lamentations
land
land
land
land
land
land
land
land
land
land
land
land
land
land
land
land
land
land
land
land
land
land
land
land
land
land
land
land
land
land
land
land
land
land
land
land
land
land
land
land
land
land
land
land
land
land
land
land
land
land
land
land
land
land
land
land
land
land
land
land
land
land
land
land
land
land
land
land
land
land
land
land
land
land
land
land
land
land
land
land
land
land
land
land
land
land
land
land
land
land
land
land
land
land
land
land
land
land
land
land
land
land
land
land
land
land
land
land
land
land
lands
lands
lands
lands
lands
lands
lands
lands
language
language
language
language
language
language
large
large
large
last
last
last
last
last
last
last
last
lasted
lasting
law
law
lay
lay
lay
lay
laying
leadeth
leadeth
leading
leaned
leaving
led
left
left
lehi
lehi
lend
length
length
lest
lest
lest
let
let
let
let
levi
levi
levi
levi
liar
liar
lib
lib
lib
lib
lib
lib
lib
lib
lib
lib
lib
lib
lib
lib
lib
lib
lib
lib
lib
lib
lib
lie
lie
lies
life
life
life
life
life
life
life
lifted
lifted
light
light
light
light
light
light
light
light
light
light
light
light
light
like
like
like
like
like
like
like
like
like
like
like
like
likeness
limhi
limhi
linen
linen
little
little
little
live
live
live
live
live
lived
lived
lived
lived
lives
lives
lives
lives
long
long
long
longer
longer
look
looks
lord
lord
lord
lord
lord
lord
lord
lord
lord
lord
lord
lord
lord
lord
lord
lord
lord
lord
lord
lord
lord
lord
lord
lord
lord
lord
lord
lord
lord
lord
lord
lord
lord
lord
lord
lord
lord
lord
lord
lord
lord
lord
lord
lord
lord
lord
lord
lord
lord
lord
lord
lord
lord
lord
lord
lord
lord
lord
lord
lord
lord
lord
lord
lord
lord
lord
lord
lord
lord
lord
lord
lord
lord
lord
lord
lord
lord
lord
lord
lord
lord
lord
lord
lord
lord
lord
lord
lord
lord
lord
lord
lord
lord
lord
lord
lord
lord
lord
lord
lord
lord
lord
lord
lord
lord
lord
lord
lord
lord
lord
lord
lord
lord
lord
lord
lord
lord
lord
lord
lord
lord
lord
lord
lord
lord
lord
lord
lord
lord
lord
lord
lord
lord
lord
lord
lord
lord
lord
lord
lord
lord
lord
lord
lord
lord
lord
lord
lord
lord
lord
lord
lord
lord
lord
lord
lord
lord
lord
lord
lord
lose
lose
loss
loss
loss
loss
loss
loss
loss
lost
love
love
loved
made
made
made
made
made
made
made
made
made
made
made
made
made
made
made
made
made
made
made
made
madest
magnify
mahah
maid
maintain
make
make
make
make
make
make
make
make
make
make
maketh
male
male
man
man
man
man
man
man
man
man
man
man
man
man
man
man
man
man
man
man
man
man
man
man
man
man
man
man
man
man
man
man
man
man
man
man
man
man
manifest
manifest
manifest
manifest
manifest
manifest
manifest
manifestations
manifested
mankind
manner
manner
manner
manner
manner
manner
manner
manner
manner
manner
manner
manner
manner
manner
manner
manner
manner
manner
manner
manner
manner
manner
manner
manner
manner
manner
mansions
mansions
mansions
many
many
many
many
many
many
many
many
many
many
many
many
many
many
many
many
many
many
many
many
many
many
many
many
many
many
many
many
many
many
many
many
many
many
many
many
many
many
many
many
many
many
many
many
many
many
mar
march
march
march
marvellous
marvellous
marvellous
marvellous
mattereth
mattereth
may
may
may
may
may
may
may
may
may
may
may
may
may
may
may
may
may
may
may
may
may
may
may
may
may
may
may
may
may
may
me
me
me
me
me
me
me
me
me
me
me
me
me
me
me
me
me
me
me
me
me
me
me
me
me
me
me
me
me
me
me
me
me
me
me
me
me
me
me
me
me
me
me
me
me
me
me
means
means
meek
meet
meet
meet
meet
memory
men
men
men
men
men
men
men
men
men
men
men
men
men
men
men
men
men
men
men
men
men
men
men
men
men
men
men
men
men
men
men
men
men
men
men
men
men
mercies
merciful
merciful
merciful
merciful
mercy
metals
midst
might
might
might
might
might
might
might
might
might
might
might
might
might
might
might
might
mightest
mights
mighty
mighty
mighty
mighty
mighty
mighty
mighty
mighty
mighty
mighty
mighty
mighty
mighty
mighty
mighty
millions
millions
mind
minds
mine
mine
mine
mine
mine
mine
minister
ministered
ministered
miracle
miracle
miracles
miracles
mock
mock
mock
mock
money
monster
more
more
more
more
more
more
more
more
more
more
more
more
more
more
more
moriancumer
morianton
morianton
morianton
morianton
morianton
mormon
morning
moron
moron
moron
moron
moron
moron
moron
moron
moron
moron
moron
moron
moron
moron
moroni
moroni
moroni
moroni
moroni
moroni
moroni
moroni
moroni
moroni
moroni
morrow
morrow
morrow
morrow
morrow
morrow
morrow
moses
most
moulten
moulten
moulten
mount
mount
mount
mount
mount
mount
mountain
mountain
mountain
mourn
mourned
mourned
mournings
mouth
mouth
mouth
mouth
moved
much
much
much
much
much
much
much
multiply
multitude
murder
murder
murdered
murdered
murdered
murdered
murderer
murderous
murders
must
must
must
must
must
must
my
my
my
my
my
my
my
my
my
my
my
my
my
my
my
my
my
my
my
my
my
my
my
my
my
my
my
my
my
my
my
my
my
my
my
my
my
my
my
my
my
my
my
my
my
my
myself
myself
nakedness
name
name
name
name
name
name
name
name
name
name
name
name
name
name
name
name
name
name
name
name
narrow
nation
nation
nation
nation
nation
nation
nations
nations
natures
nay
near
near
near
nearly
nearly
neck
nehor
nehor
neither
neither
neither
neither
neither
neither
neither
neither
neither
neither
neither
nephi
nephi
nephites
nephites
nephites
nephites
nephites
never
never
never
never
never
never
never
never
never
nevertheless
nevertheless
nevertheless
nevertheless
nevertheless
nevertheless
nevertheless
nevertheless
nevertheless
nevertheless
nevertheless
nevertheless
nevertheless
nevertheless
new
new
new
new
new
new
new
new
night
night
night
night
night
night
night
night
night
night
night
night
night
night
night
nimrah
nimrah
nimrod
nimrod
nimrod
nimrod
nine
nine
no
no
no
no
no
no
no
no
no
no
no
no
no
no
no
no
no
no
no
no
no
no
noah
noah
noah
noah
noah
noah
noah
none
none
none
none
none
none
nor
north
north
north
northward
northward
northward
not
not
not
not
not
not
not
not
not
not
not
not
not
not
not
not
not
not
not
not
not
not
not
not
not
not
not
not
not
not
not
not
not
not
not
not
not
not
not
not
not
not
not
not
not
not
not
not
not
not
not
not
not
not
not
not
not
not
not
not
not
not
not
not
not
not
not
not
not
not
not
not
not
not
not
not
not
not
not
not
not
not
not
not
not
not
not
not
not
not
not
not
not
not
not
not
not
not
not
not
not
not
not
not
not
not
not
not
not
not
not
not
nothing
notwithstanding
nought
now
now
now
now
now
now
now
now
now
now
now
now
now
now
now
now
now
now
now
now
now
now
now
now
now
now
now
now
now
now
now
now
now
now
now
now
now
now
now
now
now
now
now
number
number
number
number
number
number
number
numbered
numbered
numerous
o
o
o
o
o
o
o
o
o
o
o
o
o
o
o
o
o
o
oath
oaths
oaths
oaths
oaths
obtain
obtain
obtain
obtain
obtain
obtain
obtain
obtain
obtain
obtain
obtained
obtained
obtained
obtained
obtained
obtained
obtained
obtained
obtained
obtained
of
of
of
of
of
of
of
of
of
of
of
of
of
of
of
of
of
of
of
of
of
of
of
of
of
of
of
of
of
of
of
of
of
of
of
of
of
of
of
of
of
of
of
of
of
of
of
of
of
of
of
of
of
of
of
of
of
of
of
of
of
of
of
of
of
of
of
of
of
of
of
of
of
of
of
of
of
of
of
of
of
of
of
of
of
of
of
of
of
of
of
of
of
of
of
of
of
of
of
of
of
of
of
of
of
of
of
of
of
of
of
of
of
of
of
of
of
of
of
of
of
of
of
of
of
of
of
of
of
of
of
of
of
of
of
of
of
of
of
of
of
of
of
of
of
of
of
of
of
of
of
of
of
of
of
of
of
of
of
of
of
of
of
of
of
of
of
of
of
of
of
of
of
of
of
of
of
of
of
of
of
of
of
of
of
of
of
of
of
of
of
of
of
of
of
of
of
of
of
of
of
of
of
of
of
of
of
of
of
of
of
of
of
of
of
of
of
of
of
of
of
of
of
of
of
of
of
of
of
of
of
of
of
of
of
of
of
of
of
of
of
of
of
of
of
of
of
of
of
of
of
of
of
of
of
of
of
of
of
of
of
of
of
of
of
of
of
of
of
of
of
of
of
of
of
of
of
of
of
of
of
of
of
of
of
of
of
of
of
of
of
of
of
of
of
of
of
of
of
of
of
of
of
of
of
of
of
of
of
of
of
of
of
of
of
of
of
of
of
of
of
of
of
of
of
of
of
of
of
of
of
of
of
of
of
of
of
of
of
of
of
of
of
of
of
of
of
of
of
of
of
of
of
of
of
of
of
of
of
of
of
of
of
of
of
of
of
of
of
of
of
of
of
of
of
of
of
of
of
of
of
of
of
of
of
of
of
of
of
of
of
of
of
of
of
of
of
of
of
of
of
of
of
of
of
of
of
of
of
of
of
of
of
of
of
of
of
of
of
of
of
of
of
of
of
of
of
of
of
of
of
of
of
of
of
of
of
of
of
of
of
of
of
of
of
of
of
of
of
of
of
of
of
of
of
of
of
of
of
of
of
of
of
of
of
of
of
of
of
of
of
of
of
of
of
of
of
of
of
of
of
of
of
of
of
of
of
of
of
of
of
of
of
of
of
of
of
of
of
of
of
of
of
of
of
of
of
of
of
of
of
of
of
of
of
of
of
of
of
of
of
of
of
of
of
of
of
of
of
of
of
of
of
of
of
of
of
of
of
of
of
of
of
of
of
of
of
of
of
of
of
of
of
of
of
of
of
of
of
of
of
of
of
of
of
of
of
of
of
of
of
of
of
of
of
of
of
of
of
of
of
of
of
of
of
of
of
of
of
of
of
of
of
of
of
of
of
of
of
of
of
of
of
of
of
of
of
of
of
of
of
of
of
of
of
of
of
of
of
of
of
of
of
of
of
of
of
of
of
of
of
of
of
of
of
of
of
of
of
of
of
of
of
of
of
of
of
of
of
of
of
of
of
of
of
of
of
of
of
of
of
of
of
of
of
of
of
of
of
of
of
of
of
of
of
of
of
of
of
of
of
of
of
of
of
of
of
of
of
of
of
of
of
of
of
of
of
of
of
of
of
of
of
of
of
of
of
of
of
of
of
of
of
of
of
of
of
of
of
of
of
of
of
of
of
of
of
of
of
of
of
of
of
of
of
of
of
of
of
of
of
of
of
of
of
off
off
off
off
off
off
off
off
off
off
off
off
off
offer
ogath
old
old
old
old
old
old
old
old
old
old
old
old
old
old
old
old
old
old
old
old
old
old
old
old
old
old
old
old
omer
omer
omer
omer
omer
omer
omer
omer
omer
omer
omer
omer
omer
omer
omer
on
on
on
on
on
on
on
on
on
on
on
one
one
one
one
one
one
one
one
one
one
one
one
one
one
one
only
only
only
opened
or
or
or
or
or
or
or
or
or
or
or
or
or
or
or
or
or
or
or
order
order
ore
ore
orihah
orihah
orihah
orihah
orihah
other
other
other
other
other
other
other
other
other
other
others
others
otherwise
our
our
our
our
our
our
our
our
our
our
our
our
our
our
our
our
our
our
our
out
out
out
out
out
out
out
out
out
out
out
out
out
out
out
out
out
out
out
out
out
out
out
out
out
out
outcasts
over
over
over
over
over
over
over
over
over
over
over
over
over
over
over
over
over
over
over
over
over
over
overpowering
overthrow
overthrow
overthrow
overthrow
overthrow
overthrow
overthrow
own
own
own
own
own
own
own
own
own
own
oxen
pagag
pagag
parents
part
part
part
part
part
part
part
part
partakers
partakers
partakers
pass
pass
pass
pass
pass
pass
pass
pass
pass
pass
pass
pass
pass
pass
pass
pass
pass
pass
pass
pass
pass
pass
pass
pass
pass
pass
pass
pass
pass
pass
pass
pass
pass
pass
pass
pass
pass
pass
pass
pass
pass
pass
pass
pass
pass
pass
pass
pass
pass
pass
pass
pass
pass
pass
pass
pass
pass
pass
pass
pass
pass
pass
pass
pass
pass
pass
pass
pass
pass
pass
pass
pass
pass
pass
pass
pass
pass
pass
pass
pass
pass
pass
pass
pass
pass
pass
pass
pass
pass
pass
pass
pass
pass
pass
pass
pass
pass
pass
pass
pass
pass
pass
pass
pass
pass
pass
pass
pass
pass
pass
pass
pass
pass
pass
pass
pass
pass
pass
pass
pass
pass
pass
pass
pass
pass
pass
pass
pass
pass
pass
pass
pass
pass
pass
pass
pass
pass
pass
pass
pass
pass
pass
pass
pass
pass
pass
pass
pass
pass
pass
pass
pass
pass
pass
pass
pass
pass
pass
pass
pass
pass
pass
pass
pass
pass
pass
pass
pass
pass
pass
pass
pass
pass
pass
passed
passed
passed
pay
peace
peace
peace
peace
peaked
people
people
people
people
people
people
people
people
people
people
people
people
people
people
people
people
people
people
people
people
people
people
people
people
people
people
people
people
people
people
people
people
people
people
people
people
people
people
people
people
people
people
people
people
people
people
people
people
people
people
people
people
people
people
people
people
people
people
people
people
people
people
people
people
people
people
people
people
people
people
people
people
people
people
people
people
people
people
people
people
people
people
people
people
people
people
people
people
people
people
people
people
people
people
people
people
people
people
people
people
people
people
people
people
people
people
people
people
people
people
people
people
people
people
people
people
people
people
people
people
people
people
people
perfect
performed
perish
perish
perish
perish
perish
perish
perish
perish
perish
perished
persuaded
persuadeth
persuadeth
pestilences
pieces
pitch
pitch
pitched
pitched
pitched
pitched
pitched
pitched
pits
pity
place
place
place
place
place
place
place
place
place
place
place
place
placed
placed
placing
plain
plains
plains
plains
plains
plan
plans
plans
plans
plans
plates
plates
plates
plates
plead
please
pleased
plough
plunder
poison
poisonous
poisonous
poisonous
poisonous
possess
possess
possess
possess
possess
possess
possess
possible
pour
pour
power
power
power
power
power
power
power
power
power
power
power
power
power
power
power
power
power
power
power
power
power
power
power
power
power
powerful
praise
praise
praises
praises
prayed
precious
prepare
prepare
prepare
prepare
prepare
prepare
prepare
prepared
prepared
prepared
prepared
prepared
prepared
prepared
prepared
prepared
prepared
prepared
prepared
prepared
prepared
prepared
prepared
presence
presence
presence
presence
preserve
preserved
preserving
press
press
prevail
prey
priest
prison
prison
prison
prison
prison
prison
prisons
privileged
proceed
proceed
proceed
proceed
proceed
promise
promise
promise
promise
promise
promise
promise
promised
promised
promised
promised
promised
promised
promises
property
prophecies
prophecies
prophesied
prophesied
prophesied
prophesied
prophesied
prophesy
prophesy
prophesy
prophesy
prophesying
prophet
prophets
prophets
prophets
prophets
prophets
prophets
prophets
prophets
prophets
prophets
prophets
prophets
prophets
prophets
prophets
prophets
prosper
prosper
prosper
prosper
prosper
prospered
protection
prove
pursue
pursue
pursue
pursue
pursue
pursue
pursue
pursue
pursued
pursued
put
put
put
put
put
put
put
quarter
quarter
quarters
raging
rain
rain
rains
raise
raise
raise
raise
raise
raised
raising
ramah
read
read
read
reap
rebel
rebelled
rebelled
rebelled
rebelled
rebellion
rebellion
rebellion
receded
receive
receive
receive
receive
receive
receive
receive
receive
receive
receive
received
received
received
received
received
received
receiving
record
record
record
record
record
record
record
record
record
record
record
record
record
record
records
recovered
redeem
redeem
redeemed
refined
refused
refused
refused
reign
reign
reign
reign
reign
reign
reign
reign
reign
reign
reign
reign
reign
reign
reign
reign
reign
reigned
reigned
reigned
reigned
reigned
reigned
reigned
reigned
reigned
reigned
reigned
reigned
reigned
reject
rejected
rejected
rejected
rejoice
remain
remain
remainder
remainder
remainder
remainder
remainder
remember
remember
remember
remember
remember
remember
remember
remembered
remembered
remembered
remembered
rememberest
remnant
remnant
remnant
remnant
remove
removed
rend
rend
rend
repent
repent
repent
repent
repent
repent
repent
repent
repent
repent
repent
repent
repent
repent
repent
repentance
repentance
repentance
repentance
repented
repented
repented
repented
repented
repented
repented
rest
rested
restored
restored
restored
retired
retired
returned
returned
revelations
revelations
revile
revile
revive
rich
rich
rich
riches
right
right
right
right
righteous
righteous
righteous
righteousness
righteousness
righteousness
righteousness
righteousness
righteousness
righteousness
righteousness
ripe
ripened
ripened
riplakish
riplakish
riplakish
riplakish
riplakish
riplakish
riplakish
ripliancum
risen
robber
robbers
robbers
rock
rock
rock
rock
rock
rock
rose
round
s
sacred
said
said
said
said
said
said
said
said
said
said
said
said
said
said
said
said
said
said
said
said
said
said
said
said
said
said
said
said
said
said
said
said
said
saints
saith
saith
saith
saith
saith
saith
saith
saith
saith
saith
sake
same
same
same
same
same
same
same
same
sanctified
sanctuary
sat
sat
satan
satan
save
save
save
save
save
save
save
save
save
save
save
save
save
save
saved
saved
saved
saw
saw
saw
saw
saw
saw
saw
saw
saw
saw
saw
saw
saw
saw
saw
saw
saw
saw
saw
saw
sawest
say
say
saying
saying
saying
saying
saying
saying
saying
scattered
scattered
scattered
scene
scent
scent
scripture
sea
sea
sea
sea
sea
sea
sea
sea
sea
sea
sea
sea
sea
seal
seal
seal
seal
seal
seal
sealed
sealed
search
seashore
seashore
seashore
seashore
seashore
seat
second
second
second
secret
secret
secret
secret
secret
secret
secret
secret
secret
secret
secret
secret
secret
secret
secret
see
see
see
see
see
see
seed
seed
seed
seed
seed
seed
seed
seed
seed
seeds
seeing
seek
seek
seeketh
seen
seen
seen
seen
seen
seen
seen
seen
seen
seen
seen
seen
seest
sell
send
send
send
sense
sent
sent
sent
sent
serpents
serpents
serpents
serpents
serpents
servant
servant
serve
serve
serve
serve
serve
serve
serve
served
set
set
set
seth
seth
seth
seven
shake
shall
shall
shall
shall
shall
shall
shall
shall
shall
shall
shall
shall
shall
shall
shall
shall
shall
shall
shall
shall
shall
shall
shall
shall
shall
shall
shall
shall
shall
shall
shall
shall
shall
shall
shall
shall
shall
shall
shall
shall
shall
shall
shall
shall
shall
shall
shall
shall
shall
shall
shall
shall
shall
shall
shall
shall
shall
shall
shall
shall
shall
shall
shall
shall
shall
shall
shall
shall
shall
shall
shall
shall
shall
shall
shall
shall
shall
shall
shall
shall
shall
shall
shall
shall
shall
shall
shall
shall
shall
shall
shall
shall
shall
shall
shall
shall
shall
shall
shall
shall
shall
shall
shall
shall
shall
shall
shall
shall
shall
shalt
shalt
shalt
shalt
shalt
shalt
shalt
shared
shared
shared
shared
shared
shared
shared
shared
shared
shared
shared
shared
shared
she
she
she
shed
shed
shed
shedding
shedding
shedding
shedding
sheep
shelem
shelf
shew
shew
shew
shew
shew
shew
shew
shew
shew
shew
shew
shew
shew
shew
shew
shew
shew
shew
shewed
shewed
shewed
shewed
shewed
shewed
shewed
shewed
shewed
shewed
shewed
shewed
shewn
shewn
shewn
shewn
shewn
shez
shez
shez
shez
shez
shez
shez
shez
shez
shiblom
shiblom
shiblom
shiblom
shiblom
shiblom
shiblon
shiblon
shields
shields
shim
shine
shine
shine
shiz
shiz
shiz
shiz
shiz
shiz
shiz
shiz
shiz
shiz
shiz
shiz
shiz
shiz
shiz
shiz
shiz
shiz
shiz
shiz
shiz
shiz
shiz
shiz
shiz
shiz
shiz
shiz
shiz
shiz
shiz
shore
shores
should
should
should
should
should
should
should
should
should
should
should
should
should
should
should
should
should
should
should
should
should
should
should
should
should
should
should
should
should
should
should
should
should
should
should
should
should
should
should
should
should
should
should
should
should
should
should
should
should
should
should
should
should
should
should
should
should
should
should
should
should
should
should
should
should
should
should
should
should
should
should
should
should
should
should
shoulders
shule
shule
shule
shule
shule
shule
shule
shule
shule
shule
shule
shule
shule
shule
shule
shule
shule
shule
shule
shule
shule
shule
shule
shule
shule
shule
shurr
shurr
shut
shut
shut
sides
sides
siege
sight
sight
sight
sight
sight
sight
sight
sight
signs
silks
silks
silver
silver
silver
silver
sin
sin
sing
sing
sins
sins
sins
sitting
situation
sixteen
sixty
sixty
slain
slain
slain
slain
slain
slain
slain
slain
slain
slay
slay
slay
slay
slay
slay
slept
slept
slept
slept
slew
slew
slew
slew
slew
small
small
small
small
smite
smite
smite
smitten
smitten
smote
smote
smote
smote
snares
so
so
so
so
so
so
so
so
so
so
so
so
so
so
so
so
so
so
so
so
so
society
society
some
some
some
somewhat
son
son
son
son
son
son
son
son
son
son
son
son
son
son
son
son
son
son
son
son
son
son
son
son
son
son
son
son
son
son
son
son
son
son
son
son
son
son
son
son
son
sons
sons
sons
sons
sons
sons
sons
sons
sons
sons
sons
sons
sons
sons
sons
sons
sons
sons
sons
sons
sons
sons
sons
sons
sons
sons
sons
sons
sons
sons
sons
sons
sons
sons
sons
sons
sons
sons
sons
soon
sore
sore
sore
sore
sore
sore
sorrow
sorrow
sorrow
sorrowful
sorrows
sought
sought
sought
sought
sought
sought
sought
sought
soul
soul
souls
souls
souls
souls
sound
southward
southward
southward
southward
southward
sow
space
space
space
space
space
space
space
space
space
space
space
space
space
space
space
space
space
spacious
spake
spake
spake
spake
spake
spare
spare
spare
spare
spare
speak
speak
speak
speak
speak
speakest
speaketh
speaketh
speaketh
speaking
speedy
spirit
spirit
spirit
spirit
spirit
spirit
spirit
spirit
spirit
spirit
spoken
spoken
spoken
spoken
spoken
spoken
spoken
spoken
spoken
spotted
spread
spread
spread
spread
spread
spreading
stand
stand
stand
state
stature
stead
stead
stead
stead
stead
stead
stead
stead
stead
stead
stead
stead
stead
stead
stead
stead
stead
stead
stead
stead
steadfast
steel
steer
steps
steps
stirred
stirred
stoned
stones
stones
stones
stones
stones
stones
stones
stones
stones
stood
stood
stop
stop
strength
strength
strength
strength
strength
strength
stretched
strewed
strive
striving
strong
strong
strong
strong
strong
strong
struck
struggled
studied
stumble
subsist
such
such
such
such
such
such
such
suffer
suffer
suffer
suffer
suffer
suffer
suffer
suffer
suffer
suffer
suffered
suffered
sufficeth
sufficient
sufficient
sufficient
sufficiently
sun
support
suppose
sure
surely
surety
surety
swallowed
sware
swarms
swear
swear
sweepeth
swept
swept
swept
swept
swept
swift
swine
sword
sword
sword
sword
sword
sword
sword
sword
sword
sword
sword
sword
sword
sword
swords
swords
swords
swords
swords
swords
swore
sworn
sworn
sworn
sworn
take
take
take
take
take
take
take
take
taken
taken
taken
talent
talk
talk
talk
talked
talked
talked
taste
taught
taught
taught
tax
taxes
taxes
taxes
tears
telleth
tempests
tender
tent
tents
tents
tents
tents
tents
tents
tents
tents
tents
terrible
terrible
terrible
testified
testimony
testimony
than
than
than
than
than
thank
that
that
that
that
that
that
that
that
that
that
that
that
that
that
that
that
that
that
that
that
that
that
that
that
that
that
that
that
that
that
that
that
that
that
that
that
that
that
that
that
that
that
that
that
that
that
that
that
that
that
that
that
that
that
that
that
that
that
that
that
that
that
that
that
that
that
that
that
that
that
that
that
that
that
that
that
that
that
that
that
that
that
that
that
that
that
that
that
that
that
that
that
that
that
that
that
that
that
that
that
that
that
that
that
that
that
that
that
that
that
that
that
that
that
that
that
that
that
that
that
that
that
that
that
that
that
that
that
that
that
that
that
that
that
that
that
that
that
that
that
that
that
that
that
that
that
that
that
that
that
that
that
that
that
that
that
that
that
that
that
that
that
that
that
that
that
that
that
that
that
that
that
that
that
that
that
that
that
that
that
that
that
that
that
that
that
that
that
that
that
that
that
that
that
that
that
that
that
that
that
that
that
that
that
that
that
that
that
that
that
that
that
that
that
that
that
that
that
that
that
that
that
that
that
that
that
that
that
that
that
that
that
that
that
that
that
that
that
that
that
that
that
that
that
that
that
that
that
that
that
that
that
that
that
that
that
that
that
that
that
that
that
that
that
that
that
that
that
that
that
that
that
that
that
that
that
that
that
that
that
that
that
that
that
that
that
that
that
that
that
that
that
that
that
that
that
that
that
that
that
that
that
that
that
that
that
that
that
that
that
that
that
that
that
that
that
that
that
that
that
that
that
that
that
that
that
that
that
that
that
that
that
that
that
that
that
that
that
that
that
that
that
that
that
that
that
that
that
that
that
that
that
that
that
that
that
that
that
that
that
that
that
that
that
that
that
that
that
that
that
that
that
that
that
that
that
that
that
that
that
that
that
that
that
that
that
that
that
that
that
that
that
that
that
that
that
that
that
that
that
that
that
that
that
that
that
that
that
that
that
that
that
that
that
that
that
that
that
that
that
that
that
that
that
that
that
that
that
that
that
that
that
that
that
that
that
that
that
that
that
that
that
that
that
that
that
that
that
that
that
that
that
that
that
that
that
that
that
that
the
the
the
the
the
the
the
the
the
the
the
the
the
the
the
the
the
the
the
the
the
the
the
the
the
the
the
the
the
the
the
the
the
the
the
the
the
the
the
the
the
the
the
the
the
the
the
the
the
the
the
the
the
the
the
the
the
the
the
the
the
the
the
the
the
the
the
the
the
the
the
the
the
the
the
the
the
the
the
the
the
the
the
the
the
the
the
the
the
the
the
the
the
the
the
the
the
the
the
the
the
the
the
the
the
the
the
the
the
the
the
the
the
the
the
the
the
the
the
the
the
the
the
the
the
the
the
the
the
the
the
the
the
the
the
the
the
the
the
the
the
the
the
the
the
the
the
the
the
the
the
the
the
the
the
the
the
the
the
the
the
the
the
the
the
the
the
the
the
the
the
the
the
the
the
the
the
the
the
the
the
the
the
the
the
the
the
the
the
the
the
the
the
the
the
the
the
the
the
the
the
the
the
the
the
the
the
the
the
the
the
the
the
the
the
the
the
the
the
the
the
the
the
the
the
the
the
the
the
the
the
the
the
the
the
the
the
the
the
the
the
the
the
the
the
the
the
the
the
the
the
the
the
the
the
the
the
the
the
the
the
the
the
the
the
the
the
the
the
the
the
the
the
the
the
the
the
the
the
the
the
the
the
the
the
the
the
the
the
the
the
the
the
the
the
the
the
the
the
the
the
the
the
the
the
the
the
the
the
the
the
the
the
the
the
the
the
the
the
the
the
the
the
the
the
the
the
the
the
the
the
the
the
the
the
the
the
the
the
the
the
the
the
the
the
the
the
the
the
the
the
the
the
the
the
the
the
the
the
the
the
the
the
the
the
the
the
the
the
the
the
the
the
the
the
the
the
the
the
the
the
the
the
the
the
the
the
the
the
the
the
the
the
the
the
the
the
the
the
the
the
the
the
the
the
the
the
the
the
the
the
the
the
the
the
the
the
the
the
the
the
the
the
the
the
the
the
the
the
the
the
the
the
the
the
the
the
the
the
the
the
the
the
the
the
the
the
the
the
the
the
the
the
the
the
the
the
the
the
the
the
the
the
the
the
the
the
the
the
the
the
the
the
the
the
the
the
the
the
the
the
the
the
the
the
the
the
the
the
the
the
the
the
the
the
the
the
the
the
the
the
the
the
the
the
the
the
the
the
the
the
the
the
the
the
the
the
the
the
the
the
the
the
the
the
the
the
the
the
the
the
the
the
the
the
the
the
the
the
the
the
the
the
the
the
the
the
the
the
the
the
the
the
the
the
the
the
the
the
the
the
the
the
the
the
the
the
the
the
the
the
the
the
the
the
the
the
the
the
the
the
the
the
the
the
the
the
the
the
the
the
the
the
the
the
the
the
the
the
the
the
the
the
the
the
the
the
the
the
the
the
the
the
the
the
the
the
the
the
the
the
the
the
the
the
the
the
the
the
the
the
the
the
the
the
the
the
the
the
the
the
the
the
the
the
the
the
the
the
the
the
the
the
the
the
the
the
the
the
the
the
the
the
the
the
the
the
the
the
the
the
the
the
the
the
the
the
the
the
the
the
the
the
the
the
the
the
the
the
the
the
the
the
the
the
the
the
the
the
the
the
the
the
the
the
the
the
the
the
the
the
the
the
the
the
the
the
the
the
the
the
the
the
the
the
the
the
the
the
the
the
the
the
the
the
the
the
the
the
the
the
the
the
the
the
the
the
the
the
the
the
the
the
the
the
the
the
the
the
the
the
the
the
the
the
the
the
the
the
the
the
the
the
the
the
the
the
the
the
the
the
the
the
the
the
the
the
the
the
the
the
the
the
the
the
the
the
the
the
the
the
the
the
the
the
the
the
the
the
the
the
the
the
the
the
the
the
the
the
the
the
the
the
the
the
the
the
the
the
the
the
the
the
the
the
the
the
the
the
the
the
the
the
the
the
the
the
the
the
the
the
the
the
the
the
the
the
the
the
the
the
the
the
the
the
the
the
the
the
the
the
the
the
the
the
the
the
the
the
the
the
the
the
the
the
the
the
the
the
the
the
the
the
the
the
the
the
the
the
the
the
the
the
the
the
the
the
the
the
the
the
the
the
the
the
the
the
the
the
the
the
the
the
the
the
the
the
the
the
the
the
the
the
the
the
the
the
the
the
the
the
the
the
the
the
the
the
the
the
the
the
the
the
the
the
the
the
the
the
the
the
the
the
the
the
the
the
the
the
the
the
the
the
the
the
the
the
the
the
the
the
the
the
the
the
the
the
the
the
the
the
the
the
the
the
the
the
the
the
the
the
the
the
the
the
the
the
the
the
the
the
the
the
the
the
the
the
the
the
the
the
the
the
the
the
the
the
the
the
the
the
the
the
the
the
the
the
the
the
the
the
the
the
the
the
the
the
the
the
the
the
the
the
the
the
the
the
the
the
the
the
the
the
the
the
the
the
the
the
the
the
the
the
the
the
the
the
the
the
the
the
the
the
the
the
the
the
the
the
the
the
the
the
the
the
the
the
the
the
the
the
the
the
the
the
the
the
the
the
the
the
the
the
the
the
the
the
the
the
the
the
the
the
the
the
the
the
the
the
the
the
the
the
the
the
the
the
the
the
the
the
the
the
the
the
the
the
the
the
the
the
the
the
the
the
the
the
the
the
the
the
the
the
the
the
the
the
the
the
the
the
the
the
the
the
the
the
the
the
the
the
the
the
the
the
the
the
the
the
the
the
the
the
the
the
the
the
the
the
the
the
the
the
the
the
the
the
the
the
the
the
the
the
the
the
the
the
the
the
the
the
the
the
the
the
the
the
the
the
the
the
the
the
the
the
the
the
the
the
the
the
the
the
the
the
the
the
the
the
the
the
the
the
the
the
the
the
the
the
the
the
the
the
the
the
the
the
the
the
the
the
the
the
the
the
the
the
the
the
the
the
the
the
the
the
the
the
the
the
the
the
the
thee
thee
thee
thee
thee
thee
thee
thee
thee
thee
thee
thee
thee
thee
thee
their
their
their
their
their
their
their
their
their
their
their
their
their
their
their
their
their
their
their
their
their
their
their
their
their
their
their
their
their
their
their
their
their
their
their
their
their
their
their
their
their
their
their
their
their
their
their
their
their
their
their
their
their
their
their
their
their
their
their
their
their
their
their
their
their
their
their
their
their
their
their
their
their
their
their
their
their
their
their
their
their
their
their
their
their
their
their
their
their
their
their
their
them
them
them
them
them
them
them
them
them
them
them
them
them
them
them
them
them
them
them
them
them
them
them
them
them
them
them
them
them
them
them
them
them
them
them
them
them
them
them
them
them
them
them
them
them
them
them
them
them
them
them
them
them
them
them
them
them
them
them
them
them
them
them
them
them
them
them
them
them
them
them
them
them
them
them
them
them
them
them
them
them
them
them
them
them
them
them
them
them
them
them
them
them
them
them
them
them
them
them
them
them
them
them
them
them
them
them
them
them
them
them
them
them
them
them
them
them
them
them
them
them
them
them
them
them
them
them
them
them
them
them
them
them
them
them
themselves
themselves
themselves
themselves
themselves
themselves
themselves
then
then
then
then
then
then
then
then
then
then
then
thence
there
there
there
there
there
there
there
there
there
there
there
there
there
there
there
there
there
there
there
there
there
there
there
there
there
there
there
there
there
there
there
there
there
there
there
there
there
there
there
there
there
there
there
there
there
there
there
there
there
there
there
there
there
there
there
there
there
there
there
there
there
there
there
there
thereby
thereby
thereby
therefore
therefore
therefore
therefore
therefore
therefore
therefore
therefore
therefore
therefore
therefore
therefore
therefore
therefore
therefore
therefore
therefore
therefore
therefore
therefore
therefore
therefore
therefore
therefore
therein
thereof
thereof
thereof
thereof
thereof
thereof
thereof
thereof
thereof
thereof
thereof
thereof
thereof
thereof
thereof
thereof
thereof
thereof
thereof
thereof
thereof
these
these
these
these
these
these
these
these
these
these
these
these
these
these
these
these
these
these
these
these
these
these
these
these
these
these
these
these
these
these
these
these
these
these
these
these
these
these
they
they
they
they
they
they
they
they
they
they
they
they
they
they
they
they
they
they
they
they
they
they
they
they
they
they
they
they
they
they
they
they
they
they
they
they
they
they
they
they
they
they
they
they
they
they
they
they
they
they
they
they
they
they
they
they
they
they
they
they
they
they
they
they
they
they
they
they
they
they
they
they
they
they
they
they
they
they
they
they
they
they
they
they
they
they
they
they
they
they
they
they
they
they
they
they
they
they
they
they
they
they
they
they
they
they
they
they
they
they
they
they
they
they
they
they
they
they
they
they
they
they
they
they
they
they
they
they
they
they
they
they
they
they
they
they
they
they
they
they
they
they
they
they
they
they
they
they
they
they
they
they
they
they
they
they
they
they
they
they
they
they
they
they
they
they
they
they
they
they
they
they
they
they
they
they
they
they
they
they
they
they
they
they
they
they
they
they
they
they
they
they
they
they
they
they
they
they
they
they
they
they
they
they
they
they
they
they
they
they
they
they
they
they
they
they
they
they
they
they
they
they
they
they
they
they
they
they
they
they
they
they
they
they
they
they
they
they
they
they
they
they
they
they
they
they
they
they
they
they
they
they
they
they
they
they
they
they
they
they
they
they
they
they
they
they
they
they
they
they
they
they
they
they
they
they
they
they
they
they
they
they
they
they
they
they
they
they
they
they
they
they
they
they
thigh
thine
thing
thing
thing
thing
thing
thing
thing
thing
thing
thing
things
things
things
things
things
things
things
things
things
things
things
things
things
things
things
things
things
things
things
things
things
things
things
things
things
things
things
things
things
things
things
things
things
things
things
things
things
things
things
things
things
things
things
things
things
things
things
things
things
things
things
things
things
things
things
things
things
things
things
things
things
things
things
third
third
thirty
thirty
thirty
thirty
this
this
this
this
this
this
this
this
this
this
this
this
this
this
this
this
this
this
this
this
this
this
this
this
this
this
this
this
this
this
this
this
this
this
this
this
this
this
this
this
this
this
this
this
this
this
this
this
this
those
those
those
those
those
those
those
those
those
those
those
thou
thou
thou
thou
thou
thou
thou
thou
thou
thou
thou
thou
thou
thou
thou
thou
thou
thou
thou
thou
thou
thou
thou
thou
thou
thou
thou
thou
thou
thou
thou
thou
thou
thou
thou
thou
thou
thou
thou
thou
thou
thou
thou
thou
thou
thou
thou
thou
thou
thou
thou
thou
thou
thou
thou
thou
though
thought
thoughts
thousands
thrash
three
three
three
three
three
three
three
three
three
three
throne
throne
throne
throne
throne
throne
through
through
throughout
throughout
throughout
throughout
thus
thus
thus
thus
thus
thus
thus
thus
thus
thus
thus
thus
thy
thy
thy
thy
thy
thy
thy
thy
thy
thy
thy
thy
thy
thy
thy
thy
thy
thy
thy
thy
thy
thyself
thyself
thyself
tight
tight
tight
tight
tight
tight
tight
till
till
till
time
time
time
time
time
time
time
time
time
time
time
time
time
time
time
time
time
times
times
to
to
to
to
to
to
to
to
to
to
to
to
to
to
to
to
to
to
to
to
to
to
to
to
to
to
to
to
to
to
to
to
to
to
to
to
to
to
to
to
to
to
to
to
to
to
to
to
to
to
to
to
to
to
to
to
to
to
to
to
to
to
to
to
to
to
to
to
to
to
to
to
to
to
to
to
to
to
to
to
to
to
to
to
to
to
to
to
to
to
to
to
to
to
to
to
to
to
to
to
to
to
to
to
to
to
to
to
to
to
to
to
to
to
to
to
to
to
to
to
to
to
to
to
to
to
to
to
to
to
to
to
to
to
to
to
to
to
to
to
to
to
to
to
to
to
to
to
to
to
to
to
to
to
to
to
to
to
to
to
to
to
to
to
to
to
to
to
to
to
to
to
to
to
to
to
to
to
to
to
to
to
to
to
to
to
to
to
to
to
to
to
to
to
to
to
to
to
to
to
to
to
to
to
to
to
to
to
to
to
to
to
to
to
to
to
to
to
to
to
to
to
to
to
to
to
to
to
to
to
to
to
to
to
to
to
to
to
to
to
to
to
to
to
to
to
to
to
to
to
to
to
to
to
to
to
to
to
to
to
to
to
to
to
to
to
to
to
to
to
to
to
to
to
to
to
to
to
to
to
to
to
to
to
to
to
to
to
to
to
to
to
to
to
to
to
to
to
to
to
to
to
to
to
to
to
to
to
to
to
to
to
to
to
to
to
to
to
to
to
to
to
to
to
to
to
to
to
to
to
to
to
to
to
to
to
to
to
to
to
to
to
to
to
to
to
to
to
to
to
to
to
to
to
to
to
to
to
to
to
to
to
to
to
to
to
to
to
to
to
to
to
to
to
to
to
to
to
to
to
to
to
to
to
to
to
to
to
to
to
to
to
to
to
to
to
to
together
together
together
together
together
together
together
together
together
together
together
together
together
together
told
told
told
took
took
took
took
tool
tools
tools
top
top
top
top
tossed
touch
touch
touched
towards
towards
towards
tower
tower
tower
traffic
translate
translated
transparent
transpired
transpired
travel
travel
travelled
treasure
tree
trial
troubled
true
true
true
truly
truly
truly
trumpet
truth
truth
truth
tumble
turn
turn
turn
twelve
twenty
twenty
twenty
twenty
twenty
twenty
twined
two
two
two
two
two
two
two
two
two
two
two
two
two
two
two
two
two
two
two
two
type
unbelief
unbelief
unbelief
unbelief
under
under
under
under
under
under
understand
understanding
unfolded
unfolding
unstop
until
until
until
until
until
until
until
until
until
until
until
until
until
until
until
until
until
until
until
until
until
until
until
until
until
until
until
until
until
until
unto
unto
unto
unto
unto
unto
unto
unto
unto
unto
unto
unto
unto
unto
unto
unto
unto
unto
unto
unto
unto
unto
unto
unto
unto
unto
unto
unto
unto
unto
unto
unto
unto
unto
unto
unto
unto
unto
unto
unto
unto
unto
unto
unto
unto
unto
unto
unto
unto
unto
unto
unto
unto
unto
unto
unto
unto
unto
unto
unto
unto
unto
unto
unto
unto
unto
unto
unto
unto
unto
unto
unto
unto
unto
unto
unto
unto
unto
unto
unto
unto
unto
unto
unto
unto
unto
unto
unto
unto
unto
unto
unto
unto
unto
unto
unto
unto
unto
unto
unto
unto
unto
unto
unto
unto
unto
unto
unto
unto
unto
unto
unto
unto
unto
unto
unto
unto
unto
unto
unto
unto
unto
unto
unto
unto
unto
unto
unto
unto
unto
unto
unto
unto
unto
unto
unto
unto
unto
unto
unto
unto
unto
unto
unto
unto
unto
unto
unto
unto
unto
unto
unto
unto
unto
unto
unto
unto
unto
unto
unto
unto
unto
unto
unto
unto
unto
unto
unto
unto
unto
unto
unto
unto
unto
unto
unto
unto
unto
unto
unto
unto
unto
unto
unto
unto
unto
unto
unto
unto
unto
unto
unto
unto
unto
unto
unto
unto
unto
unto
unto
unto
unto
unto
unto
unto
unto
unto
unto
unto
unto
unto
unto
unto
unto
unto
unto
unto
unto
unto
unto
unto
unto
unto
unto
unto
unto
unto
unto
unworthy
up
up
up
up
up
up
up
up
up
up
up
up
up
up
up
up
up
up
up
up
up
up
up
up
up
up
up
up
up
up
up
up
up
up
up
up
up
up
up
up
up
up
up
up
up
up
up
up
up
up
up
up
up
up
up
uphold
upon
upon
upon
upon
upon
upon
upon
upon
upon
upon
upon
upon
upon
upon
upon
upon
upon
upon
upon
upon
upon
upon
upon
upon
upon
upon
upon
upon
upon
upon
upon
upon
upon
upon
upon
upon
upon
upon
upon
upon
upon
upon
upon
upon
upon
upon
upon
upon
upon
upon
upon
upon
upon
upon
upon
upon
upon
upon
upon
upon
upon
upon
upon
upon
upon
upon
upon
upon
upon
upon
upon
upon
upon
upon
upon
upon
upon
upon
upon
upon
upon
upon
upon
upon
upon
upon
upon
upon
upon
upon
upon
upon
upon
upon
upon
upon
upon
upon
upon
upon
upon
upon
upon
upon
upon
upon
upon
upon
upon
us
us
us
us
us
us
us
us
us
us
us
us
us
us
us
us
useful
useful
utter
utterly
valley
valley
valley
valley
valley
valley
valley
valley
valley
valley
vary
veil
veil
veil
veil
veil
veil
vengeance
vengeance
very
very
vessel
vessels
vessels
vessels
vessels
vessels
vessels
vessels
vessels
viewing
viewing
visit
visit
voice
walk
walk
walk
walk
walk
war
war
war
war
war
war
war
war
war
war
war
war
war
warned
wars
wars
wars
was
was
was
was
was
was
was
was
was
was
was
was
was
was
was
was
was
was
was
was
was
was
was
was
was
was
was
was
was
was
was
was
was
was
was
was
was
was
was
was
was
was
was
was
was
was
was
was
was
was
was
was
was
was
was
was
was
was
was
was
was
was
was
was
was
was
was
was
was
was
was
was
was
was
was
was
was
was
was
was
was
was
was
was
was
was
was
was
was
was
was
was
was
was
was
was
was
was
was
was
was
was
was
was
was
was
was
was
was
was
was
was
was
was
was
was
was
was
was
was
was
was
was
was
was
was
was
was
was
was
was
was
was
was
was
was
was
was
was
was
was
was
was
was
was
was
was
was
was
was
was
was
was
was
was
was
was
was
washed
water
water
water
water
water
water
water
water
water
waters
waters
waters
waters
waters
waters
waters
waters
waters
waters
waves
waves
waves
waves
wax
wax
waxed
way
way
way
way
way
way
way
ways
we
we
we
we
we
we
we
we
we
we
we
we
we
we
we
we
we
we
we
we
we
we
we
we
we
we
we
we
we
we
we
weak
weakness
weakness
weakness
weakness
weakness
weakness
weakness
weakness
weakness
weakness
weapons
weapons
weary
went
went
went
went
went
went
went
went
went
went
went
went
went
went
were
were
were
were
were
were
were
were
were
were
were
were
were
were
were
were
were
were
were
were
were
were
were
were
were
were
were
were
were
were
were
were
were
were
were
were
were
were
were
were
were
were
were
were
were
were
were
were
were
were
were
were
were
were
were
were
were
were
were
were
were
were
were
were
were
were
were
were
were
were
were
were
were
were
were
were
were
were
were
were
were
were
were
were
were
were
were
were
were
were
were
were
were
were
were
were
were
were
were
were
were
were
were
were
were
were
were
were
were
whale
whale
what
what
what
what
whatsoever
whatsoever
whatsoever
whatsoever
whatsoever
whatsoever
whatsoever
whatsoever
whatsoever
when
when
when
when
when
when
when
when
when
when
when
when
when
when
when
when
when
when
when
when
when
when
when
when
when
when
when
when
when
when
when
when
when
when
when
when
when
when
when
when
when
when
when
when
when
when
when
when
when
when
when
when
when
when
when
whence
where
where
where
where
where
where
where
whereby
whereby
wherefore
wherefore
wherefore
wherefore
wherefore
wherefore
wherefore
wherefore
wherefore
wherefore
wherefore
wherefore
wherefore
wherefore
wherefore
wherefore
wherefore
wherefore
wherefore
wherefore
wherefore
wherefore
wherefore
wherefore
wherefore
wherefore
wherefore
wherefore
wherefore
wherefore
wherefore
wherefore
wherefore
wherefore
wherefore
wherefore
wherefore
wherefore
wherefore
wherefore
wherefore
wherefore
wherefore
wherefore
wherefore
wherefore
wherefore
wherefore
wherefore
wherefore
wherefore
wherefore
wherefore
wherefore
wherefore
wherefore
wherefore
wherefore
wherefore
wherefore
wherefore
whereunto
wherfore
whether
whether
whether
which
which
which
which
which
which
which
which
which
which
which
which
which
which
which
which
which
which
which
which
which
which
which
which
which
which
which
which
which
which
which
which
which
which
which
which
which
which
which
which
which
which
which
which
which
which
which
which
which
which
which
which
which
which
which
which
which
which
which
which
which
which
which
which
which
which
which
which
which
which
which
which
which
which
which
which
which
which
which
which
which
which
which
which
which
which
which
which
which
which
which
which
which
which
which
which
which
which
which
which
which
which
which
which
which
which
which
which
which
which
which
which
which
which
which
which
which
which
which
which
which
which
which
which
which
which
which
which
which
which
which
which
which
which
which
which
which
which
which
which
which
which
which
which
which
which
which
which
which
which
which
which
which
which
which
which
which
which
which
which
which
which
which
which
which
which
which
which
which
which
which
which
which
which
which
which
which
which
which
which
which
which
which
which
which
which
which
which
which
which
which
which
which
which
which
which
which
which
which
which
which
which
which
which
which
which
which
which
which
which
which
which
which
which
which
which
which
which
which
which
while
while
while
whit
white
whither
whither
whither
whither
whither
whithersoever
who
who
who
who
who
who
who
who
who
whole
whole
whole
whom
whom
whom
whom
whom
whom
whom
whom
whoredoms
whoredoms
whoredoms
whose
whose
whose
whose
whose
whose
whoso
whoso
whoso
whoso
whoso
whoso
whoso
whoso
whoso
whoso
why
wicked
wicked
wicked
wicked
wicked
wicked
wickedness
wickedness
wickedness
wickedness
wickedness
wickedness
wickedness
wickedness
wickedness
wickedness
wickedness
wife
wife
wife
wife
wife
wife
wife
wilderness
wilderness
wilderness
wilderness
wilderness
wilderness
wilderness
wilderness
wilderness
wilderness
wilderness
will
will
will
will
will
will
will
will
will
will
will
will
will
will
will
will
will
will
will
will
will
will
will
will
will
will
will
will
will
will
will
will
will
will
will
will
will
will
will
will
will
will
will
will
will
will
will
will
will
will
will
will
will
wilt
wilt
wilt
wind
wind
wind
wind
wind
windows
winds
winds
wine
wisdom
wisdom
wise
with
with
with
with
with
with
with
with
with
with
with
with
with
with
with
with
with
with
with
with
with
with
with
with
with
with
with
with
with
with
with
with
with
with
with
with
with
with
with
with
with
with
with
with
with
with
with
with
with
with
with
with
with
with
with
with
with
with
with
with
with
with
with
with
with
with
with
with
with
with
with
withdrew
withheld
withhold
withhold
within
within
within
without
witness
witnesses
wives
wives
wives
wives
wo
women
women
women
women
women
won
word
word
word
word
word
word
word
word
word
words
words
words
words
words
words
words
words
words
words
words
words
words
words
words
words
words
words
words
words
words
work
work
work
work
work
work
work
work
work
work
work
work
work
work
work
work
workest
workest
worketh
workmanship
workmanship
works
works
world
world
world
world
world
world
world
world
world
world
world
world
world
world
world
world
world
worms
would
would
would
would
would
would
would
would
would
would
would
would
would
would
would
would
would
would
would
would
would
would
would
would
would
would
would
would
would
would
would
would
would
would
would
would
would
would
would
would
wounded
wounded
wounded
wounds
wounds
wrath
wrath
wrath
wrath
wrath
wrath
wrath
wrath
wrath
write
write
write
write
write
write
write
write
write
write
write
write
write
write
write
writing
writing
writing
writing
writing
written
written
written
written
written
written
written
written
written
wrote
wrote
wrote
wrote
wrote
wrote
wrought
wrought
wrought
wrought
wrought
wrought
ye
ye
ye
ye
ye
ye
ye
ye
ye
ye
ye
ye
ye
ye
ye
ye
ye
ye
ye
ye
ye
ye
ye
ye
ye
ye
ye
ye
ye
ye
ye
ye
ye
ye
ye
ye
ye
ye
ye
ye
ye
ye
ye
ye
ye
ye
ye
ye
ye
ye
ye
ye
ye
ye
ye
ye
ye
ye
ye
ye
ye
ye
ye
ye
ye
ye
ye
ye
ye
ye
ye
ye
ye
yea
yea
yea
yea
yea
yea
yea
yea
yea
yea
yea
yea
yea
yea
yea
yea
yea
yea
yea
yea
yea
yea
yea
yea
yea
year
year
year
year
year
year
years
years
years
years
years
years
years
years
years
years
years
years
years
years
years
years
years
years
years
years
years
years
years
years
years
years
yet
yet
you
you
you
you
you
you
you
you
you
you
you
you
you
you
you
you
you
you
you
you
you
you
you
you
you
you
you
you
you
young
your
your
your
your
your
your
your
your
your
your
your
zarahemla
zerin
