






























































































































































































































































































































































































































































































































































































































































































































































































































































































































































































































































































































































































































































































































































































































































































































































































--
--
--
--
--
--
--
--
--
a
a
a
a
a
a
a
a
a
a
a
a
a
a
a
a
a
a
a
a
a
a
a
a
a
a
a
a
a
a
a
a
a
a
a
a
a
a
a
a
a
a
a
a
a
a
a
a
a
a
a
a
a
a
a
a
a
a
a
a
a
a
able
able
abominable
abominable
abominable
abominable
abomination
abomination
abominations
abominations
abound
about
about
about
about
about
about
about
about
about
above
above
abraham
abundantly
according
according
according
according
according
according
according
according
according
according
according
according
according
according
according
according
according
according
according
according
according
according
according
according
according
accounted
adieu
administer
admonish
afflicted
afflicted
afflictions
after
after
after
after
after
after
after
after
after
again
again
again
again
again
again
again
again
again
again
again
again
again
again
again
again
again
against
against
against
against
against
against
against
against
against
against
against
against
against
against
against
against
against
against
against
against
against
alive
alive
all
all
all
all
all
all
all
all
all
all
all
all
all
all
all
all
all
all
all
all
all
all
all
all
all
all
all
all
all
all
all
all
all
all
all
all
all
all
all
all-powerful
almighty
almost
alone
already
also
also
also
also
also
also
also
also
also
also
also
also
also
also
also
also
also
also
also
also
also
also
also
also
also
also
also
also
also
also
also
am
am
am
am
amen
among
among
among
among
among
among
among
an
an
an
an
an
and
and
and
and
and
and
and
and
and
and
and
and
and
and
and
and
and
and
and
and
and
and
and
and
and
and
and
and
and
and
and
and
and
and
and
and
and
and
and
and
and
and
and
and
and
and
and
and
and
and
and
and
and
and
and
and
and
and
and
and
and
and
and
and
and
and
and
and
and
and
and
and
and
and
and
and
and
and
and
and
and
and
and
and
and
and
and
and
and
and
and
and
and
and
and
and
and
and
and
and
and
and
and
and
and
and
and
and
and
and
and
and
and
and
and
and
and
and
and
and
and
and
and
and
and
and
and
and
and
and
and
and
and
and
and
and
and
and
and
and
and
and
and
and
and
and
and
and
and
and
and
and
and
and
and
and
and
and
and
and
and
and
and
and
and
and
and
and
and
and
and
and
and
and
and
and
and
and
and
and
and
and
and
and
and
and
and
and
and
and
and
and
and
and
and
and
and
and
and
and
and
and
and
and
and
and
and
and
and
and
and
and
and
and
and
and
and
and
and
and
and
and
and
and
and
and
and
and
and
and
and
and
and
and
and
and
and
and
and
and
and
and
and
and
and
and
and
and
and
and
and
and
and
and
and
and
and
and
and
and
and
and
and
and
and
and
and
and
and
and
and
and
and
and
and
and
and
and
and
and
and
and
and
and
and
and
and
and
and
and
and
and
and
and
and
and
and
and
and
and
and
and
and
and
and
and
and
and
and
and
and
and
and
and
and
and
and
and
and
and
and
and
and
and
and
and
and
and
and
and
and
and
and
and
and
and
and
and
and
and
and
and
and
and
and
and
and
and
and
and
and
and
and
and
and
and
and
and
and
and
and
and
and
and
and
and
and
and
and
and
and
and
and
and
and
and
and
and
and
and
and
and
and
and
and
and
and
and
and
and
and
and
and
and
and
and
and
and
and
and
and
and
and
and
and
and
and
and
and
and
and
and
and
and
and
and
and
and
and
and
and
and
and
and
and
and
and
and
and
and
and
and
and
and
and
and
and
and
and
and
and
and
and
and
and
and
and
and
and
and
and
and
and
and
and
and
and
and
and
and
and
and
and
and
and
and
and
and
and
and
and
and
and
and
and
and
and
and
and
and
and
and
and
and
and
and
and
and
and
and
and
and
and
and
and
and
and
and
and
and
and
and
and
and
and
and
and
and
and
and
and
and
and
and
and
and
and
and
and
and
and
and
and
and
and
and
and
and
and
and
and
and
and
and
and
and
and
and
and
and
and
and
and
and
and
and
and
angels
angels
angels
anger
anointed
another
another
another
answered
answering
anxiety
anxiety
anxiety
any
any
any
apparel
appeareth
are
are
are
are
are
are
are
are
are
are
are
are
are
are
are
are
are
are
are
are
are
are
are
are
are
are
are
are
are
are
are
are
are
are
are
are
are
are
are
are
arm
arm
armies
arms
arouse
art
art
as
as
as
as
as
as
as
as
as
as
as
as
as
as
as
as
as
as
as
as
as
as
as
as
as
as
ascendeth
ascendeth
astonished
at
at
at
at
at
at
atonement
atonement
atonement
attain
attain
awake
away
away
away
away
away
away
away
away
away
away
away
away
away
away
away
away
away
away
away
away
away
away
away
away
away
away
away
awful
awful
awful
awful
bad
bad
bad
bad
bad
bad
bad
bad
bad
bad
bad
bad
bar
bar
bar
be
be
be
be
be
be
be
be
be
be
be
be
be
be
be
be
be
be
be
be
be
be
be
be
be
be
be
be
be
be
be
be
be
be
be
be
be
be
be
be
be
be
be
be
be
be
be
be
be
be
be
be
be
be
be
be
be
be
be
be
be
be
be
be
be
be
be
bear
bear
became
became
because
because
because
because
because
because
because
because
because
because
because
because
because
because
because
because
because
because
because
because
because
because
because
because
because
because
because
because
because
because
because
because
because
because
because
because
because
because
because
because
become
become
become
become
become
become
become
become
become
become
become
become
become
become
become
become
becometh
been
been
been
been
been
been
been
been
been
been
been
been
been
been
been
been
been
been
been
been
before
before
before
before
before
before
before
before
before
before
before
before
before
before
before
before
before
began
began
began
began
began
began
began
began
began
began
began
began
began
began
began
began
beggineth
begin
begin
begin
beginning
beginning
beginning
beginning
begotten
begotten
beheld
beheld
beheld
beheld
beheld
beheldest
beheldest
behold
behold
behold
behold
behold
behold
behold
behold
behold
behold
behold
behold
behold
behold
behold
behold
behold
behold
behold
behold
behold
behold
behold
behold
behold
behold
behold
behold
behold
behold
behold
behold
behold
behold
behold
behold
behold
behold
behold
behold
behold
behold
behold
behold
behold
behold
behold
behold
behold
behold
behold
behold
behold
behold
behold
behold
behold
behold
behold
behold
behold
behold
behold
behold
behold
behold
behold
behold
behold
behold
behold
behold
behold
behold
beholdest
beholdest
beholdest
beholdest
being
being
being
being
being
believe
believed
believed
believest
beloved
beloved
beloved
beloved
beloved
beloved
beloved
beloved
beloved
beseech
best
better
better
beyond
bid
bid
bitter
bitter
bitter
blasphemy
blessed
blessed
blessed
blindness
blindness
blood
bloodsheds
body
boldness
born
both
both
both
branch
branch
branch
branch
branch
branch
branches
branches
branches
branches
branches
branches
branches
branches
branches
branches
branches
branches
branches
branches
branches
branches
branches
branches
branches
branches
branches
branches
branches
branches
branches
branches
branches
branches
branches
branches
branches
branches
branches
branches
branches
branches
branches
branches
branches
branches
branches
branches
branches
branches
branches
branches
branches
branches
branches
branches
brethren
brethren
brethren
brethren
brethren
brethren
brethren
brethren
brethren
brethren
brethren
brethren
brethren
brethren
brethren
brethren
brethren
brethren
brethren
brethren
brethren
brethren
brethren
brethren
brethren
brethren
brethren
brethren
brethren
brimstone
brimstone
brimstone
bring
bring
bring
bring
bring
bring
bring
bring
bring
bring
bring
bring
bring
bring
broken
broken
broken
brother
brother
brother
brother
brother
brought
brought
brought
brought
brought
brought
brought
brought
brought
brought
brought
brought
brought
brought
brought
brought
brought
brought
brought
brought
brought
brought
brought
brought
build
build
build
burdeneth
burn
burned
burned
burned
burned
burthens
but
but
but
but
but
but
but
but
but
but
but
but
but
but
but
but
but
but
but
but
but
but
but
but
but
but
but
but
but
but
but
but
but
but
but
but
by
by
by
by
by
by
by
by
by
by
by
by
by
by
by
by
by
by
by
by
by
by
&c
call
call
call
call
called
called
called
called
called
calleth
calling
came
came
came
came
came
came
came
came
came
came
came
came
came
came
came
came
came
came
came
came
came
came
came
came
came
came
came
came
came
came
came
came
came
came
came
came
came
came
came
came
came
came
came
came
came
came
came
came
came
came
came
came
came
came
came
came
came
can
can
can
can
can
can
can
can
cannot
cannot
cannot
cannot
cannot
canst
captive
captive
care
case
cast
cast
cast
cast
cast
cast
cast
cast
cast
cast
cast
cast
cast
cast
cast
cast
cast
cast
cast
cast
cause
cause
cause
cause
cause
caused
caused
causeth
change
chaste
chastity
children
children
children
children
children
children
children
children
children
choice
christ
christ
christ
christ
christ
christ
christ
christ
christ
christ
christ
christ
christ
christ
christ
christ
christ
christ
christ
christ
christ
christ
christ
christ
christ
christ
christ
clear
clear
clear
cleave
cleaveth
clothe
come
come
come
come
come
come
come
come
come
come
come
come
come
come
come
come
come
come
come
come
come
come
come
comest
cometh
cometh
cometh
cometh
cometh
cometh
cometh
cometh
coming
command
command
command
commanded
commanded
commandment
commandment
commandment
commandment
commandment
commandment
commandment
commandment
commandments
commandments
commandments
commandments
commandments
commandments
commands
commands
commands
commands
commit
committed
committed
committing
concerning
concerning
concerning
concerning
concerning
concerning
concerning
concerning
concerning
concerning
concerning
concerning
concerning
concerning
concerning
concerning
concerning
concerning
concerning
concerning
conclude
concubines
concubines
concubines
concubines
condemnation
condemneth
condescentions
confess
confessed
confidence
confound
confoundeth
conquerors
consecrated
consequences
considered
console
consoling
constrained
contempt
contend
contentions
contentions
continually
continue
convert
corner
corrupt
corrupt
corrupt
corrupt
corrupt
corrupted
corrupted
corrupted
corrupted
costliness
could
could
could
could
could
could
could
could
counsel
counsel
counsel
counseleth
created
created
created
created
creator
creator
cries
crime
crimes
crimes
cross
cry
cumber
cumber
cumber
cumber
cumbered
curse
cursed
cursed
cursed
cursed
cursing
cursings
cut
daggers
darkness
daughters
daughters
daughters
david
david
david
day
day
day
day
day
day
day
day
day
day
day
day
days
days
days
days
days
death
death
death
death
decay
decay
deceived
declare
declare
declare
declare
declare
declaring
deep
defence
degree
delicate
delicate
delighted
delighteth
delivered
denied
denied
denied
deniest
deny
deny
deny
depths
desire
desire
desired
desired
desiring
desirous
despise
despised
destroy
destroy
destroy
destroy
destruction
destruction
destruction
destruction
devil
devil
devil
devil
devised
did
did
did
did
did
did
did
did
did
did
did
did
did
did
did
did
didst
die
die
die
die
died
died
died
difficulty
dig
dig
dig
dig
digged
digged
digged
diligence
diligence
diligent
diligent
diligently
diligently
diligently
diligently
diligently
distinguish
do
do
do
do
do
do
do
do
do
do
do
do
do
do
do
do
doctrine
doctrine
doctrine
done
done
done
done
done
done
done
done
done
done
done
done
done
done
doth
down
down
down
down
down
down
down
down
down
down
down
down
down
down
down
down
down
down
down
draweth
draweth
draweth
draweth
dread
dream
dug
dung
dunged
dunged
dust
dust
earth
earth
earth
earth
earth
earth
earth
end
end
end
end
end
end
end
end
end
end
end
endless
enemies
engraven
engraven
engraven
engraven
engraving
enlarge
enos
enter
enter
enter
equal
equal
equal
errand
eternal
eternal
eternal
eternity
even
even
even
even
even
even
even
even
even
ever
ever
every
every
evil
evil
evil
evil
evil
evil
evil
example
examples
exceeding
exceeding
exceedingly
exceedingly
exceedingly
exceedingly
exceedingly
except
except
except
excuse
extended
eye
eye
face
face
faculties
fair
faith
faith
faith
faith
faith
faith
fall
familiar
farewell
farewell
faster
father
father
father
father
fathers
fathers
fathers
fathers
fear
fear
fear
fear
feast
feasting
feed
feelings
fell
fell
few
few
few
few
fifty
filthiness
filthiness
filthiness
filthiness
filthiness
filthy
filthy
finally
find
fire
fire
fire
fire
fire
fire
fire
fire
fire
fire
fire
fire
fire
fire
fire
fire
fire
firm
firmness
firmness
first
first
first
first
first
first
first
first
first
first
firstly
five
flames
flattering
flattery
flesh
flesh
flesh
for
for
for
for
for
for
for
for
for
for
for
for
for
for
for
for
for
for
for
for
for
for
for
for
for
for
for
for
for
for
for
for
for
for
for
for
for
for
for
for
for
for
for
for
for
for
for
for
for
for
for
for
for
for
for
for
for
for
for
for
for
for
for
for
for
for
for
for
for
for
for
for
for
for
for
for
for
for
for
for
for
for
for
for
for
for
for
for
for
for
for
for
for
for
for
for
forever
forever
forever
forgotten
fornications
forth
forth
forth
forth
forth
forth
forth
forth
forth
forth
forth
forth
forth
forth
forth
forth
forth
forth
forth
forth
forth
forth
forth
forth
forth
forth
forth
forth
forth
forth
forth
forth
forth
forth
forth
forth
forth
forth
forth
forth
fortify
found
foundation
foundation
foundation
friendly
from
from
from
from
from
from
from
from
from
from
from
from
from
from
from
from
from
from
from
from
from
from
from
fruit
fruit
fruit
fruit
fruit
fruit
fruit
fruit
fruit
fruit
fruit
fruit
fruit
fruit
fruit
fruit
fruit
fruit
fruit
fruit
fruit
fruit
fruit
fruit
fruit
fruit
fruit
fruit
fruit
fruit
fruit
fruit
fruit
fruit
fruit
fruit
fruit
fruit
fruit
fruit
fruit
fruit
fruit
fruit
fruit
fruit
fruit
fruit
fruit
fruit
fruit
fruit
fruit
fruit
fruit
fruit
fruit
fruit
fruit
fruit
fruit
fruit
fruit
fruit
fruit
fruit
fruit
fruit
fruit
fruits
fulfil
full
gain-saying
garments
garments
gate
gather
gather
gathered
gathered
gave
gave
gave
gave
generation
generation
get
get
ghost
ghost
ghost
ghost
ghost
ghost
gift
give
give
give
give
given
given
given
given
glance
glance
glorify
glory
glory
glory
glory
go
go
go
go
go
go
go
go
go
go
go
go
go
go
god
god
god
god
god
god
god
god
god
god
god
god
god
god
god
god
god
god
god
god
god
god
god
god
god
god
god
god
god
god
god
god
god
god
god
god
god
god
god
god
god
god
god
god
god
god
god
god
god
god
god
god
god
god
god
god
goest
gold
gold
good
good
good
good
good
good
good
good
good
good
good
good
good
good
good
good
good
good
good
good
good
good
good
good
good
good
good
good
good
good
good
good
good
goodness
goodness
gospel
grace
graft
graft
graft
graft
graft
graft
graft
graft
graft
graft
graft
graft
graft
graft
grafted
grafted
grafted
grafted
grafted
grafted
grafted
grafts
grave
great
great
great
great
great
great
great
great
great
great
greater
greatly
greatness
grew
grew
grieved
grieveth
grieveth
grieveth
grieveth
grieveth
grieveth
grieveth
grieveth
grieveth
grieveth
grosser
grosser
ground
ground
ground
ground
ground
ground
ground
ground
grow
grow
grow
grow
grow
grow
grown
guilt
had
had
had
had
had
had
had
had
had
had
had
had
had
had
had
had
had
had
had
had
had
had
had
had
had
had
had
had
had
had
had
had
had
had
had
had
had
had
had
had
had
had
had
had
had
hand
hand
hand
hand
hand
hand
hand
hand
hands
hands
hands
happen
hard
harden
harden
harden
hate
hated
hath
hath
hath
hath
hath
hath
hath
hath
hath
hath
hath
hath
hath
hath
hath
hath
hath
hath
hath
hath
hath
hath
hath
hath
hath
hath
hath
hath
hath
hath
hath
hath
hath
hatred
hatred
have
have
have
have
have
have
have
have
have
have
have
have
have
have
have
have
have
have
have
have
have
have
have
have
have
have
have
have
have
have
have
have
have
have
have
have
have
have
have
have
have
have
have
have
have
have
have
have
have
have
have
have
have
have
have
have
have
have
have
have
have
have
have
have
have
have
have
have
have
have
have
have
have
have
have
have
have
have
have
have
have
have
have
have
have
have
have
have
have
have
have
have
have
have
have
have
have
have
have
have
have
have
have
have
have
have
having
having
having
having
having
having
having
having
having
he
he
he
he
he
he
he
he
he
he
he
he
he
he
he
he
he
he
he
he
he
he
he
he
he
he
he
he
he
he
he
he
he
he
he
he
he
he
he
he
he
he
he
he
he
he
he
he
he
he
he
he
he
he
he
he
he
he
he
he
he
he
he
he
he
he
he
he
he
he
he
he
he
he
he
head
heads
heads
heads
heads
heads
healeth
healing
heaped
hear
hear
hear
hear
heard
heard
heard
heard
heard
hearken
hearken
hearken
hearken
hearken
hearkened
heart
heart
heart
heart
heart
heart
heart
hearts
hearts
hearts
hearts
hearts
hearts
hearts
hearts
hearts
hearts
hearts
hearts
hearts
hearts
hearts
heaven
heaven
heaven
hell
hell
help
hence
here
hereafter
hew
hew
hewn
hewn
hewn
hewn
hid
hid
high
him
him
him
him
him
him
him
him
him
him
him
him
him
him
him
him
him
him
him
him
him
him
him
him
him
him
himself
himself
himself
his
his
his
his
his
his
his
his
his
his
his
his
his
his
his
his
his
his
his
his
his
his
his
his
his
his
his
his
his
his
his
his
his
his
his
his
his
his
his
his
his
his
his
his
his
his
his
his
his
his
his
his
his
his
his
his
his
his
his
his
his
his
his
his
his
his
his
his
his
his
his
his
history
history
history
hither
hither
hither
hither
hither
hither
hitherto
hitherto
hitherto
hold
holy
holy
holy
holy
holy
holy
hope
hope
hope
hope
hope
hope
hoped
hoping
hoping
hosts
hosts
hosts
hosts
hosts
hosts
house
house
house
house
house
how
how
how
how
how
how
how
how
how
hundred
hundred
hundredth
hungry
husbands
husbands
husbands
husbands
i
i
i
i
i
i
i
i
i
i
i
i
i
i
i
i
i
i
i
i
i
i
i
i
i
i
i
i
i
i
i
i
i
i
i
i
i
i
i
i
i
i
i
i
i
i
i
i
i
i
i
i
i
i
i
i
i
i
i
i
i
i
i
i
i
i
i
i
i
i
i
i
i
i
i
i
i
i
i
i
i
i
i
i
i
i
i
i
i
i
i
i
i
i
i
i
i
i
i
i
i
i
i
i
i
i
i
i
i
i
i
i
i
i
i
i
i
i
i
i
i
i
i
i
i
i
i
i
i
i
i
i
i
i
i
i
i
i
i
i
i
i
i
i
i
i
i
i
i
i
i
i
i
i
i
i
i
i
i
i
i
i
i
i
i
i
i
i
i
i
i
i
i
i
i
i
i
i
i
i
i
i
i
i
i
i
i
i
i
i
i
i
i
i
i
i
i
i
i
i
i
i
i
i
i
i
i
i
i
i
if
if
if
if
if
if
if
if
if
if
if
if
if
if
if
if
if
if
if
impossible
in
in
in
in
in
in
in
in
in
in
in
in
in
in
in
in
in
in
in
in
in
in
in
in
in
in
in
in
in
in
in
in
in
in
in
in
in
in
in
in
in
in
in
in
in
in
in
in
in
in
in
in
in
in
in
in
in
in
in
in
in
in
in
in
in
in
in
in
in
in
in
in
in
in
in
in
in
in
in
in
in
in
in
in
in
in
in
in
in
in
in
in
in
in
in
in
in
in
in
in
in
in
in
in
in
in
in
in
in
in
in
in
in
in
indulge
inheritance
iniquities
iniquity
iniquity
iniquity
inquired
insomuch
insomuch
insomuch
insomuch
insomuch
instead
instead
intent
intent
intent
into
into
into
into
into
into
into
into
into
into
into
into
into
into
into
into
into
into
into
into
into
into
into
into
into
into
into
into
into
into
into
into
is
is
is
is
is
is
is
is
is
is
is
is
is
is
is
is
is
is
is
is
is
is
is
is
is
is
is
is
is
is
is
is
is
is
is
is
is
is
is
is
isaac
ishmaelites
israel
israel
israel
israel
israel
israel
it
it
it
it
it
it
it
it
it
it
it
it
it
it
it
it
it
it
it
it
it
it
it
it
it
it
it
it
it
it
it
it
it
it
it
it
it
it
it
it
it
it
it
it
it
it
it
it
it
it
it
it
it
it
it
it
it
it
it
it
it
it
it
it
it
it
it
it
it
it
it
it
it
it
it
it
it
it
it
it
it
it
it
it
it
it
it
it
it
it
it
it
it
it
it
it
it
it
it
it
it
it
it
it
it
it
it
it
it
it
it
it
it
it
it
it
it
it
it
it
it
it
it
it
it
it
it
it
it
it
it
it
it
it
it
it
it
it
it
it
it
it
it
it
it
it
it
it
it
it
it
it
it
it
it
it
it
it
it
it
it
it
its
its
jacob
jacob
jacob
jacob
jacob
jacob
jacob
jacob
jacob
jacob
jacob
jacob
jacob
jacob
jacob
jacob
jacob
jacob
jacob
jacob
jacobites
jerusalem
jerusalem
jerusalem
jerusalem
jerusalem
jesus
jews
jews
jews
joseph
joseph
josephites
joy
joy
joy
joy
judgments
justice
justice
justice
justice
justifieth
keep
keep
keep
keep
keep
keep
keeping
kept
kept
killed
kind
kinds
king
king
kingdom
kingdom
kingdom
kings
kings
kings
kings
knew
knew
knew
knew
know
know
know
know
know
know
know
know
know
know
know
know
know
knowest
knowest
knoweth
knoweth
knowing
knowledge
knowledge
knowledge
knowledge
knowledge
knowledge
known
laban
labor
labor
labor
labor
labor
labor
labor
labor
labor
labor
labor
labored
labored
labored
labored
laboring
laboring
laboured
laboured
laid
laid
laid
lake
lake
lake
lamanites
lamanites
lamanites
lamanites
lamanites
lamanites
lamanites
land
land
land
land
land
land
land
land
land
land
land
lands
language
larger
lasciviousness
last
last
last
last
last
last
last
last
last
last
last
last
last
last
last
last
last
last
last
last
law
law
law
lay
lay
lay
lay
lay
lay
lay
lay
lay
lay
lay
lead
lead
lead
lead
learn
learned
led
led
led
led
left
lehi
lehi
lemuelites
lest
lest
lest
lest
let
let
let
let
let
let
let
let
let
let
let
let
let
let
liberate
lied
lied
lieth
life
lift
lifted
lifted
light
lightly
like
like
like
like
like
like
like
like
like
like
like
like
like
liken
likened
listen
little
little
little
little
little
lives
loftiness
loins
lonesome
long
long
long
long
long
long
long
long
long
long
long
long
long
longer
longer
longer
look
look
look
look
look
look
looked
looking
loose
lord
lord
lord
lord
lord
lord
lord
lord
lord
lord
lord
lord
lord
lord
lord
lord
lord
lord
lord
lord
lord
lord
lord
lord
lord
lord
lord
lord
lord
lord
lord
lord
lord
lord
lord
lord
lord
lord
lord
lord
lord
lord
lord
lord
lord
lord
lord
lord
lord
lord
lord
lord
lord
lord
lord
lord
lord
lord
lord
lord
lord
lord
lord
lord
lord
lord
lose
lose
lose
lose
lose
lose
lose
lose
lost
lost
love
love
love
love
love
loved
made
made
made
made
made
magnify
magnify
main
main
make
make
make
make
maker
man
man
man
man
man
man
man
man
man
man
man
manifest
manifest
manifest
manifested
manifesteth
mankind
manner
manner
many
many
many
many
many
many
many
many
many
many
many
many
many
many
many
many
many
many
many
many
many
many
many
many
mark
marvel
marvelous
master
master
master
master
master
master
master
mattereth
mattereth
may
may
may
may
may
may
may
may
may
may
may
may
may
may
may
may
may
may
may
may
may
may
may
may
may
may
may
may
may
may
may
may
may
may
may
may
may
may
may
may
may
may
may
may
may
me
me
me
me
me
me
me
me
me
me
me
me
me
me
me
me
me
me
me
me
me
me
me
me
me
me
me
me
me
me
me
me
me
me
me
me
me
me
me
me
me
me
me
me
me
me
me
me
me
me
means
means
means
meet
men
men
men
men
men
merciful
merciful
mercy
mercy
might
might
might
might
might
might
might
might
might
might
might
might
might
might
might
might
mights
mights
mights
mights
mights
mights
mind
mind
minds
mine
mine
mine
mine
mine
mine
mine
mine
mine
mine
mine
mine
mine
mine
mine
mine
mine
mine
mine
ministered
ministered
ministering
mock
moisture
more
more
more
more
more
more
more
more
more
more
more
more
more
more
morrow
morrow
morrow
moses
moses
moses
most
most
most
most
most
most
most
mother
mother
mother
mountains
mourn
mourning
much
much
much
much
much
much
much
much
much
much
much
much
much
much
much
much
much
much
much
much
much
much
much
much
much
much
much
multitude
multitude
must
must
must
must
must
must
must
must
must
must
must
must
must
must
must
must
my
my
my
my
my
my
my
my
my
my
my
my
my
my
my
my
my
my
my
my
my
my
my
my
my
my
my
my
my
my
my
my
my
my
my
my
my
my
my
my
my
my
my
my
my
my
my
my
my
my
my
my
my
my
my
my
my
my
my
my
my
my
my
my
my
my
my
my
my
my
my
my
my
my
my
my
my
my
my
my
my
my
my
my
myself
myself
myself
myself
myself
myself
myself
myself
mysteries
mystery
naked
name
name
name
name
name
name
names
narrow
natural
natural
natural
natural
natural
natural
natural
natural
natural
natural
natural
natural
natural
natural
natural
natural
natural
natural
natural
natural
natural
natural
natural
natural
natural
natural
natural
natural
natural
nay
nay
near
necks
needs
neighbor
neither
neither
neither
nephi
nephi
nephi
nephi
nephi
nephi
nephi
nephi
nephi
nephi
nephi
nephi
nephi
nephi
nephi
nephi
nephi
nephi
nephi
nephi
nephi
nephi
nephi
nephites
nephites
nephites
nethermost
nethermost
nethermost
nethermost
nethermost
nethermost
never
nevertheless
nevertheless
nevertheless
nevertheless
nevertheless
nigh
nigh
nigh
nigh
no
no
no
no
no
no
no
no
no
no
no
no
none
none
none
none
nor
nor
not
not
not
not
not
not
not
not
not
not
not
not
not
not
not
not
not
not
not
not
not
not
not
not
not
not
not
not
not
not
not
not
not
not
not
not
not
not
not
not
not
not
not
not
not
not
not
not
not
not
not
not
not
not
not
not
not
not
not
not
not
not
not
not
not
not
not
not
nothing
nothing
nothing
nothing
notwithstanding
notwithstanding
notwithstanding
notwithstanding
nourish
nourish
nourish
nourish
nourish
nourish
nourish
nourished
nourished
nourished
nourished
nourished
nourished
nourished
nourished
nourished
nourished
nourished
nourished
nourished
nourished
nourished
nourished
nourished
nourished
now
now
now
now
now
now
now
now
now
now
now
now
now
now
now
now
now
now
now
now
now
now
now
now
now
now
now
now
number
numerous
o
o
o
o
o
o
o
o
o
o
o
o
obedience
obedient
obedient
obey
obey
observance
observe
obtain
obtain
obtain
obtain
obtained
obtained
obtained
obtained
obtained
of
of
of
of
of
of
of
of
of
of
of
of
of
of
of
of
of
of
of
of
of
of
of
of
of
of
of
of
of
of
of
of
of
of
of
of
of
of
of
of
of
of
of
of
of
of
of
of
of
of
of
of
of
of
of
of
of
of
of
of
of
of
of
of
of
of
of
of
of
of
of
of
of
of
of
of
of
of
of
of
of
of
of
of
of
of
of
of
of
of
of
of
of
of
of
of
of
of
of
of
of
of
of
of
of
of
of
of
of
of
of
of
of
of
of
of
of
of
of
of
of
of
of
of
of
of
of
of
of
of
of
of
of
of
of
of
of
of
of
of
of
of
of
of
of
of
of
of
of
of
of
of
of
of
of
of
of
of
of
of
of
of
of
of
of
of
of
of
of
of
of
of
of
of
of
of
of
of
of
of
of
of
of
of
of
of
of
of
of
of
of
of
of
of
of
of
of
of
of
of
of
of
of
of
of
of
of
of
of
of
of
of
of
of
of
of
of
of
of
of
of
of
of
of
of
of
of
of
of
of
of
of
of
of
of
of
of
of
of
of
of
of
of
of
of
of
of
of
of
of
of
of
of
of
of
of
of
of
of
of
of
of
of
of
of
of
of
of
of
of
of
of
of
of
of
of
of
of
of
of
of
of
of
of
of
of
of
of
of
of
of
of
of
of
of
of
of
of
of
of
of
of
of
of
of
of
of
of
of
of
of
of
of
of
of
of
of
of
of
of
of
of
of
of
of
of
of
of
of
of
of
of
of
of
of
of
of
of
of
of
of
of
of
of
of
of
of
of
of
of
of
of
of
of
of
of
of
of
of
of
of
of
of
of
of
of
of
of
of
of
of
of
of
of
of
of
of
of
of
of
of
of
of
of
of
of
of
of
of
of
of
of
of
of
of
off
off
off
off
off
offering
office
office
office
old
old
old
old
old
old
old
old
olive
olive
olive
olive
olive
olive
olive
olive
olive
olive
on
on
on
on
on
on
on
once
once
once
once
once
one
one
one
one
one
one
one
one
only
only
only
only
only
only
opportunity
opportunity
or
or
or
or
or
or
or
or
or
or
ores
other
other
other
other
other
other
other
others
otherwise
ought
our
our
our
our
our
our
our
our
our
our
our
our
our
our
our
our
our
our
our
our
our
our
our
our
our
our
ourselves
out
out
out
out
out
out
out
out
out
out
over
over
over
overcame
overcame
overcome
overcome
overcome
overcome
overcome
overcome
overran
overthrow
overthrow
own
own
own
own
own
own
own
own
own
own
own
own
own
own
own
own
own
pains
parents
part
part
part
part
part
part
part
part
partake
parts
parts
parts
parts
parts
pass
pass
pass
pass
pass
pass
pass
pass
pass
pass
pass
pass
pass
pass
pass
pass
pass
pass
pass
pass
pass
pass
pass
pass
pass
pass
pass
pass
pass
pass
pass
pass
pass
pass
pass
pass
pass
pass
pass
pass
pass
pass
pass
pass
pass
pass
pass
pass
passed
passed
passed
passed
passed
passed
peace
people
people
people
people
people
people
people
people
people
people
people
people
people
people
people
people
people
people
people
people
people
people
people
people
people
people
people
people
people
people
people
people
people
people
people
people
people
people
people
people
people
people
people
people
people
people
people
people
people
perceive
perfect
perfect
perhaps
perhaps
perhaps
perhaps
perhaps
perhaps
perhaps
perhaps
perish
perish
perish
perish
perish
perish
perish
perish
perish
perished
perished
persecute
persecuted
persist
persuade
persuade
pervert
pierce
pierce
pierced
piercing
place
place
place
placed
plainly
plainly
plainly
plainness
plainness
plainness
plan
plant
plant
plant
planted
planted
planted
planted
planted
plates
plates
plates
plates
plates
plates
plates
plates
plates
plates
plates
plates
plates
plates
plates
plates
plates
plead
pleasing
pleasing
pleasing
pleasing
pleasing
pleasing
pleasingly
pleasure
pleasure
plentifully
pluck
pluck
pluck
pluck
pluck
pluck
plucked
plucked
plucked
pointing
poor
poorer
poorest
possess
possible
possible
poured
power
power
power
power
power
power
power
power
power
power
power
power
power
power
power
power
power
power
power
practices
pray
prayer
preach
preached
preaching
preaching
preaching
precious
precious
precious
precious
precious
prepare
prepare
presence
presence
presented
preserve
preserve
preserve
preserve
preserve
preserve
preserve
preserve
preserve
preserve
preserve
preserve
preserve
preserve
preserved
preserved
preserved
preserved
preserved
preserved
pride
pride
pride
pride
pride
priests
proceedings
proceedings
profiteth
profiteth
profiteth
promise
promised
prophecy
prophecy
prophesied
prophesieth
prophesy
prophesy
prophesy
prophesying
prophesying
prophet
prophet
prophet
prophets
prophets
prophets
prophets
prophets
prophets
protector
proud
providence
provocation
provoke
prune
prune
prune
prune
prune
prune
pruned
pruned
pruned
pruned
punishment
pure
pure
pure
pure
purpose
purpose
purpose
purpose
put
quench
raise
read
read
reader
really
really
rebel
receive
receive
received
reclaim
reconciled
record
record
recover
redemption
redemption
reign
reign
reigns
reigns
reigns
reigns
reject
reject
reject
reject
rejected
rejoice
rejoice
rejoice
relief
remain
remember
remember
remember
remember
remember
remembereth
remembrance
repent
repent
repent
repent
repent
requested
responsibility
responsibility
rest
restore
restored
resurrection
resurrection
resurrection
resurrection
retain
revealed
revelation
revelations
revelations
revelations
revelations
revile
revile
rich
riches
riches
riches
rid
rid
right
right
righteous
righteous
righteous
righteousness
ripened
ripened
rise
rock
root
root
root
root
root
roots
roots
roots
roots
roots
roots
roots
roots
roots
roots
roots
roots
roots
roots
roots
roots
roots
roots
ruler
s
sacred
safe
said
said
said
said
said
said
said
said
saith
saith
saith
saith
saith
saith
saith
saith
saith
saith
saith
saith
saith
saith
saith
sake
sake
sakes
sakes
salvation
salvation
same
sanctified
save
save
save
save
save
save
save
save
save
save
saved
saw
saw
saw
saw
saw
say
say
say
say
say
say
say
sayeth
sayeth
sayeth
sayeth
sayeth
sayeth
sayeth
sayeth
sayeth
sayeth
sayeth
sayeth
sayeth
sayeth
sayeth
sayeth
sayeth
sayeth
sayeth
sayeth
sayeth
sayeth
sayeth
sayeth
sayeth
sayeth
sayeth
sayeth
sayeth
sayeth
sayeth
sayeth
sayeth
sayeth
saying
saying
saying
saying
saying
scourge
scriptures
scriptures
scriptures
scriptures
scriptures
sea
search
search
search
searched
season
season
season
season
season
season
season
season
season
season
season
season
second
second
second
second
second
seed
seed
seed
seek
seek
seek
seek
seek
seek
seek
seek
seeketh
seen
seen
seen
seen
self
self
self
self
self
self
self
self
self
self
self
send
sent
servant
servant
servant
servant
servant
servant
servant
servant
servant
servant
servant
servant
servant
servant
servant
servant
servant
servant
servant
servant
servant
servant
servant
servant
servant
servant
servant
servant
servant
servant
servants
servants
servants
servants
servants
set
set
shake
shake
shaken
shaken
shall
shall
shall
shall
shall
shall
shall
shall
shall
shall
shall
shall
shall
shall
shall
shall
shall
shall
shall
shall
shall
shall
shall
shall
shall
shall
shall
shall
shall
shall
shall
shall
shall
shall
shall
shall
shall
shall
shall
shall
shall
shall
shall
shall
shall
shall
shall
shall
shall
shall
shall
shall
shall
shall
shall
shall
shall
shall
shall
shall
shall
shall
shame
shame
shame
sherem
sherem
sherem
shew
shew
shew
sheweth
shoot
should
should
should
should
should
should
should
should
should
should
should
should
should
should
should
should
should
should
should
should
should
should
should
should
should
should
should
should
should
should
should
should
should
should
shrink
sick
sight
sight
sign
sign
sign
silver
silver
similitude
sin
sin
sin
sin
sins
sins
sins
sins
size
skins
skins
skins
slackened
slumber
small
small
small
smiled
smite
smite
smoke
so
so
so
so
so
so
sobbings
soberness
soberness
solemn
solomon
solomon
solomon
some
some
some
some
something
somewhat
somewhat
somewhat
son
son
son
son
son
son
soon
soon
soon
soon
soon
soon
sore
sore
sorrow
sorrow
sort
sorts
sought
sought
sought
sought
soul
soul
soul
soul
soul
souls
souls
souls
souls
souls
space
spake
spake
spake
spake
spake
spake
spake
spake
spake
spare
spare
speak
speak
speak
speak
speak
speak
speak
speak
speaketh
speaketh
speaking
speaking
speaking
speech
speech
speedily
speedily
speedily
speedily
spirit
spirit
spirit
spirit
spirit
spirit
spirit
spirit
spoken
spoken
spoken
spoken
spoken
spoken
spot
spot
spot
spot
spot
spot
spotless
sprang
stand
stead
stead
stead
stead
stiff
stiffnecked
stiffnecked
stone
stone
straight
strength
strength
strength
strength
strength
strength
strength
strength
strength
stretched
stretches
strict
strict
strictness
striketh
strong
strong
stumble
stumble
stumbling
substance
such
such
such
suffer
suffer
suffer
sufficiently
suppose
suppose
suppose
supposeth
sure
sure
surely
swear
sweep
sword
take
take
take
take
take
take
take
take
take
take
taken
taken
taken
taking
taking
tame
tame
tame
tame
tame
task
taste
taught
taught
teach
teachers
tell
tell
tell
tell
tell
telling
temple
temple
temple
tempt
temptation
tender
tender
tender
tender
tender
tender
tenderness
testify
testify
testify
than
than
than
than
than
than
than
than
than
thankful
that
that
that
that
that
that
that
that
that
that
that
that
that
that
that
that
that
that
that
that
that
that
that
that
that
that
that
that
that
that
that
that
that
that
that
that
that
that
that
that
that
that
that
that
that
that
that
that
that
that
that
that
that
that
that
that
that
that
that
that
that
that
that
that
that
that
that
that
that
that
that
that
that
that
that
that
that
that
that
that
that
that
that
that
that
that
that
that
that
that
that
that
that
that
that
that
that
that
that
that
that
that
that
that
that
that
that
that
that
that
that
that
that
that
that
that
that
that
that
that
that
that
that
that
that
that
that
that
that
that
that
that
that
that
that
that
that
that
that
that
that
that
that
that
that
that
that
that
that
that
that
that
that
that
that
that
that
that
that
that
that
that
that
that
that
that
that
that
that
that
that
that
that
that
that
that
that
that
that
that
that
that
that
that
that
that
that
that
that
that
that
that
that
that
that
that
that
that
that
that
that
that
that
that
that
that
that
that
that
that
that
that
that
that
that
that
that
that
that
that
that
that
that
that
that
that
that
that
that
that
that
that
that
that
that
that
that
that
that
that
that
that
that
that
that
that
that
that
that
that
that
that
that
that
that
that
that
that
that
that
that
that
that
that
that
that
that
that
the
the
the
the
the
the
the
the
the
the
the
the
the
the
the
the
the
the
the
the
the
the
the
the
the
the
the
the
the
the
the
the
the
the
the
the
the
the
the
the
the
the
the
the
the
the
the
the
the
the
the
the
the
the
the
the
the
the
the
the
the
the
the
the
the
the
the
the
the
the
the
the
the
the
the
the
the
the
the
the
the
the
the
the
the
the
the
the
the
the
the
the
the
the
the
the
the
the
the
the
the
the
the
the
the
the
the
the
the
the
the
the
the
the
the
the
the
the
the
the
the
the
the
the
the
the
the
the
the
the
the
the
the
the
the
the
the
the
the
the
the
the
the
the
the
the
the
the
the
the
the
the
the
the
the
the
the
the
the
the
the
the
the
the
the
the
the
the
the
the
the
the
the
the
the
the
the
the
the
the
the
the
the
the
the
the
the
the
the
the
the
the
the
the
the
the
the
the
the
the
the
the
the
the
the
the
the
the
the
the
the
the
the
the
the
the
the
the
the
the
the
the
the
the
the
the
the
the
the
the
the
the
the
the
the
the
the
the
the
the
the
the
the
the
the
the
the
the
the
the
the
the
the
the
the
the
the
the
the
the
the
the
the
the
the
the
the
the
the
the
the
the
the
the
the
the
the
the
the
the
the
the
the
the
the
the
the
the
the
the
the
the
the
the
the
the
the
the
the
the
the
the
the
the
the
the
the
the
the
the
the
the
the
the
the
the
the
the
the
the
the
the
the
the
the
the
the
the
the
the
the
the
the
the
the
the
the
the
the
the
the
the
the
the
the
the
the
the
the
the
the
the
the
the
the
the
the
the
the
the
the
the
the
the
the
the
the
the
the
the
the
the
the
the
the
the
the
the
the
the
the
the
the
the
the
the
the
the
the
the
the
the
the
the
the
the
the
the
the
the
the
the
the
the
the
the
the
the
the
the
the
the
the
the
the
the
the
the
the
the
the
the
the
the
the
the
the
the
the
the
the
the
the
the
the
the
the
the
the
the
the
the
the
the
the
the
the
the
the
the
the
the
the
the
the
the
the
the
the
the
the
the
the
the
the
the
the
the
the
the
the
the
the
the
the
the
the
the
the
the
the
the
the
the
the
the
the
the
the
the
the
the
the
the
the
the
the
the
the
the
the
the
the
the
the
the
the
the
the
the
the
the
the
the
the
the
the
the
the
the
the
the
the
the
the
the
the
the
the
the
the
the
the
the
the
the
the
the
the
the
the
the
the
the
the
the
the
the
the
the
the
the
the
the
the
the
the
the
the
the
the
the
the
the
the
the
the
the
the
the
the
the
the
the
the
the
the
the
the
the
the
the
the
the
the
the
the
the
the
the
the
the
the
the
the
the
the
the
the
the
the
the
the
the
the
the
the
the
the
the
the
the
the
the
the
the
the
the
the
the
the
the
the
the
the
the
the
the
the
the
the
the
the
the
the
the
the
the
the
the
the
the
the
the
the
the
the
the
the
the
the
the
the
the
the
the
the
the
the
the
the
the
the
the
the
the
the
the
the
the
the
the
the
the
the
the
the
the
the
the
the
the
the
the
the
the
the
the
the
the
the
the
the
the
the
the
the
the
the
the
the
the
the
the
the
the
the
the
the
the
the
the
the
the
the
the
the
the
the
thee
thee
thee
thee
thee
thee
thee
thee
their
their
their
their
their
their
their
their
their
their
their
their
their
their
their
their
their
their
their
their
their
their
their
their
their
their
their
their
their
their
their
their
their
their
their
their
their
their
their
their
their
their
their
their
their
their
their
their
their
their
their
their
them
them
them
them
them
them
them
them
them
them
them
them
them
them
them
them
them
them
them
them
them
them
them
them
them
them
them
them
them
them
them
them
them
them
them
them
them
them
them
them
them
them
them
them
them
them
them
them
them
them
them
them
them
them
them
them
them
them
them
them
them
them
them
them
them
them
them
them
them
them
them
themselves
themselves
themselves
then
then
then
then
then
then
there
there
there
there
there
there
there
there
there
there
there
therefore
thereof
thereof
thereof
thereof
thereof
thereof
thereof
thereof
thereof
thereof
thereof
thereof
thereof
thereof
thereof
thereof
thereof
thereof
thereof
thereof
thereof
thereof
thereof
thereof
thereof
thereof
thereof
thereof
thereof
thereof
thereof
thereof
thereof
thereof
thereof
thereof
thereof
thereof
thereof
these
these
these
these
these
these
these
these
these
these
these
these
these
these
these
these
these
these
these
these
these
these
these
these
these
these
these
these
these
these
these
these
these
these
these
these
these
these
these
these
they
they
they
they
they
they
they
they
they
they
they
they
they
they
they
they
they
they
they
they
they
they
they
they
they
they
they
they
they
they
they
they
they
they
they
they
they
they
they
they
they
they
they
they
they
they
they
they
they
they
they
they
they
they
they
they
they
they
they
they
they
they
they
they
they
they
they
they
they
they
they
they
they
they
they
they
they
they
they
they
they
they
they
they
they
they
they
they
they
they
they
they
they
thing
thing
thing
thing
thing
thing
thing
thing
things
things
things
things
things
things
things
things
things
things
things
things
things
things
things
things
things
things
things
things
things
things
things
things
things
things
things
things
things
things
things
things
think
third
this
this
this
this
this
this
this
this
this
this
this
this
this
this
this
this
this
this
this
this
this
this
this
this
this
this
this
this
this
this
this
this
this
this
this
this
this
this
this
this
this
this
this
this
this
this
this
this
this
this
this
this
this
this
this
this
this
this
this
this
this
this
this
this
this
this
this
this
this
this
those
those
those
those
those
those
those
those
thou
thou
thou
thou
thou
thou
thou
thou
thou
thou
thou
thou
thou
thou
thou
thou
thou
thou
thou
thoughts
thrive
throne
through
thus
thus
thus
thus
thus
thus
thus
thus
thus
thus
thy
thy
thy
thy
thy
time
time
time
time
time
time
time
time
time
time
time
time
time
time
time
time
time
time
time
time
time
time
time
time
time
time
time
to
to
to
to
to
to
to
to
to
to
to
to
to
to
to
to
to
to
to
to
to
to
to
to
to
to
to
to
to
to
to
to
to
to
to
to
to
to
to
to
to
to
to
to
to
to
to
to
to
to
to
to
to
to
to
to
to
to
to
to
to
to
to
to
to
to
to
to
to
to
to
to
to
to
to
to
to
to
to
to
to
to
to
to
to
to
to
to
to
to
to
to
to
to
to
to
to
to
to
to
to
to
to
to
to
to
to
to
to
to
to
to
to
to
to
to
to
to
to
to
to
to
to
to
to
to
to
to
to
to
to
to
to
to
to
to
to
to
to
to
to
to
to
to
to
to
to
to
to
to
to
to
to
to
to
to
to
to
to
to
to
to
to
to
to
to
to
to
to
to
to
to
to
to
to
to
to
to
to-day
together
together
together
told
too
took
took
took
top
top
top
torment
touch
touch
towards
towards
tree
tree
tree
tree
tree
tree
tree
tree
tree
tree
tree
tree
tree
tree
tree
tree
tree
tree
tree
tree
tree
tree
tree
tree
tree
tree
tree
tree
tree
tree
tree
tree
tree
tree
tree
tree
tree
tree
tree
tree
tree
tree
tree
tree
tree
tree
tree
tree
tree
tree
tree
trees
trees
trees
trees
trees
trees
trees
trees
trees
trees
trees
trees
trees
trees
trees
trees
trees
tribulation
trim
true
truly
truly
truly
truly
truly
truly
trusting
truth
truth
truth
unbelief
under
under
under
understand
understand
understand
understand
understanding
unfold
unless
unpardonable
unquenchable
unsearchable
unshaken
until
until
until
until
unto
unto
unto
unto
unto
unto
unto
unto
unto
unto
unto
unto
unto
unto
unto
unto
unto
unto
unto
unto
unto
unto
unto
unto
unto
unto
unto
unto
unto
unto
unto
unto
unto
unto
unto
unto
unto
unto
unto
unto
unto
unto
unto
unto
unto
unto
unto
unto
unto
unto
unto
unto
unto
unto
unto
unto
unto
unto
unto
unto
unto
unto
unto
unto
unto
unto
unto
unto
unto
unto
unto
unto
unto
unto
unto
unto
unto
unto
unto
unto
unto
unto
unto
unto
unto
unto
unto
unto
unto
unto
unto
unto
unto
unto
unto
unto
unto
unto
unto
unto
unto
unto
unto
unto
unto
unto
unto
unto
unto
unto
unto
unto
unto
unto
unto
unto
unto
unto
unto
unto
unto
unto
unto
unto
unto
unto
unto
unto
unto
unto
unto
unto
unto
unto
unto
unto
unto
unto
unto
unto
unto
unto
unto
unto
unto
unto
unto
unto
unto
unto
unto
unto
unto
unto
unto
unto
unto
unto
unto
unto
unto
unto
unto
unto
unto
up
up
up
up
up
up
up
up
up
up
up
up
up
up
up
up
up
up
up
up
up
up
up
up
up
up
up
up
upon
upon
upon
upon
upon
upon
upon
upon
upon
upon
upon
upon
upon
upon
upon
upon
upon
upon
upon
upon
upon
upon
upon
upon
upon
upon
upon
upon
upon
upon
upon
upon
us
us
us
us
us
us
us
us
us
us
us
us
us
us
us
us
us
us
us
us
us
us
us
use
use
vain
vanish
very
very
very
view
vineyard
vineyard
vineyard
vineyard
vineyard
vineyard
vineyard
vineyard
vineyard
vineyard
vineyard
vineyard
vineyard
vineyard
vineyard
vineyard
vineyard
vineyard
vineyard
vineyard
vineyard
vineyard
vineyard
vineyard
vineyard
vineyard
vineyard
vineyard
vineyard
vineyard
vineyard
vineyard
vineyard
vineyard
vineyard
vineyard
vineyard
vineyard
vineyard
vineyard
vineyard
vineyard
vineyard
vineyard
vineyard
vineyard
vineyard
vineyard
vineyard
vineyard
vineyard
vineyard
vineyard
vineyard
vineyard
vineyard
vineyard
vineyard
vineyard
vineyard
vineyard
vineyard
vineyard
vineyard
vineyard
vineyard
vineyard
vineyard
vineyard
vineyard
vineyard
vineyard
vineyard
vineyard
vineyard
vineyard
vineyard
vineyard
vineyard
vineyard
vineyard
vineyard
vineyard
vineyard
vineyard
vineyard
vineyard
vineyard
vineyard
vineyard
vineyard
vineyard
vineyard
visit
voice
voice
wanderers
warning
wars
wars
wars
was
was
was
was
was
was
was
was
was
was
was
was
was
was
was
was
was
was
was
was
was
was
was
was
was
was
was
watch
waves
wax
waxed
way
way
way
way
way
way
way
ways
ways
we
we
we
we
we
we
we
we
we
we
we
we
we
we
we
we
we
we
we
we
we
we
we
we
we
we
we
we
we
we
we
we
we
we
we
we
we
we
we
we
we
we
we
we
we
weakness
wear
weighed
welfare
welfare
went
went
went
went
went
went
went
wept
were
were
were
were
were
were
were
were
were
were
were
were
were
were
were
were
were
were
were
were
were
were
were
were
were
were
were
were
what
what
what
what
what
what
what
what
whatever
whatsoever
when
when
when
when
when
when
when
whence
wherefore
wherefore
wherefore
wherefore
wherefore
wherefore
wherefore
wherefore
wherefore
wherefore
wherefore
wherefore
wherefore
wherefore
wherefore
wherefore
wherefore
wherefore
wherefore
wherefore
wherefore
wherefore
wherefore
wherefore
wherefore
wherefore
wherefore
wherefore
wherefore
wherefore
wherefore
wherefore
wherefore
wherefore
wherefore
wherefore
wherefore
wherefore
wherefore
wherefore
wherefore
wherefore
wherefore
wherefore
wherefore
wherefore
wherefore
wherefore
wherefore
wherefore
wherefore
wherefore
wherefore
which
which
which
which
which
which
which
which
which
which
which
which
which
which
which
which
which
which
which
which
which
which
which
which
which
which
which
which
which
which
which
which
which
which
which
which
which
which
which
which
which
which
which
which
which
which
which
which
which
which
which
which
which
which
which
which
which
which
which
which
which
which
which
which
which
which
which
which
which
which
which
which
which
which
which
which
which
which
which
which
which
which
which
which
which
which
which
which
which
which
which
which
which
which
which
which
while
while
whiter
whither
whithersoever
whithersoever
whithersoever
who
who
who
who
who
whom
whoredoms
whoredoms
whoredoms
whoredoms
whose
whose
whose
whose
whose
whose
whose
whoso
why
why
why
wicked
wicked
wicked
wickedness
wickedness
wickedness
wielded
wife
wife
wild
wild
wild
wild
wild
wild
wild
wild
wild
wild
wild
wild
wild
wild
wild
wild
wild
wild
wild
wild
wilderness
wilderness
wilderness
will
will
will
will
will
will
will
will
will
will
will
will
will
will
will
will
will
will
will
will
will
will
will
will
will
will
will
will
will
will
will
will
will
will
will
will
will
will
will
will
will
will
will
will
will
will
will
will
will
will
will
will
will
will
will
will
will
will
will
will
will
will
will
will
wilt
wisdom
wise
wise
with
with
with
with
with
with
with
with
with
with
with
with
with
with
with
with
with
with
with
with
with
with
with
with
with
with
with
with
with
with
with
with
with
with
with
wither
withered
withered
withered
withersoever
witnessed
witnesses
witnesses
wives
wives
wives
wives
wives
wives
wives
wo
wo
women
word
word
word
word
word
word
word
word
word
word
word
word
word
word
word
word
word
word
word
word
word
word
word
word
word
words
words
words
words
words
words
words
words
words
words
words
words
words
words
words
words
words
words
words
words
words
words
working
workmanship
works
works
world
world
world
world
worship
worshiped
worshiped
worth
would
would
would
would
would
would
would
would
would
would
would
would
would
would
wound
wounded
wounded
wounded
wounds
wounds
wounds
wrath
write
write
write
write
write
writing
writing
written
written
written
written
written
written
ye
ye
ye
ye
ye
ye
ye
ye
ye
ye
ye
ye
ye
ye
ye
ye
ye
ye
ye
ye
ye
ye
ye
ye
ye
ye
ye
ye
ye
ye
ye
ye
ye
ye
ye
ye
ye
ye
ye
ye
ye
ye
ye
ye
ye
ye
ye
ye
ye
ye
ye
ye
ye
ye
ye
ye
ye
ye
ye
ye
ye
ye
ye
ye
ye
ye
ye
ye
ye
ye
ye
ye
ye
ye
yea
yea
yea
yea
yea
yea
yea
yea
yea
yea
yea
yea
yea
years
years
years
years
yet
yet
yet
yet
yet
yet
you
you
you
you
you
you
you
you
you
you
you
you
you
you
you
you
you
you
you
you
you
you
you
you
you
you
you
you
you
you
you
you
you
you
you
you
you
you
you
you
you
you
you
you
you
you
you
you
you
you
you
you
you
you
you
you
young
young
young
young
young
your
your
your
your
your
your
your
your
your
your
your
your
your
your
your
your
your
your
your
your
your
your
your
your
your
your
your
your
your
your
your
your
your
your
your
your
your
your
your
your
your
your
your
yours
yourselves
yourselves
yourselves
yourselves
yourselves
zenos
zenos
zoramites
