









































































































































--
a
a
according
according
according
according
according
after
after
against
against
all
all
all
all
already
also
also
among
among
and
and
and
and
and
and
and
and
and
and
and
and
and
and
and
and
and
and
and
and
and
and
and
and
and
and
and
and
and
and
and
and
and
and
and
and
and
and
and
and
and
and
and
and
and
and
and
and
and
and
and
and
and
and
and
and
are
are
are
are
are
are
are
arrow
as
as
as
as
as
as
as
away
away
away
battle
be
be
be
be
be
be
beasts
became
because
began
behold
behold
behold
behold
behold
being
being
believe
benefit
blaspheme
blindness
blood
brass
brethren
brethren
building
but
but
but
but
but
by
came
came
came
came
came
can
caused
children
cities
come
commandment
commandments
commandments
commandments
communion
contentions
continually
copper
could
dart
day
deafness
deliver
destroyed
destroyed
did
did
did
did
did
did
did
diligence
diligently
dissentions
do
doing
done
drink
ears
eight
engraven
enos
every
exceeding
exceeding
exceeding
exceeding
exceedingly
exhorting
expedient
face
face
face
face
face
faith
faith
faith
fall
father
fathers
fathers
fathers
few
fine
for
for
for
for
for
for
for
for
for
for
fortify
forward
from
from
from
genealogy
given
go
god
god
gold
ground
had
had
had
hands
hardness
hath
have
have
have
have
have
he
he
hearts
hearts
him
holy
holy
hundred
hundred
i
i
i
i
i
i
i
if
in
in
in
in
in
in
in
in
in
in
in
inasmuch
inheritance
intent
intent
into
into
iron
is
is
it
it
it
it
it
it
it
jarom
jarom
javelin
keep
keep
keep
kept
kept
kept
kind
kings
kings
labor
lamanites
lamanites
lamanites
lamanites
land
land
land
land
land
land
land
land
lands
law
law
laws
leaders
little
long
look
lord
lord
lord
lord
lord
loved
machinery
maketh
making
manifest
manner
manner
manner
many
many
many
many
may
may
me
meet
men
men
merciful
messiah
mighty
minds
more
more
more
moses
moses
much
much
much
multiplied
murder
must
my
my
my
my
my
my
my
my
necks
needs
neither
nephi
nephi
nephi
nephites
nephites
nevertheless
nor
not
not
not
not
not
not
not
not
not
now
now
numerous
observed
of
of
of
of
of
of
of
of
of
of
of
of
of
of
of
of
of
of
of
of
of
of
of
of
of
of
of
of
of
of
of
of
of
of
of
of
of
of
of
of
of
of
of
of
off
off
omni
or
or
other
our
our
our
our
our
our
our
our
our
out
pass
pass
pass
pass
passed
passed
people
people
people
people
people
persuading
place
plan
plates
plates
plates
plates
pointed
precious
preparations
prepared
prick
priests
profaned
prophesying
prophets
prophets
prosper
prosper
quiver
record
relations
repentance
revealed
revelations
rich
sabbath
salvation
say
saying
scattered
shall
shall
sharp
should
should
should
silver
small
small
so
son
space
spake
spirit
spread
steel
stiffnecked
stiffnecked
stiffness
stirring
strict
strong
suffering
sufficeth
swept
swept
taught
teach
teachers
teaching
than
than
that
that
that
that
that
that
that
that
that
that
that
the
the
the
the
the
the
the
the
the
the
the
the
the
the
the
the
the
the
the
the
the
the
the
the
the
the
the
the
the
the
the
the
the
the
the
the
the
the
the
the
the
the
the
the
the
the
the
the
the
the
the
the
the
the
the
the
the
the
the
the
the
the
the
the
the
the
the
the
the
the
their
their
their
their
their
their
them
them
them
them
them
them
them
them
there
these
these
these
they
they
they
they
they
they
they
they
they
they
they
they
they
they
they
they
they
they
they
things
things
things
thirty
this
this
this
though
threaten
thus
till
time
times
to
to
to
to
to
to
to
to
to
to
to
to
to
to
to
to
to
to
to
tools
transgression
two
two
unto
unto
unto
unto
unto
unto
unto
up
upon
upon
upon
upon
us
us
us
verified
war
war
wars
wars
was
was
was
waxed
ways
we
we
weapons
were
were
were
were
were
what
whatsoever
wherefore
wherefore
wherefore
which
which
which
which
which
will
with
with
with
withstood
wood
word
word
word
words
workmanship
would
write
write
write
write
write
writings
written
written
written
ye
ye
ye
yea
yea
years
years
yet
you
