










































































































































































































































































































































































































































































































































































































































































































































































































































































































































































































































































































































































































































































































































--
--
--
--
--
a
a
a
a
a
a
a
a
a
a
a
a
a
a
a
a
a
a
a
a
a
a
a
a
a
a
a
a
a
a
a
a
a
a
a
a
a
a
a
a
a
a
a
a
a
a
a
a
a
a
a
a
a
a
a
a
a
a
a
a
a
a
a
a
a
a
a
a
a
a
aaron
abide
abinadi
abomination
abominations
abominations
abominations
abominations
abominations
abominations
about
about
about
about
about
about
about
about
about
about
about
above
abraham
abraham
abridgement
abused
according
according
according
according
according
according
according
according
according
according
according
according
according
according
according
according
account
account
account
adam
adam
adam
adorn
adorning
advantage
afflicted
afflicted
afflictions
after
after
after
after
after
after
again
again
again
again
again
again
again
again
again
again
again
again
again
again
again
again
again
again
again
again
again
again
again
again
again
again
again
again
again
again
again
again
again
against
against
against
against
against
against
against
against
against
against
against
against
against
against
against
against
against
against
against
against
against
against
against
against
against
against
against
against
against
against
against
against
against
against
age
age
age
all
all
all
all
all
all
all
all
all
all
all
all
all
all
all
all
all
all
all
all
all
all
all
all
all
all
all
all
all
all
all
all
all
all
all
all
all
all
all
all
all
all
all
all
all
all
all
all
all
all
all
all
all
all
all
all
all
all
all
all
all
all
almighty
almost
alone
alone
already
also
also
also
also
also
also
also
also
also
also
also
also
also
also
also
also
also
also
also
also
also
also
also
also
also
also
also
also
also
also
also
also
also
also
also
also
also
also
also
also
altered
altered
always
am
am
am
am
amen
amen
ammaron
ammaron
ammaron
ammaron
ammaron
ammaron
ammaron
among
among
among
among
among
among
among
among
among
among
among
among
among
among
among
among
among
among
among
amongst
an
an
an
an
an
an
an
an
an
an
an
an
an
an
an
anchor
ancient
and
and
and
and
and
and
and
and
and
and
and
and
and
and
and
and
and
and
and
and
and
and
and
and
and
and
and
and
and
and
and
and
and
and
and
and
and
and
and
and
and
and
and
and
and
and
and
and
and
and
and
and
and
and
and
and
and
and
and
and
and
and
and
and
and
and
and
and
and
and
and
and
and
and
and
and
and
and
and
and
and
and
and
and
and
and
and
and
and
and
and
and
and
and
and
and
and
and
and
and
and
and
and
and
and
and
and
and
and
and
and
and
and
and
and
and
and
and
and
and
and
and
and
and
and
and
and
and
and
and
and
and
and
and
and
and
and
and
and
and
and
and
and
and
and
and
and
and
and
and
and
and
and
and
and
and
and
and
and
and
and
and
and
and
and
and
and
and
and
and
and
and
and
and
and
and
and
and
and
and
and
and
and
and
and
and
and
and
and
and
and
and
and
and
and
and
and
and
and
and
and
and
and
and
and
and
and
and
and
and
and
and
and
and
and
and
and
and
and
and
and
and
and
and
and
and
and
and
and
and
and
and
and
and
and
and
and
and
and
and
and
and
and
and
and
and
and
and
and
and
and
and
and
and
and
and
and
and
and
and
and
and
and
and
and
and
and
and
and
and
and
and
and
and
and
and
and
and
and
and
and
and
and
and
and
and
and
and
and
and
and
and
and
and
and
and
and
and
and
and
and
and
and
and
and
and
and
and
and
and
and
and
and
and
and
and
and
and
and
and
and
and
and
and
and
and
and
and
and
and
and
and
and
and
and
and
and
and
and
and
and
and
and
and
and
and
and
and
and
and
and
and
and
and
and
and
and
and
and
and
and
and
and
and
and
and
and
and
and
and
and
and
and
and
and
and
and
and
and
and
and
and
and
and
and
and
and
and
and
and
and
and
and
and
and
and
and
and
and
and
and
and
and
and
and
and
and
and
and
and
and
and
and
and
and
and
and
and
and
and
and
and
and
and
and
and
and
and
and
and
and
and
and
and
and
and
and
and
and
and
and
and
and
and
and
and
and
and
and
and
and
and
and
and
and
and
and
and
and
and
and
and
and
and
and
and
and
and
and
and
and
and
and
and
and
and
and
and
and
and
and
and
and
and
and
and
and
and
and
and
and
and
and
and
and
and
and
and
and
and
and
and
and
and
and
and
and
and
and
and
and
and
and
and
and
and
and
and
and
and
and
and
and
and
and
and
and
and
and
and
and
and
and
and
and
and
and
and
and
and
and
and
and
and
and
and
and
and
and
and
and
and
and
and
and
and
and
and
and
and
and
and
and
and
and
and
and
and
and
and
and
and
and
and
and
and
and
and
and
and
and
and
and
and
and
and
and
and
and
and
and
and
and
and
and
and
and
and
and
and
and
and
and
and
and
and
and
and
and
and
and
and
and
and
and
and
and
and
and
angelah
anger
angry
anguish
another
answered
antionum
antum
any
any
any
any
any
apostles
apparel
apparel
appointed
are
are
are
are
are
are
are
are
are
are
are
are
are
are
are
are
are
are
are
are
are
are
are
are
are
are
are
are
are
are
are
are
are
are
are
are
are
are
are
are
are
are
are
are
are
armies
armies
armies
armies
armies
armies
armies
armies
armies
arms
arms
arms
army
army
army
army
army
army
arouse
arrow
art
art
art
as
as
as
as
as
as
as
as
as
as
as
as
as
as
as
as
as
as
as
as
as
as
as
as
as
as
as
as
ashamed
ask
ask
ask
ask
ask
assist
at
at
at
at
at
at
at
at
at
at
at
at
avenge
avenge
avengeth
await
aware
away
away
away
away
away
away
away
away
away
away
away
away
away
away
awful
awful
awoke
axe
back
back
back
back
band
baptized
baptized
baptized
baptized
baptized
bar
battle
battle
battle
battle
battle
battle
battle
battle
battle
battle
battle
battle
battle
battle
battle
battle
battle
battles
be
be
be
be
be
be
be
be
be
be
be
be
be
be
be
be
be
be
be
be
be
be
be
be
be
be
be
be
be
be
be
be
be
be
be
be
be
be
be
be
be
be
be
be
be
be
be
be
be
be
be
be
be
be
be
be
be
be
be
be
be
be
be
be
be
be
be
be
be
be
be
be
be
be
be
be
be
be
be
be
be
be
be
be
be
be
be
be
be
be
be
be
be
be
be
beasts
beat
beat
beat
beat
beat
beat
beat
beat
beaz
became
because
because
because
because
because
because
because
because
because
because
because
because
because
because
because
because
because
because
because
because
because
because
because
because
because
because
because
because
because
because
because
because
because
because
because
because
because
because
because
because
because
become
become
become
become
become
become
become
been
been
been
been
been
been
been
been
been
been
been
been
been
been
been
been
been
been
been
been
been
been
been
been
been
been
before
before
before
before
before
before
before
before
before
before
before
before
before
before
before
before
before
before
before
before
before
before
before
before
before
before
before
before
before
before
before
before
before
before
before
before
before
before
began
began
began
began
began
began
began
began
began
began
began
began
began
began
began
begin
begin
begin
behalf
behalf
beheld
behold
behold
behold
behold
behold
behold
behold
behold
behold
behold
behold
behold
behold
behold
behold
behold
behold
behold
behold
behold
behold
behold
behold
behold
behold
behold
behold
behold
behold
behold
behold
behold
behold
behold
behold
behold
behold
behold
behold
behold
behold
behold
behold
behold
behold
behold
behold
behold
behold
behold
behold
behold
behold
behold
behold
behold
behold
behold
behold
behold
behold
behold
behold
behold
behold
behold
behold
behold
behold
behold
behold
behold
behold
behold
behold
behold
behold
behold
behold
behold
behold
behold
behold
behold
behold
being
being
being
being
being
being
being
being
being
being
being
being
being
being
believe
believe
believe
believe
believe
believe
believe
believe
believe
believe
believe
believe
believeth
believeth
believeth
believing
belong
belong
beloved
beloved
beloved
besides
between
between
between
beware
beyond
bitterness
bless
bless
blessed
blessed
blessing
blessings
blood
blood
blood
blood
blood
blood
blood
blood
blood
blood
blood
blood
blood
blood
bloodshed
bloodshed
boast
boast
bodies
bodies
body
boldly
boldly
boldness
boldness
bonds
bones
book
border
borders
borders
borders
both
both
both
both
both
both
both
both
bow
breasts
breathe
brethren
brethren
brethren
brethren
brethren
brethren
bring
bring
bring
bring
bring
bring
bring
bring
bringeth
bringeth
bringeth
broken
brought
brought
brought
brought
brought
brought
build
build
buildings
built
built
burned
but
but
but
but
but
but
but
but
but
but
but
but
but
but
but
but
but
but
but
but
but
but
but
but
but
but
but
but
but
but
but
but
but
but
but
but
but
but
but
but
but
but
but
but
but
but
by
by
by
by
by
by
by
by
by
by
by
by
by
by
by
by
by
by
by
by
by
by
by
by
by
by
by
by
by
by
by
by
by
by
by
by
by
by
by
by
by
by
by
by
by
by
by
by
by
by
calamity
calamity
call
called
called
called
called
called
calling
came
came
came
came
came
came
came
came
came
came
came
came
came
came
came
came
came
came
came
came
came
came
came
came
came
came
came
came
came
came
came
came
came
came
came
came
came
came
came
came
came
came
came
came
came
came
came
came
came
came
came
came
came
came
came
came
came
came
came
came
came
came
came
came
came
came
came
came
came
came
came
came
came
camenihah
camorah
camorah
camorah
camorah
camorah
camorah
camorah
camorah
camorah
camps
can
can
can
can
can
can
can
can
canker
cannot
cannot
cannot
care
carnage
carnage
carnage
carried
cast
cast
cast
cast
casting
cause
cause
cause
cause
cease
cease
ceased
ceased
ceased
ceaseless
ceaseth
ceaseth
chaff
chaff
chance
changeth
changing
changing
characters
child
children
children
children
children
children
children
children
children
children
choirs
chose
chose
christ
christ
christ
christ
christ
christ
christ
christ
christ
christ
christ
christ
christ
christ
christ
christ
christ
christ
christ
christ
christ
christ
christ
christ
christ
christ
christ
christ
christ
christ
christ
christ
christ
church
church
churches
churches
churches
churches
churches
churches
churches
cities
cities
city
city
city
city
city
city
city
city
city
city
city
city
city
city
city
city
city
city
city
city
city
city
city
city
city
clasped
cleansed
combinations
come
come
come
come
come
come
come
come
come
come
come
come
come
come
come
come
come
come
come
come
come
come
come
come
come
come
come
come
come
come
come
come
come
come
come
come
come
come
come
come
come
come
come
come
come
come
come
come
come
come
come
cometh
cometh
cometh
cometh
cometh
coming
coming
command
command
command
commanded
commanded
commanded
commanded
commanded
commander
commandeth
commandment
commandment
commandment
commandment
commandment
commence
complete
comprehend
concerning
concerning
concerning
concerning
concerning
concerning
concerning
concerning
concerning
concerning
condemn
condemn
condemneth
confirm
consciousness
consciousness
consciousness
consisted
consume
contend
continual
continual
continually
continually
contrite
corruption
could
could
could
could
could
could
could
could
could
could
could
could
could
could
counted
countries
countries
country
country
covenant
covenant
covenant
covenant
covenant
covenant
covenant
covenant
covenant
covered
[created]
created
created
created
creature
cried
cries
crumble
cry
cry
cry
cry
cry
cry
cry
cry
curse
cursed
cursed
cut
cut
cut
damnation
damned
damned
damned
danger
danger
daring
dark
darkness
darkness
darkness
daughters
david
day
day
day
day
day
day
day
day
day
day
day
day
day
day
day
day
day
day
day
day
days
days
dead
dead
dead
dead
dead
deadly
death
death
death
death
death
death
deceivings
defend
defiled
delight
delighted
delightsome
deliver
deliver
delivered
delivered
denied
denieth
deny
deny
deny
depart
departed
deposited
deposited
descendant
descendant
describe
description
description
design
desire
desired
desired
desired
desolation
desolation
desolation
desolation
desolation
desolation
desolation
desolation
desolation
desolation
despise
despise
despise
despisers
destroy
destroy
destroy
destroyed
destroyed
destroyed
destroyed
destruction
destruction
destruction
destruction
destruction
destruction
destruction
devils
dew
did
did
did
did
did
did
did
did
did
did
did
did
did
did
did
did
did
did
did
did
did
did
did
did
did
did
did
did
did
did
did
did
did
did
did
did
did
did
did
did
did
did
did
did
did
did
did
did
did
did
did
did
did
did
did
did
did
did
did
did
did
did
did
did
did
did
did
did
did
did
did
did
did
did
did
did
did
did
did
did
did
did
did
did
did
did
did
did
did
did
did
did
did
did
did
did
did
did
did
did
did
did
did
did
did
did
did
did
did
did
did
did
did
did
did
did
did
did
did
die
dies
disciples
disciples
disciples
disciples
disciples
disciples
dispersed
dissented
diverse
divided
do
do
do
do
do
do
do
do
do
do
do
do
do
do
do
do
do
do
do
do
do
do
do
do
doeth
doings
doings
done
done
done
done
done
done
done
done
done
done
doth
doubt
doubting
doubting
down
down
down
down
down
down
down
down
down
down
down
down
down
down
drink
drive
drive
drive
drive
driven
driven
driven
driven
driven
driven
driven
driven
driven
driven
driven
due
dung
dust
dust
dwell
dwell
dwell
dwell
dwell
dwelt
dwindle
dwindled
each
each
earth
earth
earth
earth
earth
earth
earth
earth
earth
earth
earth
earth
earth
earth
earth
earth
earth
earth
earth
earthquakes
egyptian
eightieth
eighty
elements
eleven
employed
end
end
end
end
end
end
endeavor
endless
endless
ends
ends
ends
ends
endure
enemies
enemies
enemies
enemies
enemies
energy
engrave
engravings
entrusted
envying
envyings
epistle
epistle
escape
escaped
escaped
especially
eternal
eternal
eternal
eternal
even
even
even
even
even
even
even
even
even
even
even
even
even
even
even
even
even
even
even
even
even
even
even
even
even
even
even
even
even
ever
ever
ever
ever
every
every
every
every
every
evil
evil
evil
evil
evil
example
exceed
exceed
exceed
exceeding
exceeding
exceeding
exceeding
exceeding
except
exist
eye
eyes
eyes
eyes
face
face
face
face
face
face
face
face
face
face
face
face
face
fair
fair
fair
fair
fair
faith
faith
faith
faith
fall
fall
fall
fall
fall
fall
fallen
fallen
fallen
fallen
fallen
fallen
fallen
fallen
fallen
fallen
family
fast
father
father
father
father
father
father
father
father
father
father
father
father
father
father
father
father
father
father
father
father
father
father
fathers
fathers
fathers
fathers
fathers
fathers
fathers
fathers
fault
faults
faults
fear
fear
feet
fell
fervent
few
few
few
few
few
fiery
fifteen
fifth
fifth
fiftieth
fifty
fight
fight
filled
filled
filled
fills
filthiness
filthy
filthy
filthy
fine
fine
finish
finish
fire
fire
fire
fire
fire
fires
firmness
firmness
first
first
first
fit
flame
fled
fled
fled
fled
flee
flee
flee
flee
flee
flesh
flight
flight
flight
follow
following
for
for
for
for
for
for
for
for
for
for
for
for
for
for
for
for
for
for
for
for
for
for
for
for
for
for
for
for
for
for
for
for
for
for
for
for
for
for
for
for
for
for
for
for
for
for
for
for
for
for
for
for
for
for
for
for
for
for
for
for
for
for
for
for
for
for
forbear
forbidden
forbidden
forbidden
forbidden
force
foreign
forever
forever
forgiven
forth
forth
forth
forth
forth
forth
forth
forth
forth
forth
forth
forth
forth
forth
forth
forth
forth
forth
forth
forth
forth
fortifications
fortify
fortify
fortify
forty
forty
forty
forty
forty
forty
forward
fought
found
found
fountains
four
four
four
four
four
four
four
four
fourth
fresh
friends
frighten
from
from
from
from
from
from
from
from
from
from
from
from
from
from
from
from
from
from
from
from
from
from
from
from
from
from
from
from
from
front
fulfil
fulfilled
fulfilled
fulfilling
fulfilling
full
full
full
fully
furnace
gaddianton
gaddianton
gaddianton
gain
gain
gain
gain
gain
gained
gall
garments
gather
gather
gather
gather
gathered
gathered
gathered
gathered
gave
gave
gave
gentiles
gentiles
gentiles
gentiles
gentiles
gentiles
gentiles
gentiles
gentiles
gentiles
get
get
get
get
get
get
get
ghost
ghost
ghost
gidgiddonah
gifts
gilgal
give
give
give
give
give
give
given
given
given
glory
glory
go
go
go
go
go
go
go
go
go
go
go
go
go
go
go
go
go
god
god
god
god
god
god
god
god
god
god
god
god
god
god
god
god
god
god
god
god
god
god
god
god
god
god
god
god
god
god
god
god
god
god
god
god
god
god
god
god
god
god
god
god
god
god
god
god
god
god
god
god
god
god
god
god
god
god
god
god
god
god
god
god
god
god
gods
gone
gone
gone
gone
gone
gone
gone
good
goodness
goodness
gospel
gospel
gospel
gospel
gospel
grace
grant
grant
grant
granted
granted
grave
great
great
great
great
great
great
great
great
great
great
great
great
great
great
great
great
great
great
great
great
great
great
great
great
great
greater
greater
greatness
greatness
ground
guilt
guilt
guiltless
had
had
had
had
had
had
had
had
had
had
had
had
had
had
had
had
had
had
had
had
had
had
had
had
had
had
had
had
had
had
had
had
had
had
had
had
had
had
had
had
had
had
had
had
had
had
had
had
had
had
had
had
had
had
had
had
had
had
had
had
had
had
had
had
had
had
had
had
hand
hand
hand
handed
handed
hands
hands
hands
hands
hands
hands
hangeth
happiness
happiness
happiness
happy
happy
happy
harden
hardened
hardness
hardness
hardness
harm
harrow
has
has
has
has
has
has
hath
hath
hath
hath
hath
hath
hath
hath
hath
hath
hath
hath
hath
hath
hath
hath
hath
hath
hath
hath
hath
hath
hath
hath
hath
hath
hath
hath
hath
hath
hath
have
have
have
have
have
have
have
have
have
have
have
have
have
have
have
have
have
have
have
have
have
have
have
have
have
have
have
have
have
have
have
have
have
have
have
have
have
have
have
have
have
have
have
have
have
have
have
have
have
have
have
have
have
have
have
have
have
having
having
having
having
he
he
he
he
he
he
he
he
he
he
he
he
he
he
he
he
he
he
he
he
he
he
he
he
he
he
he
he
he
he
he
he
he
he
he
he
he
he
he
he
he
he
he
he
he
he
he
he
he
he
he
he
head
heads
healing
heaped
hear
heard
heard
heard
heard
heard
hearing
hearken
heart
heart
heart
heart
heart
heart
hearts
hearts
hearts
hearts
hearts
hearts
hearts
hearts
hearts
hearts
hearts
heat
heaven
heaven
heavens
heavens
heavens
hebrew
hebrew
hebrew
hell
hell
her
her
here
hewn
hewn
hewn
hewn
hewn
hid
hid
hid
hid
hid
hide
hide
hideth
hill
hill
hill
hill
hill
hill
him
him
him
him
him
him
him
him
him
him
him
him
him
him
him
him
him
him
him
him
his
his
his
his
his
his
his
his
his
his
his
his
his
his
his
his
his
his
his
his
his
his
his
his
his
his
his
his
his
his
his
his
his
his
his
his
hold
hold
holds
holiness
holy
holy
holy
holy
holy
holy
holy
holy
homes
hope
hopes
horrible
house
house
house
house
house
house
house
house
house
house
house
house
house
houses
how
how
how
how
how
human
humble
hundred
hundred
hundred
hundred
hundred
hundred
hundred
hundred
hundred
hundred
hundred
hundred
hundred
hundred
hundred
hundred
hundred
hundred
hundred
hundred
hung
hungry
hunted
hunted
hunted
hurt
husbands
husbands
hypocrites
i
i
i
i
i
i
i
i
i
i
i
i
i
i
i
i
i
i
i
i
i
i
i
i
i
i
i
i
i
i
i
i
i
i
i
i
i
i
i
i
i
i
i
i
i
i
i
i
i
i
i
i
i
i
i
i
i
i
i
i
i
i
i
i
i
i
i
i
i
i
i
i
i
i
i
i
i
i
i
i
i
i
i
i
i
i
i
i
i
i
i
i
i
i
i
i
i
i
i
i
i
i
i
i
i
i
i
i
i
i
i
i
i
i
i
i
i
i
i
i
i
i
i
i
i
idle
idol
idolatry
idols
if
if
if
if
if
if
if
if
if
if
if
if
if
if
if
if
if
if
imagined
imagined
imagined
immortality
imperfection
imperfection
imperfection
imperfections
imperfections
impossible
in
in
in
in
in
in
in
in
in
in
in
in
in
in
in
in
in
in
in
in
in
in
in
in
in
in
in
in
in
in
in
in
in
in
in
in
in
in
in
in
in
in
in
in
in
in
in
in
in
in
in
in
in
in
in
in
in
in
in
in
in
in
in
in
in
in
in
in
in
in
in
in
in
in
in
in
in
in
in
in
in
in
in
in
in
in
in
in
in
in
in
in
in
in
in
in
in
in
in
in
in
in
in
in
in
in
in
in
in
in
in
in
in
in
in
in
in
in
in
in
in
in
in
in
in
in
in
in
in
in
in
in
in
in
in
in
in
incorruptible
infest
inhabitants
inhabitants
inhabitants
inhabitants
inhabitants
inhabitants
inheritance
inheritance
inheritance
inheritance
iniquities
iniquities
iniquities
iniquity
iniquity
iniquity
iniquity
insomuch
insomuch
insomuch
insomuch
insomuch
insomuch
insomuch
insomuch
intent
intent
intent
interpretation
interpretation
into
into
into
into
into
into
into
into
into
into
into
is
is
is
is
is
is
is
is
is
is
is
is
is
is
is
is
is
is
is
is
is
is
is
is
is
is
is
is
is
is
is
is
is
is
is
is
is
is
is
is
is
is
is
is
is
is
is
is
is
isaac
isaiah
ishmaelites
ishmaelites
israel
israel
israel
israel
israel
israel
israel
israel
israel
israel
israel
israel
it
it
it
it
it
it
it
it
it
it
it
it
it
it
it
it
it
it
it
it
it
it
it
it
it
it
it
it
it
it
it
it
it
it
it
it
it
it
it
it
it
it
it
it
it
it
it
it
it
it
it
it
it
it
it
it
it
it
it
it
it
it
it
it
it
it
it
it
it
it
it
it
it
it
it
it
it
it
it
it
it
it
it
it
it
it
it
it
it
it
it
it
it
it
it
it
it
it
it
it
it
it
it
it
it
it
it
it
it
it
it
it
it
it
it
it
it
it
it
it
it
it
it
it
it
it
jacob
jacob
jacob
jacob
jacobites
jashon
jashon
jerusalem
jerusalem
jesus
jesus
jesus
jesus
jesus
jesus
jesus
jesus
jesus
jesus
jesus
jesus
jesus
jesus
jesus
jesus
jesus
jesus
jesus
jesus
jesus
jesus
jesus
jesus
jesus
jews
jews
jews
jews
jews
join
joneam
jordan
josephites
josh
joshua
joy
judge
judged
judged
judged
judged
judged
judgeth
judgment
judgment
judgment
judgment
judgment
judgment
judgment
judgment
judgments
judgments
just
justice
justice
keep
killed
kindle
king
king
king
king
kingdom
kinsfolk
knew
knew
know
know
know
know
know
know
know
know
know
know
know
know
know
know
know
know
know
know
know
know
know
know
know
knoweth
knoweth
knoweth
knoweth
knoweth
knoweth
knoweth
knoweth
knoweth
knoweth
knowing
knowing
knowing
knowledge
knowledge
knowledge
knowledge
knowledge
known
known
known
laid
lamah
lamanite
lamanites
lamanites
lamanites
lamanites
lamanites
lamanites
lamanites
lamanites
lamanites
lamanites
lamanites
lamanites
lamanites
lamanites
lamanites
lamanites
lamanites
lamanites
lamanites
lamanites
lamanites
lamanites
lamanites
lamanites
lamanites
lamanites
lamanites
lamanites
lamanites
lamanites
lamanites
lamanites
lamanites
lamanites
lamanites
lamanites
lamanites
lamanites
lamanites
lamanites
lamanites
lamanites
lamanites
lamanites
lamanites
lamanites
lamanites
lamanites
lamanites
lamanites
lamanites
lamanites
lamanites
lamanites
lamanites
lamanites
lamanites
lamanites
lamanites
lamanites
lamanites
lamanites
lamanites
lamanites
lamanites
lamanites
lamanites
lamb
lamb
lamb
lamentation
lamentation
land
land
land
land
land
land
land
land
land
land
land
land
land
land
land
land
land
land
land
land
land
land
land
land
land
land
land
land
land
land
land
land
land
land
land
land
land
land
land
land
land
land
land
land
land
land
land
land
land
land
land
lands
lands
lands
lands
lands
lands
lands
lands
language
language
large
large
last
last
last
last
laws
lay
lay
lay
lay
lay
lay
lead
lead
leader
leader
leader
leaders
learn
learned
learning
leave
led
led
led
led
led
led
left
left
lehi
lemuelites
lemuelites
lest
lest
lest
lest
let
let
life
life
lift
lifted
lifted
light
light
light
light
like
limhah
lion
live
lives
lives
liveth
living
living
living
loathsome
long
long
long
long
longer
longer
look
looked
loosed
lord
lord
lord
lord
lord
lord
lord
lord
lord
lord
lord
lord
lord
lord
lord
lord
lord
lord
lord
lord
lord
lord
lord
lord
lord
lord
lord
lord
lord
lord
lord
lord
lord
lord
lord
lord
lord
lord
lord
lord
lord
lord
lord
lord
lord
lord
lord
lord
lord
lord
lord
lord
lord
lord
lord
lord
lord
lord
lord
lord
lord
lord
lord
lord
lord
lord
lord
lord
lord
lord
lord
loss
love
love
love
loved
lusts
lying
made
made
made
made
made
made
made
made
made
made
magic
magics
maintain
maintained
make
make
make
make
make
make
make
make
making
malice
man
man
man
man
man
man
man
man
man
man
man
man
manifest
manifest
manifest
manifestations
manner
manner
manner
manner
manner
manner
many
many
many
many
many
many
many
many
many
march
march
march
marched
marching
marvellous
marvellous
marvellous
marvellous
marvellous
mattereth
mattereth
may
may
may
may
may
may
may
may
may
may
may
may
may
may
may
may
may
may
me
me
me
me
me
me
me
me
me
me
me
me
me
me
me
me
me
me
me
me
me
me
me
me
me
me
me
me
me
me
me
means
meet
melt
men
men
men
men
men
men
men
mercies
merciful
mercy
midst
midst
might
might
might
might
might
might
might
might
might
might
might
might
mightily
mights
mighty
mind
mine
mine
mine
mine
mine
mine
mine
ministered
miracle
miracles
miracles
miracles
miracles
miracles
miracles
miracles
miracles
miracles
miracles
miracles
miracles
miracles
miserable
misery
money
money
more
more
more
more
more
more
more
more
more
more
more
mormon
mormon
mormon
mormon
mormon
mormon
mormon
mormon
mormon
mormon
mormon
mormon
moroni
moroni
moroni
moroni
moroni
moronihah
morrow
mortal
most
mother
mothers
moulder
mouldering
mountains
mourn
mourn
mourn
mourning
mourning
mouth
much
multitude
murder
murderers
murders
must
must
must
must
must
must
must
must
must
must
must
must
must
must
my
my
my
my
my
my
my
my
my
my
my
my
my
my
my
my
my
my
my
my
my
my
my
my
my
my
my
my
my
my
my
my
my
my
my
my
my
my
my
my
my
my
my
my
my
my
my
my
my
my
my
my
my
my
my
my
my
my
my
naked
nakedness
name
name
name
name
name
name
name
name
name
name
name
name
name
narrow
narrow
nay
near
near
need
need
needy
needy
neither
neither
neither
neither
neither
nephi
nephi
nephi
nephi
nephi
nephi
nephi
nephi
nephi
nephi
nephites
nephites
nephites
nephites
nephites
nephites
nephites
nephites
nephites
nephites
nephites
nephites
nephites
nephites
nephites
nephites
nephites
nephites
nephites
nephites
nephites
nephites
nephites
nephites
nephites
nephites
nephites
nephites
nephites
nephites
nephites
nephites
nephites
nephites
nephites
nephites
nephites
nephites
never
never
nevertheless
nevertheless
nevertheless
nevertheless
nevertheless
new
nine
ninth
no
no
no
no
no
no
no
no
no
no
no
no
no
no
no
no
no
no
no
no
no
no
no
none
none
none
none
none
none
none
none
none
none
nor
nor
nor
nor
nor
north
northward
northward
not
not
not
not
not
not
not
not
not
not
not
not
not
not
not
not
not
not
not
not
not
not
not
not
not
not
not
not
not
not
not
not
not
not
not
not
not
not
not
not
not
not
not
not
not
not
not
not
not
not
not
not
not
not
not
not
not
not
not
not
not
not
not
not
not
not
not
not
not
not
not
not
not
not
not
not
not
nothing
nothing
notice
notwithstanding
notwithstanding
notwithstanding
notwithstanding
nought
now
now
now
now
now
now
now
now
now
now
now
now
now
now
now
now
now
now
now
now
now
now
now
now
number
number
number
number
number
number
number
numbered
numbered
numbers
numbers
numerous
o
o
o
o
o
o
o
o
o
o
oath
observe
observed
observed
of
of
of
of
of
of
of
of
of
of
of
of
of
of
of
of
of
of
of
of
of
of
of
of
of
of
of
of
of
of
of
of
of
of
of
of
of
of
of
of
of
of
of
of
of
of
of
of
of
of
of
of
of
of
of
of
of
of
of
of
of
of
of
of
of
of
of
of
of
of
of
of
of
of
of
of
of
of
of
of
of
of
of
of
of
of
of
of
of
of
of
of
of
of
of
of
of
of
of
of
of
of
of
of
of
of
of
of
of
of
of
of
of
of
of
of
of
of
of
of
of
of
of
of
of
of
of
of
of
of
of
of
of
of
of
of
of
of
of
of
of
of
of
of
of
of
of
of
of
of
of
of
of
of
of
of
of
of
of
of
of
of
of
of
of
of
of
of
of
of
of
of
of
of
of
of
of
of
of
of
of
of
of
of
of
of
of
of
of
of
of
of
of
of
of
of
of
of
of
of
of
of
of
of
of
of
of
of
of
of
of
of
of
of
of
of
of
of
of
of
of
of
of
of
of
of
of
of
of
of
of
of
of
of
of
of
of
of
of
of
of
of
of
of
of
of
of
of
of
of
of
of
of
of
of
of
of
of
of
of
of
of
of
of
of
of
of
of
of
of
of
of
of
of
of
of
of
of
of
of
of
of
of
of
of
of
of
of
of
of
of
of
of
of
of
of
of
of
of
of
of
of
of
of
of
of
of
of
of
of
of
of
of
of
of
of
of
of
of
of
of
of
of
of
of
of
of
of
of
of
of
of
of
of
of
of
of
of
of
of
of
of
of
of
of
of
of
of
of
of
of
of
of
of
of
of
of
of
of
of
of
of
of
of
of
of
of
of
of
of
of
of
of
of
of
of
of
of
of
of
of
of
of
of
of
of
of
of
of
of
of
of
of
of
of
of
of
of
of
of
of
of
of
of
of
of
of
of
of
of
of
of
of
of
of
of
of
of
of
of
of
of
of
of
of
of
of
of
of
off
off
off
off
offer
old
old
old
old
on
on
on
on
on
on
on
on
on
once
one
one
one
one
one
one
one
one
one
one
one
one
one
ones
ones
ones
only
only
open
open
or
or
or
or
or
or
or
or
or
or
or
or
ore
orphans
other
other
other
other
other
our
our
our
our
our
our
our
our
our
our
our
our
our
our
our
our
our
our
our
our
our
our
our
our
our
our
our
our
our
our
our
our
ourselves
ourselves
out
out
out
out
out
out
out
out
out
out
out
out
out
out
out
out
out
out
over
over
over
over
over
over
over
overtake
overthrow
own
own
own
own
own
own
part
part
partake
parties
pass
pass
pass
pass
pass
pass
pass
pass
pass
pass
pass
pass
pass
pass
pass
pass
pass
pass
pass
pass
pass
pass
pass
pass
pass
pass
pass
pass
pass
pass
pass
pass
pass
pass
pass
pass
pass
pass
pass
pass
pass
pass
pass
pass
pass
pass
pass
pass
pass
pass
pass
pass
pass
pass
pass
pass
pass
pass
pass
pass
pass
pass
pass
pass
pass
pass
pass
passage
passed
passed
passed
passed
passed
passed
passed
passed
passed
passed
passed
passed
past
past
peace
peace
people
people
people
people
people
people
people
people
people
people
people
people
people
people
people
people
people
people
people
people
people
people
people
people
people
people
people
people
people
people
people
people
people
people
people
people
people
people
people
people
people
people
people
people
people
people
people
people
people
people
people
people
people
people
people
people
people
people
people
people
people
people
people
people
perceive
perfect
perhaps
perhaps
perish
persecutions
persisted
persuade
persuaded
perverse
pieces
pitch
place
place
place
place
places
plates
plates
plates
plates
plates
plates
plates
plates
plates
plates
poisonous
polluted
polluted
pollutions
pollutions
poor
possess
possessed
possession
possession
possession
possession
possession
possession
possession
possible
possible
possible
possible
poured
power
power
power
power
power
power
power
power
power
power
power
power
power
power
power
power
power
powers
praise
praises
prayer
prayers
prayers
prayers
prayers
prayers
preach
preach
preach
preach
preparation
preparations
prepare
prepare
prepared
preparing
preparing
presence
presence
present
prevail
pride
pride
pride
pride
pride
prisoners
prisoners
prisons
probation
promise
promises
prophecies
prophecies
prophesied
prophet
punished
pure
purpose
purposes
pursue
pursued
put
put
put
quick
racked
raised
rashly
rashly
rather
rather
read
read
realise
realize
reason
rebelled
rebellion
receive
receive
received
received
received
receiveth
record
record
record
record
record
record
record
record
record
record
record
record
record
record
records
records
records
records
records
records
recover
redeemed
redeemed
redemption
redemption
redemption
redemption
reformed
refuse
refused
rejected
rejoice
remain
remain
remain
remainder
remainder
remainder
remaineth
remember
remember
remember
remember
remember
remember
remembered
remnant
remnant
remnant
remnant
remnant
remnant
remnant
remove
rent
repay
repay
repent
repent
repent
repent
repent
repent
repent
repent
repent
repentance
repentance
repentance
repented
repented
repented
repented
repented
repented
repulsed
reserved
restoration
restoring
resurrection
resurrection
retain
retreat
retreat
return
return
return
return
return
returned
revealed
revelations
revelations
revelations
revolution
rid
right
righteous
righteous
righteous
righteous
righteous
rise
risen
rivers
robbers
robbers
robbers
robbers
robbers
robbers
robbing
roll
rolled
rolled
room
round
round
rumors
s
sacrament
sacred
sacred
sacrificed
sacrificed
sacrifices
sad
said
said
sail
saints
saints
saints
saints
saith
saith
saith
saith
saith
sake
salvation
same
same
same
same
same
same
same
same
samuel
samuel
sand
satan
save
save
save
save
save
save
save
save
save
saved
saved
saviour
saviour
saviour
saw
saw
saw
saw
saw
saw
say
say
say
say
say
say
say
say
say
say
say
say
say
say
say
say
sayeth
saying
sayings
scatter
scattered
scattered
scattered
scene
scene
scene
scriptures
scriptures
scroll
scroll
sea
sea
search
seashore
seashore
seat
seat
seat
seat
second
second
secret
secret
see
see
see
see
see
seed
seed
seed
seed
seeing
seen
seen
seen
sell
sent
serpents
serpents
serve
set
settled
seventh
seventh
seventy
seventy
shadow
shadow
shake
shall
shall
shall
shall
shall
shall
shall
shall
shall
shall
shall
shall
shall
shall
shall
shall
shall
shall
shall
shall
shall
shall
shall
shall
shall
shall
shall
shall
shall
shall
shall
shall
shall
shall
shall
shall
shall
shall
shall
shall
shall
shall
shall
shall
shall
shall
shall
shall
shall
shall
shall
shall
shall
shall
shall
shall
shall
shall
shall
shall
shall
shall
shall
shall
shall
shall
shall
shall
shall
shall
shall
shall
shall
shall
shall
shall
shall
shall
shall
shall
shall
shall
shall
shall
shall
shall
shall
shall
shall
shall
shall
shall
shall
shall
shall
shall
shall
shall
shall
shall
shall
shall
shall
shall
shall
shall
shall
she
shed
shedding
shedding
shem
shem
shem
shepherd
shew
shew
shewn
shewn
shiblom
shim
shim
shine
shortly
should
should
should
should
should
should
should
should
should
should
should
should
should
should
should
should
shut
sick
sick
sick
sides
sidon
signs
sin
since
since
sing
singled
sins
sins
sins
six
sixteenth
sixth
sixth
sixty
sixty
sixty
sixty
sixty
sixty
sixty
slain
slain
slain
slain
slain
slaughter
slaughtered
slay
slay
slay
slay
sleep
sleep
slew
slew
slippery
small
small
smite
smiteth
smitten
smitten
smitten
smoke
so
so
so
so
so
so
so
so
so
so
so
sober
sober
soever
somewhat
somewhat
somewhat
somewhat
son
son
son
son
son
son
son
son
son
son
sons
soon
soon
sorceries
sore
sore
sorrow
sorrow
sorrow
sorrow
sorrow
sorrow
sorrow
sorrowing
sorrowing
sorrowing
sorrows
soul
soul
soul
soul
souls
souls
souls
souls
sound
south
southward
southward
southward
southward
southward
space
spake
spared
spared
spared
speak
speak
speak
speak
speak
speak
speak
speak
speak
speak
speak
speaking
speech
spirit
spirit
spirit
spirit
spirits
spiritually
spoken
spoken
spotless
spread
stand
stand
stand
stand
stand
stand
stand
stand
stand
stand
stand
stand
stand
stand
stand
stand
state
state
stature
stay
steer
stiffnecked
still
still
still
still
sting
stireth
stood
stop
stop
strength
strength
strength
strifes
strifes
strip
strive
strong
struggle
struggle
struggle
substances
such
such
such
such
such
suffer
suffer
suffer
suffer
suffer
suffer
suffer
suffering
sufficient
sufficiently
sun
suppose
suppose
supposing
surely
surely
survived
swallowed
swear
swear
swept
swept
swifter
sword
sword
sword
sword
sworn
take
take
take
take
take
take
take
take
take
take
take
take
take
take
take
taken
taken
taken
taking
tale
tarry
tarry
tasted
teachers
teachers
teancum
teancum
teancum
teancum
teancum
teancum
tear
tempests
temporal
temporally
temptation
ten
ten
ten
ten
ten
ten
ten
ten
ten
ten
ten
ten
ten
tenth
tents
terror
testified
than
than
than
than
than
than
thanks
that
that
that
that
that
that
that
that
that
that
that
that
that
that
that
that
that
that
that
that
that
that
that
that
that
that
that
that
that
that
that
that
that
that
that
that
that
that
that
that
that
that
that
that
that
that
that
that
that
that
that
that
that
that
that
that
that
that
that
that
that
that
that
that
that
that
that
that
that
that
that
that
that
that
that
that
that
that
that
that
that
that
that
that
that
that
that
that
that
that
that
that
that
that
that
that
that
that
that
that
that
that
that
that
that
that
that
that
that
that
that
that
that
that
that
that
that
that
that
that
that
that
that
that
that
that
that
that
that
that
that
that
that
that
that
that
that
that
that
that
that
that
that
that
that
that
that
that
that
that
that
that
that
that
that
that
that
that
that
that
that
that
that
that
that
that
that
that
that
that
that
that
that
that
that
that
that
that
that
that
that
that
that
that
that
that
that
that
that
that
that
that
that
that
that
that
that
that
that
that
that
that
that
that
that
that
that
that
that
that
that
that
that
that
that
that
that
that
that
that
that
that
that
that
that
that
that
that
that
that
that
that
that
that
that
that
that
that
that
that
that
that
that
that
that
that
the
the
the
the
the
the
the
the
the
the
the
the
the
the
the
the
the
the
the
the
the
the
the
the
the
the
the
the
the
the
the
the
the
the
the
the
the
the
the
the
the
the
the
the
the
the
the
the
the
the
the
the
the
the
the
the
the
the
the
the
the
the
the
the
the
the
the
the
the
the
the
the
the
the
the
the
the
the
the
the
the
the
the
the
the
the
the
the
the
the
the
the
the
the
the
the
the
the
the
the
the
the
the
the
the
the
the
the
the
the
the
the
the
the
the
the
the
the
the
the
the
the
the
the
the
the
the
the
the
the
the
the
the
the
the
the
the
the
the
the
the
the
the
the
the
the
the
the
the
the
the
the
the
the
the
the
the
the
the
the
the
the
the
the
the
the
the
the
the
the
the
the
the
the
the
the
the
the
the
the
the
the
the
the
the
the
the
the
the
the
the
the
the
the
the
the
the
the
the
the
the
the
the
the
the
the
the
the
the
the
the
the
the
the
the
the
the
the
the
the
the
the
the
the
the
the
the
the
the
the
the
the
the
the
the
the
the
the
the
the
the
the
the
the
the
the
the
the
the
the
the
the
the
the
the
the
the
the
the
the
the
the
the
the
the
the
the
the
the
the
the
the
the
the
the
the
the
the
the
the
the
the
the
the
the
the
the
the
the
the
the
the
the
the
the
the
the
the
the
the
the
the
the
the
the
the
the
the
the
the
the
the
the
the
the
the
the
the
the
the
the
the
the
the
the
the
the
the
the
the
the
the
the
the
the
the
the
the
the
the
the
the
the
the
the
the
the
the
the
the
the
the
the
the
the
the
the
the
the
the
the
the
the
the
the
the
the
the
the
the
the
the
the
the
the
the
the
the
the
the
the
the
the
the
the
the
the
the
the
the
the
the
the
the
the
the
the
the
the
the
the
the
the
the
the
the
the
the
the
the
the
the
the
the
the
the
the
the
the
the
the
the
the
the
the
the
the
the
the
the
the
the
the
the
the
the
the
the
the
the
the
the
the
the
the
the
the
the
the
the
the
the
the
the
the
the
the
the
the
the
the
the
the
the
the
the
the
the
the
the
the
the
the
the
the
the
the
the
the
the
the
the
the
the
the
the
the
the
the
the
the
the
the
the
the
the
the
the
the
the
the
the
the
the
the
the
the
the
the
the
the
the
the
the
the
the
the
the
the
the
the
the
the
the
the
the
the
the
the
the
the
the
the
the
the
the
the
the
the
the
the
the
the
the
the
the
the
the
the
the
the
the
the
the
the
the
the
the
the
the
the
the
the
the
the
the
the
the
the
the
the
the
the
the
the
the
the
the
the
the
the
the
the
the
the
the
the
the
the
the
the
the
the
the
the
the
the
the
the
the
the
the
the
the
the
the
the
the
the
the
the
the
the
the
the
the
the
the
the
the
the
the
the
the
the
the
the
the
the
the
the
the
the
the
the
the
the
the
the
the
the
the
the
the
the
the
the
the
the
the
the
the
the
the
the
the
the
the
the
the
the
the
the
the
the
the
the
the
the
the
the
the
the
the
the
the
the
the
the
the
the
the
the
the
the
the
the
the
the
the
the
the
the
the
the
the
the
the
the
the
the
the
the
the
the
the
the
the
the
the
the
the
the
the
the
the
the
the
the
the
the
the
the
the
the
the
the
the
the
the
the
the
the
the
the
the
the
the
the
their
their
their
their
their
their
their
their
their
their
their
their
their
their
their
their
their
their
their
their
their
their
their
their
their
their
their
their
their
their
their
their
their
their
their
their
their
their
their
their
their
their
their
their
their
their
their
their
their
their
their
their
their
their
their
their
their
their
their
their
their
their
their
their
their
their
their
their
their
their
their
their
their
their
their
their
their
their
their
their
their
their
their
their
their
their
their
their
their
their
their
their
their
their
their
their
their
their
them
them
them
them
them
them
them
them
them
them
them
them
them
them
them
them
them
them
them
them
them
them
them
them
them
them
them
them
them
them
them
them
them
them
them
them
them
them
them
them
them
them
them
them
them
them
them
them
them
them
them
them
them
them
them
them
them
them
them
them
them
them
them
them
them
them
them
them
them
them
them
them
them
them
them
them
them
them
them
them
them
them
them
them
themselves
themselves
themselves
themselves
then
then
then
then
then
then
then
then
then
then
then
then
then
there
there
there
there
there
there
there
there
there
there
there
there
there
there
there
there
there
there
there
there
there
there
there
there
there
there
there
there
there
there
there
there
there
there
therefore
therefore
therefore
therefore
therefore
therefore
therefore
therefore
therefore
therefore
therefore
therefore
therefore
therefore
therefore
therefore
therefore
therefore
therefore
therefore
therefore
therefore
thereof
thereof
thereof
thereof
thereof
thereof
these
these
these
these
these
these
these
these
these
these
these
these
these
these
these
these
these
these
these
these
they
they
they
they
they
they
they
they
they
they
they
they
they
they
they
they
they
they
they
they
they
they
they
they
they
they
they
they
they
they
they
they
they
they
they
they
they
they
they
they
they
they
they
they
they
they
they
they
they
they
they
they
they
they
they
they
they
they
they
they
they
they
they
they
they
they
they
they
they
they
they
they
they
they
they
they
they
they
they
they
they
they
they
they
they
they
they
they
they
they
they
they
they
they
they
they
they
they
they
they
they
they
they
they
they
they
they
they
they
they
they
they
they
they
they
they
they
they
they
they
they
they
they
they
they
they
thieves
thing
thing
thing
thing
thing
things
things
things
things
things
things
things
things
things
things
things
things
things
things
things
things
things
things
things
things
things
things
things
things
things
things
things
things
things
things
things
things
things
think
third
thirty
thirty
thirty
this
this
this
this
this
this
this
this
this
this
this
this
this
this
this
this
this
this
this
this
this
this
this
this
this
this
this
this
this
this
this
this
this
this
this
this
this
this
this
this
this
this
this
this
this
this
this
this
this
this
this
this
this
this
this
those
those
those
those
thou
though
though
thousand
thousand
thousand
thousand
thousand
thousand
thousand
thousand
thousand
thousand
thousand
thousand
thousand
thousand
thousand
thousands
thousands
three
three
three
three
three
three
three
three
three
three
three
three
three
three
three
three
three
three
three
thrice
throne
through
through
through
throughout
throughout
thus
thus
thus
thus
time
time
time
time
time
time
time
time
time
time
times
times
to
to
to
to
to
to
to
to
to
to
to
to
to
to
to
to
to
to
to
to
to
to
to
to
to
to
to
to
to
to
to
to
to
to
to
to
to
to
to
to
to
to
to
to
to
to
to
to
to
to
to
to
to
to
to
to
to
to
to
to
to
to
to
to
to
to
to
to
to
to
to
to
to
to
to
to
to
to
to
to
to
to
to
to
to
to
to
to
to
to
to
to
to
to
to
to
to
to
to
to
to
to
to
to
to
to
to
to
to
to
to
to
to
to
to
to
to
to
to
to
to
to
to
to
to
to
to
to
to
to
to
to
to
to
to
to
to
to
to
to
to
to
to
to
to
to
to
to
to
to
to
to
to
to
to
to
to
to
to
to
to
to
to
to
to
to
to
to
to
to
to
to
to
to
to
to
to
to
to
to
to
to
to
to
to
to
to
to
to
to
to
to
to
to
to
to
to
to
to
to
to
to
to
to
to
to
to
to
to
to
to
to
to
to
to
to
to
to
to
to
to
to-day
together
together
together
together
together
together
tongue
tongues
tongues
too
took
top
tops
tossed
towards
towards
towns
towns
transfigured
tread
treasures
treaty
trembling
tremendous
tribes
true
true
truly
trump
trust
tumble
turn
turn
twelve
twelve
twelve
twenty
twenty
twenty
twenty
twenty
two
two
unbelief
unbelief
unbelief
unbelief
unbelieving
unbelieving
unchangeable
uncleanness
under
under
under
understand
unhappy
unhappy
unquenchable
unshaken
until
until
until
until
until
until
until
until
until
until
unto
unto
unto
unto
unto
unto
unto
unto
unto
unto
unto
unto
unto
unto
unto
unto
unto
unto
unto
unto
unto
unto
unto
unto
unto
unto
unto
unto
unto
unto
unto
unto
unto
unto
unto
unto
unto
unto
unto
unto
unto
unto
unto
unto
unto
unto
unto
unto
unto
unto
unto
unto
unto
unto
unto
unto
unto
unto
unto
unto
unto
unto
unto
unto
unto
unto
unto
unto
unto
unto
unto
unto
unto
unto
unto
unto
unto
unto
unto
unto
unto
unto
unto
unto
unto
unto
unto
unto
unto
unto
unto
unto
unto
unto
unto
unto
unto
unto
unto
unto
unto
unto
unto
unto
unto
unto
unto
unto
unto
unto
unto
unto
unto
unto
unto
unworthily
unworthily
up
up
up
up
up
up
up
up
up
up
up
up
up
up
up
up
up
up
up
up
up
up
up
up
up
up
up
up
up
up
uphold
upon
upon
upon
upon
upon
upon
upon
upon
upon
upon
upon
upon
upon
upon
upon
upon
upon
upon
upon
upon
upon
upon
upon
upon
upon
upon
upon
upon
upon
upon
upon
upon
urge
us
us
us
us
us
us
us
us
us
us
us
us
us
us
us
us
us
us
us
us
us
us
us
us
us
utterly
utterly
vain
vain
vain
value
vapors
variableness
vary
vengeance
vengeance
vengeance
vengeance
very
very
very
vessel
victory
vigor
villages
villages
visitation
visited
voice
wages
walk
war
war
war
war
war
war
war
war
wars
wars
was
was
was
was
was
was
was
was
was
was
was
was
was
was
was
was
was
was
was
was
was
was
was
was
was
was
was
was
was
was
was
was
was
was
was
was
was
was
was
was
was
was
was
was
was
was
was
was
was
was
was
water
waters
waters
waves
way
ways
ways
ways
we
we
we
we
we
we
we
we
we
we
we
we
we
we
we
we
we
we
we
we
we
we
we
we
we
we
we
we
we
we
we
we
we
we
we
we
we
we
we
we
we
we
we
we
we
we
we
we
we
we
we
weak
weapons
weapons
wearing
weary
welfare
well
went
went
were
were
were
were
were
were
were
were
were
were
were
were
were
were
were
were
were
were
were
were
were
were
were
were
were
were
were
were
were
were
were
were
were
were
were
were
were
were
were
were
were
were
were
were
were
were
were
were
were
were
were
were
were
were
were
were
were
west
what
what
what
whatsoever
when
when
when
when
when
when
when
when
when
when
when
when
when
when
when
when
when
when
when
when
when
when
when
when
when
when
when
when
whence
where
where
whereby
whereby
whereby
wherein
wherewith
whether
whether
whether
which
which
which
which
which
which
which
which
which
which
which
which
which
which
which
which
which
which
which
which
which
which
which
which
which
which
which
which
which
which
which
which
which
which
which
which
which
which
which
which
which
which
which
which
which
which
which
which
which
which
which
which
which
which
which
which
which
which
which
which
which
which
which
which
which
which
which
which
which
which
which
which
which
which
which
which
which
which
which
which
which
which
which
which
which
which
which
which
which
which
which
which
which
which
which
which
which
which
which
which
which
which
which
which
which
which
which
which
which
which
which
which
while
white
whither
whither
who
who
who
who
who
who
who
who
who
who
who
who
who
who
whole
whole
whole
whole
whole
whom
whom
whom
whom
whom
whoredoms
whose
whose
whoso
whoso
whoso
whosoever
why
why
why
why
why
why
why
why
why
wicked
wicked
wicked
wicked
wicked
wicked
wickedness
wickedness
wickedness
wickedness
wickedness
wickedness
wickedness
wickedness
wickedness
wickedness
wickedness
wickedness
wickedness
wickedness
wickedness
widows
wild
wilfully
will
will
will
will
will
will
will
will
will
will
will
will
will
will
will
will
will
will
will
will
will
will
will
will
will
will
will
will
will
will
will
will
will
will
will
will
will
wind
wind
wisdom
wise
wise
wise
wish
witchcraft
witchcrafts
with
with
with
with
with
with
with
with
with
with
with
with
with
with
with
with
with
with
with
with
with
with
with
with
with
with
with
with
with
with
with
with
with
with
with
with
with
with
with
with
with
with
with
with
with
with
with
with
with
with
with
with
with
with
with
with
with
with
with
with
with
with
with
with
with
with
with
with
with
with
withdrew
within
without
without
without
without
without
without
withstood
witness
witness
wives
wives
wives
wo
wo
women
women
women
wonder
wonder
word
word
word
word
word
word
word
word
words
words
words
words
words
words
words
words
words
work
work
work
work
work
works
works
works
works
works
works
works
works
works
works
world
world
world
world
world
worth
worth
worthiness
would
would
would
would
would
would
would
would
would
would
would
would
would
would
would
would
would
would
would
would
would
would
would
would
would
would
wounded
wrath
write
write
write
write
write
write
write
write
write
write
write
write
written
written
written
written
written
written
written
written
written
written
wrote
wrought
wrought
wrought
wrought
wrought
wrought
ye
ye
ye
ye
ye
ye
ye
ye
ye
ye
ye
ye
ye
ye
ye
ye
ye
ye
ye
ye
ye
ye
ye
ye
ye
ye
ye
ye
ye
ye
ye
ye
ye
ye
ye
ye
ye
ye
ye
ye
ye
ye
ye
ye
ye
ye
ye
ye
ye
ye
ye
ye
ye
ye
ye
ye
ye
ye
ye
ye
ye
ye
ye
ye
ye
ye
ye
ye
ye
ye
ye
ye
ye
ye
ye
ye
ye
ye
ye
ye
ye
ye
ye
ye
ye
ye
ye
ye
ye
ye
ye
ye
ye
ye
ye
ye
ye
ye
ye
ye
ye
ye
ye
ye
ye
ye
ye
ye
ye
ye
ye
ye
ye
ye
ye
yea
yea
yea
yea
yea
yea
yea
yea
yea
yea
yea
yea
yea
yea
yea
yea
yea
yea
yea
yea
yea
yea
yea
yea
yea
yea
yea
yea
yea
yea
yea
year
year
year
year
year
year
year
year
year
year
year
year
year
year
year
year
year
year
year
year
year
years
years
years
years
years
years
years
years
years
years
years
years
years
yesterday
yet
yet
yet
yet
yet
yet
yield
you
you
you
you
you
you
you
you
you
you
you
you
you
you
you
you
you
you
you
you
you
you
you
you
you
you
you
you
you
you
you
you
you
you
you
you
you
you
you
young
your
your
your
your
your
your
your
your
your
your
your
your
your
your
your
your
your
your
your
your
your
your
your
your
your
your
your
your
your
your
your
your
your
your
your
your
yourself
yourselves
yourselves
yourselves
yourselves
yourselves
yourselves
yourselves
yourselves
zarahemla
zarahemla
zoramites
