




























































































































































































































































































































































































































































































































































































































































































































































































































































































































































































































--
--
a
a
a
a
a
a
a
a
a
a
a
a
a
a
a
a
a
a
a
a
a
a
a
a
a
a
a
a
a
a
a
a
a
a
a
a
a
a
a
a
a
a
a
a
a
a
a
a
a
a
a
a
aaron
abide
abomination
abomination
abominations
above
abridging
acceptable
according
according
according
according
according
according
according
according
according
according
according
according
account
accountable
acknowledgeth
adam
adam
administered
administered
administering
administering
advocateth
after
after
after
after
after
after
after
after
after
after
after
after
after
after
after
after
after
after
after
after
again
again
again
again
again
again
again
again
again
again
again
again
again
again
again
against
against
against
against
against
against
air
alike
alike
alike
alive
alive
alive
alive
all
all
all
all
all
all
all
all
all
all
all
all
all
all
all
all
all
all
all
all
all
all
all
all
all
all
all
all
all
all
all
all
all
all
all
all
all
all
all
all
all
all
all
all
all
alone
also
also
also
also
also
also
also
also
also
also
also
also
also
always
always
always
always
am
am
am
am
am
am
am
amen
amen
amen
amen
amen
amen
amen
among
among
among
among
among
among
among
among
among
among
among
among
amoron
an
an
an
an
an
an
and
and
and
and
and
and
and
and
and
and
and
and
and
and
and
and
and
and
and
and
and
and
and
and
and
and
and
and
and
and
and
and
and
and
and
and
and
and
and
and
and
and
and
and
and
and
and
and
and
and
and
and
and
and
and
and
and
and
and
and
and
and
and
and
and
and
and
and
and
and
and
and
and
and
and
and
and
and
and
and
and
and
and
and
and
and
and
and
and
and
and
and
and
and
and
and
and
and
and
and
and
and
and
and
and
and
and
and
and
and
and
and
and
and
and
and
and
and
and
and
and
and
and
and
and
and
and
and
and
and
and
and
and
and
and
and
and
and
and
and
and
and
and
and
and
and
and
and
and
and
and
and
and
and
and
and
and
and
and
and
and
and
and
and
and
and
and
and
and
and
and
and
and
and
and
and
and
and
and
and
and
and
and
and
and
and
and
and
and
and
and
and
and
and
and
and
and
and
and
and
and
and
and
and
and
and
and
and
and
and
and
and
and
and
and
and
and
and
and
and
and
and
and
and
and
and
and
and
and
and
and
and
and
and
and
and
and
and
and
and
and
and
and
and
and
and
and
and
and
and
and
and
and
and
and
and
and
and
and
and
and
and
and
and
and
and
and
and
and
and
and
and
and
and
and
and
and
and
and
and
and
and
and
and
and
and
and
and
and
and
and
and
and
and
and
and
and
and
and
and
and
and
and
and
and
and
and
and
and
and
and
and
and
and
and
and
and
and
and
and
and
and
and
and
and
and
and
and
and
and
and
and
and
and
and
and
angels
angels
angels
angels
angels
angels
angels
anger
anger
anger
another
another
another
another
another
another
another
another
another
another
another
answered
any
any
any
any
apostles
appear
appear
appear
appearing
archeantus
are
are
are
are
are
are
are
are
are
are
are
are
are
are
are
are
are
are
are
are
are
are
are
are
are
are
are
are
are
are
are
are
are
are
are
are
are
are
are
are
are
are
are
are
are
are
arise
armies
army
army
army
art
as
as
as
as
as
as
as
as
as
as
as
as
as
as
as
as
as
as
as
as
as
as
as
as
as
as
as
as
ascended
ask
ask
ask
ask
ask
at
at
at
at
at
at
at
atonement
atonement
attain
author
authority
authority
availeth
awake
away
away
away
away
away
away
away
away
awful
awful
awful
awful
baptism
baptism
baptism
baptism
baptism
baptism
baptism
baptism
baptism
baptism
baptism
baptism
baptism
baptism
baptism
baptism
baptism
baptize
baptized
baptized
baptized
baptized
bar
bar
battle
be
be
be
be
be
be
be
be
be
be
be
be
be
be
be
be
be
be
be
be
be
be
be
be
be
be
be
be
be
be
be
be
be
be
be
be
be
be
be
be
be
be
be
be
be
be
be
be
be
be
be
be
be
be
be
be
be
be
be
be
be
be
be
be
be
be
be
bear
beareth
beasts
beautiful
because
because
because
because
because
because
because
because
because
because
because
because
because
because
because
because
become
become
become
become
become
been
been
been
been
been
before
before
before
before
before
before
before
began
behold
behold
behold
behold
behold
behold
behold
behold
behold
behold
behold
behold
behold
behold
behold
behold
behold
behold
behold
behold
behold
behold
behold
behold
behold
behold
behold
behold
behold
behold
behold
behold
behold
behold
behold
behold
behold
behold
behold
behold
behold
behold
behold
beholding
being
being
being
being
being
being
believe
believe
believeth
believing
beloved
beloved
beloved
beloved
beloved
beloved
beloved
beloved
beloved
beloved
beloved
beloved
beloved
beloved
beloved
beloved
beold
beseech
bestowed
better
betwixt
bid
bitter
bitterness
bless
bless
blood
blood
blood
blood
blood
blotted
bodies
body
body
body
boldly
boldness
bonds
borders
both
both
bravery
bread
bread
brethren
brethren
brethren
brethren
brethren
brethren
brethren
brethren
brethren
brethren
brethren
brethren
brethren
brethren
brethren
brethren
brethren
brethren
brethren
brethren
bring
bringeth
bringeth
bringeth
broken
broken
brought
brought
brought
brutal
brutality
built
but
but
but
but
but
but
but
but
but
but
but
but
but
but
but
but
but
but
but
but
but
but
but
but
by
by
by
by
by
by
by
by
by
by
by
by
by
by
by
by
by
by
by
by
by
by
by
by
by
by
by
by
by
by
by
by
by
by
by
by
by
by
by
by
by
by
by
by
by
call
call
call
called
called
called
calling
calling
callings
came
came
came
came
can
can
can
can
can
can
can
can
can
can
can
can
can
can
can
can
cannot
cannot
cannot
cannot
cannot
cannot
cannot
cannot
cannot
cannot
cannot
cannot
cannot
capable
capable
carried
carry
case
case
casteth
cause
cease
ceased
ceased
ceased
ceased
ceased
ceased
ceased
ceased
ceased
ceased
certainly
changeable
changeable
charity
charity
charity
charity
charity
charity
charity
charity
charity
charity
charity
charity
charity
chastity
child
child
child
children
children
children
children
children
children
children
children
children
children
children
children
children
children
children
children
children
children
children
children
children
children
children
children
children
children
children
children
children
children
children
children
children
children
choice
chosen
chosen
christ
christ
christ
christ
christ
christ
christ
christ
christ
christ
christ
christ
christ
christ
christ
christ
christ
christ
christ
christ
christ
christ
christ
christ
christ
christ
christ
christ
christ
christ
christ
christ
christ
christ
christ
christ
christ
christ
christ
christ
christ
christ
christ
christ
christ
christ
christ
christ
christ
christ
christ
christ
christ
christ
christ
christ
christ
christ
christ
christ
christ
christ
christ
christ
christ
christ
christ
christ
christ
christ
church
church
church
church
church
church
church
church
church
church
circumcision
civil
civilization
claim
claimeth
clay
cleansed
cleave
cleave
come
come
come
come
come
come
come
come
come
come
come
come
comes
cometh
cometh
cometh
cometh
cometh
cometh
cometh
cometh
cometh
cometh
cometh
comforter
coming
coming
coming
command
commanded
commandments
commandments
commandments
commandments
commandments
commands
commit
committing
committing
concerning
concerning
concerning
concerning
concerning
concerning
concerning
concerning
concerning
concerning
condemn
condemn
condemnation
condemnation
condemnation
condemned
conducted
confessed
confesses
confounded
conquer
conquer
continually
continually
continually
continually
continually
continually
continually
continually
contrary
contrite
could
could
counted
counted
counted
counted
covenant
covenants
covenants
covenants
creation
cries
cruel
crying
cup
curse
curse
cut
danger
dark
daughter
daughters
daughters
day
day
day
day
day
daylight
dead
dead
dead
dear
death
death
death
death
death
death
declare
declare
declared
declaring
delight
delight
delightsome
deliver
denieth
denieth
deny
deny
deny
deny
deny
deny
deny
deny
deny
deny
denying
denying
depravity
depriving
desire
despair
despair
destroy
destroy
destruction
destruction
determination
devil
devil
devil
devil
devil
devil
devil
devour
did
did
did
did
did
did
did
did
did
did
did
did
did
did
did
did
die
die
die
died
different
diligence
diligently
diligently
diligently
disciples
disciples
disciples
disputations
disputations
dissent
dissented
diverse
diverse
do
do
do
do
do
do
do
do
do
do
do
do
do
do
do
do
do
do
do
do
do
do
do
do
doeth
doeth
doeth
doing
done
done
done
done
done
done
done
done
done
doth
doth
doth
doth
doth
doth
down
down
down
down
down
down
drink
dust
dust
dwell
dwell
dwelleth
earth
earth
earth
easily
eat
elder
elders
elders
elders
elders
emron
end
end
end
end
end
endless
endless
ends
ends
ends
endurance
endurance
endureth
endureth
endureth
enemy
enemy
energy
enforce
enlarge
enter
enticeth
enticeth
enticeth
envieth
epistle
epistle
epistle
error
eternal
eternal
eternal
eternal
eternal
eternal
eternal
eternal
eternal
eternally
eternity
eternity
even
even
even
even
even
even
even
everlasting
everlasting
everlasting
everlasting
every
every
every
every
every
every
every
every
every
every
every
every
every
every
every
every
every
evil
evil
evil
evil
evil
evil
evil
evil
evil
evil
evil
evil
evil
exceed
exceed
exceed
exceeding
exceeding
exceedingly
exceedingly
exceedingly
except
except
except
except
except
exercise
exhort
exhort
exhort
exhort
exhort
exhort
exhort
exhort
exhort
exhortation
expect
expedient
expedient
face
face
face
fail
faileth
faint
faith
faith
faith
faith
faith
faith
faith
faith
faith
faith
faith
faith
faith
faith
faith
faith
faith
faith
faith
faith
faith
faith
faith
faith
faith
faith
faith
faith
faith
faith
faith
faith
faith
faith
faith
faith
faith
faithful
fallen
fallen
fallen
farewell
farewell
fast
father
father
father
father
father
father
father
father
father
father
father
father
father
father
father
father
father
father
father
father
fathers
fathers
fathers
fathers
fathers
fear
fear
fear
fear
fear
fear
feed
feeling
fell
few
few
few
few
few
few
fierce
fighteth
filled
filled
filleth
finisher
firm
first
first
fit
fled
flesh
flesh
flesh
flesh
follow
follow
followers
followers
food
for
for
for
for
for
for
for
for
for
for
for
for
for
for
for
for
for
for
for
for
for
for
for
for
for
for
for
for
for
for
for
for
for
for
for
for
for
for
for
for
for
for
for
for
for
for
for
for
for
for
for
for
for
for
for
for
for
for
for
for
for
for
for
for
for
for
for
for
for
for
for
for
for
for
for
for
for
for
for
forever
forever
forever
forever
forever
forever
forgiven
forgiveness
form
forth
forth
forth
forth
forth
forth
forth
forth
forth
found
found
foundation
fountain
four
from
from
from
from
from
from
from
from
from
from
from
from
from
from
from
from
from
from
from
from
fruit
fruits
fulfil
fulfilled
fulfilling
fulfilling
fulfilling
fulfilling
fulfilling
future
gall
garments
generation
generation
ghost
ghost
ghost
ghost
ghost
ghost
ghost
ghost
ghost
ghost
ghost
ghost
ghost
ghost
ghost
ghost
gift
gift
gift
gift
gift
gift
gift
gift
gift
gifts
gifts
gifts
gifts
gifts
gifts
gifts
gifts
give
give
give
give
give
given
given
given
given
given
given
giveth
glory
glory
go
go
go
god
god
god
god
god
god
god
god
god
god
god
god
god
god
god
god
god
god
god
god
god
god
god
god
god
god
god
god
god
god
god
god
god
god
god
god
god
god
god
god
god
god
god
god
god
god
god
god
god
god
god
god
god
god
god
god
god
god
god
god
god
god
god
god
god
god
god
god
god
god
god
god
god
god
god
god
god
godliness
gone
good
good
good
good
good
good
good
good
good
good
good
good
good
good
good
good
good
good
good
good
good
good
good
good
good
good
good
good
good
good
good
good
good
goodness
grace
grace
grace
grace
grace
grace
grace
grace
great
great
great
great
great
great
greatest
grieve
grieveth
grieveth
grievous
gross
grudgingly
had
had
had
had
had
had
had
had
had
had
had
had
had
hand
hand
hand
hands
hands
hands
hands
harden
hardness
hardness
has
has
has
has
has
hath
hath
hath
hath
hath
hath
hath
hath
hath
hath
hath
hath
hath
hath
hath
hath
hath
hath
hath
hath
hath
hath
hath
hath
hath
hath
hath
hath
hath
hath
hatred
have
have
have
have
have
have
have
have
have
have
have
have
have
have
have
have
have
have
have
have
have
have
have
have
have
have
have
have
have
have
have
have
have
have
have
have
have
have
have
have
have
have
have
have
have
have
have
have
have
have
have
have
have
have
have
have
have
have
have
have
having
having
having
having
he
he
he
he
he
he
he
he
he
he
he
he
he
he
he
he
he
he
he
he
he
he
he
he
he
he
he
he
he
he
he
he
he
he
he
he
he
he
he
he
he
he
he
he
he
he
he
he
he
he
he
he
he
he
he
he
he
he
he
he
he
he
he
he
he
he
he
he
he
he
healing
heard
heard
heart
heart
heart
heart
heart
heart
heart
heart
heart
heart
hearts
hearts
hearts
hearts
hearts
heaven
heaven
heavens
heavens
heed
heed
hell
hell
hell
hence
her
hide
high
him
him
him
him
him
him
him
him
him
him
him
him
him
him
him
him
him
him
him
him
him
him
him
him
him
him
him
him
himself
his
his
his
his
his
his
his
his
his
his
his
his
his
his
his
his
his
his
his
his
his
his
his
his
his
his
his
his
his
his
his
his
his
his
his
his
his
his
his
hiss
hold
hold
hold
hold
hold
holy
holy
holy
holy
holy
holy
holy
holy
holy
holy
holy
holy
holy
holy
holy
holy
holy
holy
holy
holy
holy
hope
hope
hope
hope
hope
hope
hope
hope
hope
hope
hope
hope
hope
hope
hope
hope
hope
hope
hopeth
horrible
house
how
how
how
how
how
how
how
humble
hundred
husbands
husbands
i
i
i
i
i
i
i
i
i
i
i
i
i
i
i
i
i
i
i
i
i
i
i
i
i
i
i
i
i
i
i
i
i
i
i
i
i
i
i
i
i
i
i
i
i
i
i
i
i
i
i
i
i
i
i
i
i
i
i
i
i
i
i
i
i
i
i
i
i
i
i
i
i
i
i
i
i
i
i
i
i
i
i
i
i
i
i
i
i
i
i
i
i
i
i
i
i
i
i
i
i
i
i
i
i
i
if
if
if
if
if
if
if
if
if
if
if
if
if
if
if
if
if
if
if
if
if
if
if
if
if
if
if
if
if
if
if
if
if
if
if
if
if
if
if
if
if
if
if
immediately
in
in
in
in
in
in
in
in
in
in
in
in
in
in
in
in
in
in
in
in
in
in
in
in
in
in
in
in
in
in
in
in
in
in
in
in
in
in
in
in
in
in
in
in
in
in
in
in
in
in
in
in
in
in
in
in
in
in
in
in
in
in
in
in
in
in
in
in
in
in
in
in
in
in
in
in
in
in
in
in
in
in
in
in
in
in
in
in
infinite
iniquity
iniquity
iniquity
iniquity
iniquity
inquired
inspired
intent
intent
intent
intent
intent
interpretation
into
into
into
into
inviteth
inviteth
inviteth
inviteth
is
is
is
is
is
is
is
is
is
is
is
is
is
is
is
is
is
is
is
is
is
is
is
is
is
is
is
is
is
is
is
is
is
is
is
is
is
is
is
is
is
is
is
is
is
is
is
is
is
is
is
is
is
is
is
is
is
is
is
is
is
is
is
is
is
is
is
is
is
is
is
is
is
is
is
is
is
is
is
is
israel
it
it
it
it
it
it
it
it
it
it
it
it
it
it
it
it
it
it
it
it
it
it
it
it
it
it
it
it
it
it
it
it
it
it
it
it
it
it
it
it
it
it
it
it
it
it
it
it
it
it
it
it
jared
jaredites
jehovah
jerusalem
jesus
jesus
jesus
jesus
jesus
jesus
jesus
jesus
jesus
jesus
jesus
judge
judge
judge
judge
judge
judge
judge
judge
judge
judge
judged
judgment
judgment
judgment
judgment
just
keep
keep
keep
keep
kind
kinds
kinds
kingdom
kingdom
kingdom
kingdom
kneel
know
know
know
know
know
know
know
know
know
know
know
know
know
know
know
know
know
knowest
knowest
knowing
knowledge
knowledge
knowledge
knowledge
knowledge
knowledge
known
labor
labor
labor
labor
laboring
laid
laid
laid
lamanites
lamanites
lamanites
lamanites
lamanites
lamanites
lamanites
lamanites
lamanites
lamanites
lamanites
lamanites
lamanites
land
land
languages
last
last
last
law
law
law
law
law
lay
lay
lay
lay
lay
lay
learned
learned
led
left
lest
lest
lest
lest
lest
let
lie
lie
life
life
life
life
lift
light
light
light
like
like
like
like
like
like
likewise
listen
listen
little
little
little
little
little
little
little
little
little
little
little
little
little
little
little
liveth
long
long
long
long
longer
longer
lord
lord
lord
lord
lord
lord
lord
lord
lord
lord
lord
lord
lord
lord
lord
lost
lost
love
love
love
love
love
love
love
love
love
love
love
lowliness
lowliness
lowly
lowly
lowly
luram
made
made
made
made
made
make
make
man
man
man
man
man
man
man
man
man
man
man
man
man
man
man
man
man
manifest
manifest
manifest
manifest
manifestations
manner
manner
manner
manner
manner
manner
manner
manner
manner
manner
manner
manner
many
many
many
many
many
many
many
many
many
many
matter
may
may
may
may
may
may
may
may
may
may
may
may
may
may
may
may
may
may
may
may
may
may
may
may
may
may
may
may
may
may
may
may
may
may
may
may
may
mayest
me
me
me
me
me
me
me
me
me
me
me
me
me
me
me
me
me
me
me
me
me
me
me
me
me
meek
meek
meek
meekness
meekness
meet
meet
meet
meet
meet
meetings
mekness
men
men
men
men
men
men
men
men
men
men
men
men
men
men
men
men
men
men
men
men
men
men
men
men
men
men
mercies
mercies
mercies
merciful
mercy
mercy
mercy
mercy
merits
might
might
mighty
mighty
mind
mind
mind
mindful
mindful
mine
mine
minister
minister
minister
minister
minister
ministering
ministering
ministry
ministry
ministry
miracles
miracles
miracles
miracles
miracles
mockery
mockery
more
more
more
more
more
more
more
moriantum
mormon
mormon
mormon
moroni
moroni
moroni
moroni
moroni
moroni
moroni
moroni
most
most
mouth
mouth
mouth
much
multitude
murder
must
must
must
must
must
must
must
must
must
must
must
must
must
must
must
must
my
my
my
my
my
my
my
my
my
my
my
my
my
my
my
my
my
my
my
my
my
my
my
my
my
my
my
my
my
my
my
my
my
my
my
my
my
my
my
my
my
my
my
my
my
my
my
my
my
my
myself
name
name
name
name
name
name
name
name
name
name
name
name
name
name
name
name
name
name
names
names
nation
nay
nay
need
need
needeth
needeth
needs
needs
needs
needs
neither
neither
neither
neither
neither
neither
neither
neither
neither
neither
neither
neither
nephite
nephites
never
never
night
no
no
no
no
no
no
no
no
no
no
no
no
no
no
no
no
no
no
no
no
no
no
none
none
none
none
none
nor
nor
not
not
not
not
not
not
not
not
not
not
not
not
not
not
not
not
not
not
not
not
not
not
not
not
not
not
not
not
not
not
not
not
not
not
not
not
not
not
not
not
not
not
not
not
not
not
not
not
not
not
not
not
not
nothing
nothing
nothing
nothing
nothing
nothing
notwithstanding
notwithstanding
nought
nourished
now
now
now
now
now
now
now
now
now
now
now
now
now
now
now
now
now
now
now
number
numbered
numbered
numbered
o
o
o
o
o
o
o
o
o
o
o
observe
obtained
of
of
of
of
of
of
of
of
of
of
of
of
of
of
of
of
of
of
of
of
of
of
of
of
of
of
of
of
of
of
of
of
of
of
of
of
of
of
of
of
of
of
of
of
of
of
of
of
of
of
of
of
of
of
of
of
of
of
of
of
of
of
of
of
of
of
of
of
of
of
of
of
of
of
of
of
of
of
of
of
of
of
of
of
of
of
of
of
of
of
of
of
of
of
of
of
of
of
of
of
of
of
of
of
of
of
of
of
of
of
of
of
of
of
of
of
of
of
of
of
of
of
of
of
of
of
of
of
of
of
of
of
of
of
of
of
of
of
of
of
of
of
of
of
of
of
of
of
of
of
of
of
of
of
of
of
of
of
of
of
of
of
of
of
of
of
of
of
of
of
of
of
of
of
of
of
of
of
of
of
of
of
of
of
of
of
of
of
of
of
of
of
of
of
of
of
of
of
of
of
of
of
of
of
of
of
of
of
of
of
of
of
of
of
of
of
of
of
of
of
of
of
of
of
of
of
of
of
of
of
of
of
of
of
of
of
of
of
of
of
of
of
of
of
of
of
of
of
of
of
of
of
of
of
of
of
of
of
of
of
of
of
of
of
of
of
of
of
of
of
of
of
of
of
of
of
of
of
of
off
offereth
office
oft
oft
oft
old
old
on
on
on
on
on
on
on
on
on
on
on
one
one
one
one
one
one
one
one
one
one
one
only
only
or
or
or
or
or
or
or
or
or
or
or
or
or
or
or
or
or
or
or
ordain
ordain
ordain
ordained
ordained
order
other
otherwise
ought
our
our
our
our
our
our
our
our
our
our
our
our
out
out
out
out
out
out
out
over
over
over
own
own
own
paradise
parents
part
part
partake
partake
partakers
partial
partial
pass
passed
passed
past
peaceable
peaceable
people
people
people
people
people
people
people
people
people
people
people
people
people
people
people
people
perfect
perfect
perfect
perfect
perfect
perfect
perfect
perfect
perfect
perfected
perform
perhaps
perish
perish
perish
perish
perish
perish
perish
perished
permitted
persons
persuade
persuadeth
persuadeth
perversion
pervert
physician
place
place
plain
pleasing
ponder
possessed
possible
power
power
power
power
power
power
power
power
power
power
power
power
power
power
power
power
power
power
power
power
power
power
power
power
power
power
power
power
pray
pray
pray
pray
pray
pray
pray
prayed
prayer
prayer
prayer
prayers
prayeth
praying
preach
preach
preach
precious
prepare
prepareth
pride
priest
priest
priests
priests
priests
priests
principle
prisoners
prisoners
proceed
proceedeth
profit
profiteth
profiteth
promise
prophecies
prophecies
prophesy
prophets
prophets
proved
provisions
provoked
puffed
pure
pure
pure
purified
put
put
put
putting
quick
raised
read
read
real
real
real
real
receive
receive
receive
receive
received
received
received
receiveth
recommend
recommend
records
records
redeemer
redemption
redemption
redemption
rejecting
rejoice
rejoiceth
rejoiceth
relying
remain
remember
remember
remember
remember
remember
remember
remember
remembered
remembrance
remembrance
remembrance
remission
remission
remission
remission
remission
removed
repent
repent
repent
repent
repent
repent
repent
repent
repentance
repentance
repentance
repentance
repentance
repentance
repentance
repentance
repentance
repented
repented
repented
residue
respector
rest
rest
rest
rest
rest
resurrection
retained
return
return
reunite
revenge
revenge
right
right
right
righteous
righteousness
righteousness
rights
rise
sacred
safety
said
said
said
said
said
said
said
saints
saith
saith
salvation
same
same
same
same
same
same
same
same
sanctified
sanctify
sanctify
satan
save
save
save
save
save
save
save
save
save
saved
saved
saved
saved
saved
saved
saved
saved
saved
saved
saveth
saviour
say
say
say
say
say
say
say
saying
saying
saying
saying
saying
scene
seal
seat
second
see
see
see
see
see
seeing
seeketh
seeking
seeking
seemeth
seemeth
sent
sent
servant
servant
serve
serve
serve
set
setteth
severally
shall
shall
shall
shall
shall
shall
shall
shall
shall
shall
shall
shall
shall
shall
shall
shall
shall
shall
shall
shall
shall
shall
shall
shall
shall
shall
shall
shall
shall
shall
shall
shall
shall
shall
shall
shall
shall
shall
shall
shall
shall
shall
shall
shall
shall
shall
shall
shall
shall
shall
shall
shall
shall
sharpness
sharpness
shed
shedding
sherrizah
sherrizah
sherrizah
shew
shew
shew
shewing
shewing
should
should
should
should
should
should
should
should
should
should
should
should
should
should
should
should
sick
sign
sin
sin
sin
since
sincere
sing
sinners
sins
sins
sins
sins
sins
sins
sins
sins
sitteth
slain
smite
so
so
so
so
so
so
so
so
so
solemn
some
somewhat
somewhat
somewhat
somewhat
son
son
son
son
son
son
son
son
son
son
son
son
son
son
son
son
son
son
son
son
son
son
son
son
son
son
sons
sons
soon
soon
soon
soon
soon
sore
sought
souls
souls
souls
souls
spake
spake
spake
spake
spare
spared
sparing
speak
speak
speak
speak
speak
speak
speak
speak
speak
speak
speak
speak
speak
speak
speaking
speedily
spirit
spirit
spirit
spirit
spirit
spirit
spirit
spirit
spirit
spirit
spirit
spirit
spirit
spirit
spirits
spiritual
spoken
spoken
spoken
spoken
spot
stakes
stand
stand
stand
state
stay
stireth
strength
strength
strengthen
strict
striving
striving
strong
strong
subject
subject
subject
such
such
such
suffereth
suffering
sufferings
sufferings
sufferings
sufficient
sufficient
supplicate
suppose
supposed
supposed
supposed
supposeth
suredly
sword
synagogue
tabernacle
take
take
taken
taken
taken
taught
teach
teach
teach
teach
teacher
teacher
teachers
teachers
teachers
tell
tell
testimony
than
than
that
that
that
that
that
that
that
that
that
that
that
that
that
that
that
that
that
that
that
that
that
that
that
that
that
that
that
that
that
that
that
that
that
that
that
that
that
that
that
that
that
that
that
that
that
that
that
that
that
that
that
that
that
that
that
that
that
that
that
that
that
that
that
that
that
that
that
that
that
that
that
that
that
that
that
that
that
that
that
that
that
that
that
that
that
that
that
that
that
that
that
that
that
that
that
that
that
that
that
that
that
that
that
that
that
that
that
that
that
that
that
that
that
that
that
that
that
that
that
that
that
that
that
that
that
that
that
that
that
that
that
that
that
that
that
that
that
that
that
that
that
that
that
that
that
that
that
that
that
that
the
the
the
the
the
the
the
the
the
the
the
the
the
the
the
the
the
the
the
the
the
the
the
the
the
the
the
the
the
the
the
the
the
the
the
the
the
the
the
the
the
the
the
the
the
the
the
the
the
the
the
the
the
the
the
the
the
the
the
the
the
the
the
the
the
the
the
the
the
the
the
the
the
the
the
the
the
the
the
the
the
the
the
the
the
the
the
the
the
the
the
the
the
the
the
the
the
the
the
the
the
the
the
the
the
the
the
the
the
the
the
the
the
the
the
the
the
the
the
the
the
the
the
the
the
the
the
the
the
the
the
the
the
the
the
the
the
the
the
the
the
the
the
the
the
the
the
the
the
the
the
the
the
the
the
the
the
the
the
the
the
the
the
the
the
the
the
the
the
the
the
the
the
the
the
the
the
the
the
the
the
the
the
the
the
the
the
the
the
the
the
the
the
the
the
the
the
the
the
the
the
the
the
the
the
the
the
the
the
the
the
the
the
the
the
the
the
the
the
the
the
the
the
the
the
the
the
the
the
the
the
the
the
the
the
the
the
the
the
the
the
the
the
the
the
the
the
the
the
the
the
the
the
the
the
the
the
the
the
the
the
the
the
the
the
the
the
the
the
the
the
the
the
the
the
the
the
the
the
the
the
the
the
the
the
the
the
the
the
the
the
the
the
the
the
the
the
the
the
the
the
the
the
the
the
the
the
the
the
the
the
the
the
the
the
the
the
the
the
the
the
the
the
the
the
the
the
the
the
the
the
the
the
the
the
the
the
the
the
the
the
the
the
the
the
the
the
the
the
the
the
the
the
the
the
the
the
the
the
the
the
thee
thee
thee
thee
thee
thee
thee
thee
thee
thee
thee
thee
thee
their
their
their
their
their
their
their
their
their
their
their
their
their
their
their
their
their
their
their
their
their
their
their
their
their
their
their
their
their
their
their
their
their
their
their
them
them
them
them
them
them
them
them
them
them
them
them
them
them
them
them
them
them
them
them
them
them
them
them
them
them
them
them
them
them
them
them
them
them
them
them
them
them
them
them
them
them
themselves
themselves
themselves
themselves
then
then
then
then
then
there
there
there
there
there
there
there
there
there
there
there
there
there
there
there
there
there
there
there
thereof
thereof
these
these
these
these
these
these
these
these
these
these
these
these
these
these
these
these
these
these
they
they
they
they
they
they
they
they
they
they
they
they
they
they
they
they
they
they
they
they
they
they
they
they
they
they
they
they
they
they
they
they
they
they
they
they
they
they
they
they
they
they
they
they
they
they
they
they
they
they
they
they
they
they
they
they
they
they
they
they
they
they
they
they
they
they
they
they
they
they
they
they
they
they
they
they
they
they
they
they
they
they
they
they
they
they
they
they
they
they
they
they
they
they
they
they
they
they
they
they
they
thing
thing
thing
thing
thing
thing
thing
thing
thing
thing
thing
thing
thing
thing
thing
thing
thing
thing
things
things
things
things
things
things
things
things
things
things
things
things
things
things
things
things
things
things
things
things
things
things
things
things
things
things
things
things
things
things
things
things
thinketh
thirst
this
this
this
this
this
this
this
this
this
this
this
this
this
this
this
this
this
this
this
this
this
this
this
this
this
this
this
this
this
this
this
this
this
this
this
this
this
this
this
those
those
those
those
thou
thou
thou
thou
thou
though
thought
three
throne
through
through
through
through
through
through
thus
thus
thus
thy
thy
thy
thy
thy
thy
thy
thy
thy
thy
time
time
time
time
time
time
to
to
to
to
to
to
to
to
to
to
to
to
to
to
to
to
to
to
to
to
to
to
to
to
to
to
to
to
to
to
to
to
to
to
to
to
to
to
to
to
to
to
to
to
to
to
to
to
to
to
to
to
to
to
to
to
to
to
to
to
to
to
to
to
to
to
to
to
to
to
to
to
to
to
to
to
to
to
to
to
to
to
to
to
to
to
to
to
to
to
to
to
to
to
to
to
to
to
to
to
to
to
to
to
to
to
to
to
to
to
to
to
to
to
to
to
to-day
to-day
together
together
token
to-morrow
tongue
tongues
tongues
took
took
took
torment
torturing
touch
towards
tower
tremble
triumphant
true
true
true
true
true
true
true
true
truly
truly
trust
trust
trust
truth
truth
truth
truth
twelve
twenty
unbelief
unbelief
unbelief
unchangeable
unclean
under
under
under
under
ungodliness
ungodliness
until
until
until
until
until
until
until
until
unto
unto
unto
unto
unto
unto
unto
unto
unto
unto
unto
unto
unto
unto
unto
unto
unto
unto
unto
unto
unto
unto
unto
unto
unto
unto
unto
unto
unto
unto
unto
unto
unto
unto
unto
unto
unto
unto
unto
unto
unto
unto
unto
unto
unto
unto
unto
unto
unto
unto
unto
unto
unto
unto
unto
unto
unto
unto
unto
unto
unto
unto
unto
unto
unto
unto
unto
unto
unto
unto
unto
unto
unto
unto
unto
unto
unto
unto
unto
unto
unto
unto
unto
unto
unto
unto
unto
unto
unto
unto
unto
unto
unto
unto
unto
unto
unto
unto
unto
unto
unto
unto
unto
unto
unto
unto
unto
unto
unto
unto
unto
unto
unto
unto
up
up
up
up
up
upon
upon
upon
upon
upon
upon
upon
upon
upon
upon
upon
upon
upon
upon
upon
upon
upon
us
us
use
utter
vain
vain
vessel
victims
virtue
visitation
walk
wander
wander
wars
was
was
was
was
was
was
was
was
was
was
watchful
water
water
way
way
way
way
way
way
way
ways
ways
ways
we
we
we
we
we
we
we
we
we
we
we
we
we
we
we
weak
weigh
welfare
well
well
were
were
were
were
were
were
were
were
were
were
were
were
were
were
were
were
were
were
were
were
what
what
whatsoever
whatsoever
whatsoever
whatsoever
when
when
when
when
when
when
whereby
wherefore
wherefore
wherefore
wherefore
wherefore
wherefore
wherefore
wherefore
wherefore
wherefore
wherefore
wherefore
wherefore
wherefore
wherefore
wherefore
wherefore
wherefore
wherefore
wherefore
wherefore
wherefore
wherefore
wherefore
wherefore
wherefore
wherefore
wherefore
wherefore
wherefore
wherefore
wherefore
wherefore
wherefore
wherefore
wherefore
wherefore
wherefore
whether
which
which
which
which
which
which
which
which
which
which
which
which
which
which
which
which
which
which
which
which
which
which
which
which
which
which
which
which
which
which
which
which
which
which
which
which
which
which
which
which
which
which
which
which
which
which
which
which
which
which
which
which
which
which
which
which
which
which
which
which
which
which
which
while
whilst
whithersoever
whithersoever
who
who
who
who
who
whole
whole
whom
whom
whose
whose
whoso
whoso
wickedness
wickedness
wickedness
wickedness
wickedness
widows
wild
wilfulness
will
will
will
will
will
will
will
will
will
will
will
will
will
will
will
will
will
will
will
will
will
willing
wilt
wine
wine
wine
wisdom
wisdom
wise
wise
wise
with
with
with
with
with
with
with
with
with
with
with
with
with
with
with
with
with
with
with
with
with
with
with
with
with
with
with
with
with
with
with
with
with
with
with
withheld
without
without
without
without
without
without
without
without
without
witness
witness
witness
witnessed
witnesses
wo
wo
wo
wo
wo
wo
women
women
women
women
women
word
word
word
word
word
word
word
word
word
word
word
words
words
words
words
words
words
words
words
words
words
work
work
work
work
work
worketh
worketh
workings
works
works
works
world
world
world
worship
worth
worthy
would
would
would
would
would
would
would
would
would
would
would
would
would
would
would
write
write
write
write
write
write
write
write
write
write
write
write
written
written
written
written
written
written
written
written
written
wrongfully
wrought
wrought
ye
ye
ye
ye
ye
ye
ye
ye
ye
ye
ye
ye
ye
ye
ye
ye
ye
ye
ye
ye
ye
ye
ye
ye
ye
ye
ye
ye
ye
ye
ye
ye
ye
ye
ye
ye
ye
ye
ye
ye
ye
ye
ye
ye
ye
ye
ye
ye
ye
ye
ye
ye
ye
ye
ye
ye
ye
ye
ye
ye
ye
ye
ye
ye
ye
ye
ye
ye
ye
ye
ye
ye
ye
ye
ye
ye
ye
ye
yea
yea
yea
yea
yea
yea
yea
years
years
yesterday
yet
yet
you
you
you
you
you
you
you
you
you
you
you
you
you
you
you
you
you
you
you
you
you
you
you
you
you
you
you
you
you
you
you
you
you
you
you
you
you
you
you
you
you
you
you
you
you
you
you
you
you
you
you
you
you
you
young
your
your
your
your
your
your
your
your
your
your
your
your
your
yourselves
yourselves
zenephi
zion
