































































































































































































































































--
a
a
a
a
a
a
a
a
a
a
a
a
a
a
abinadom
abinadom
about
according
according
according
according
according
according
account
across
admonished
advantage
after
after
after
again
again
all
all
all
also
also
also
also
also
am
am
am
am
amaleki
amaleki
amaleki
amaron
amaron
among
among
an
an
an
an
an
an
and
and
and
and
and
and
and
and
and
and
and
and
and
and
and
and
and
and
and
and
and
and
and
and
and
and
and
and
and
and
and
and
and
and
and
and
and
and
and
and
and
and
and
and
and
and
and
and
and
and
and
and
and
and
and
and
and
and
and
and
and
and
and
and
and
and
and
and
and
and
and
and
and
and
and
and
and
and
and
and
and
and
and
and
and
and
and
and
and
and
and
and
and
and
and
and
and
and
angels
appointed
are
are
are
arm
as
as
as
as
as
as
as
as
as
at
at
at
away
away
away
away
babylon
be
be
be
be
be
be
because
become
become
been
before
began
behold
behold
behold
behold
behold
behold
behold
behold
behold
behold
behold
behold
behold
behold
being
being
being
being
believe
beloved
benjamin
benjamin
benjamin
benjamin
between
between
bloodshed
bloodshed
bones
book
book
born
brass
brethren
brethren
brother
brother
brother
brought
brought
brought
but
but
but
but
but
by
by
by
by
by
by
by
by
by
called
called
came
came
came
came
came
came
came
came
came
came
came
came
came
came
came
came
captive
carried
caused
caused
certain
chemish
chemish
chemish
christ
come
come
come
come
cometh
commanded
commanded
commandments
commandments
commandments
commandments
concerning
concerning
concerning
concerning
conferred
confounded
considerable
contained
contention
contention
contentions
continually
continue
coriantumr
coriantumr
corrupted
could
creator
day
days
days
days
days
death
defence
deliver
deliver
deliver
delivered
denied
depart
departed
desirous
destroyed
devil
did
did
did
did
did
did
did
did
did
did
discovered
discovered
discovered
discovered
discovered
done
down
down
drive
dwelt
dwelt
eighty
end
end
end
end
end
endure
enemies
enemies
enemies
engraven
engravings
engravings
evil
exceeding
exceedingly
exhorting
fallen
falling
falling
fasting
father
father
fathers
fathers
fathers
fathers
fathers
fell
few
few
few
fifty
fine
first
flee
for
for
for
for
for
for
for
forth
fought
from
from
from
from
from
from
from
from
full
gave
gave
genealogy
genealogy
generations
gift
gift
gift
god
god
god
good
good
grave
great
great
great
had
had
had
had
had
had
had
had
had
had
had
had
had
had
had
had
had
hand
hand
hands
hands
hands
has
have
have
have
have
have
have
having
he
he
he
he
he
he
he
he
he
he
he
he
he
he
hearken
hearken
him
him
him
him
him
him
his
his
his
his
his
his
his
his
his
his
his
his
his
his
holy
holy
hundred
hundred
hundred
i
i
i
i
i
i
i
i
i
i
i
i
i
i
i
i
i
i
i
i
i
i
i
i
i
i
i
i
i
i
i
i
i
i
i
i
in
in
in
in
in
in
in
in
in
in
in
in
in
in
in
in
in
in
in
in
in
in
in
in
in
in
inasmuch
inheritance
insomuch
interpret
interpreting
into
into
into
into
into
into
into
into
into
into
is
is
is
is
is
is
is
is
is
is
is
is
israel
israel
it
it
it
it
it
it
it
it
it
it
it
it
it
it
it
it
it
it
it
jarom
jerusalem
jerusalem
jews
journey
journied
judah
judgment
judgments
just
just
keep
keep
kept
kept
kept
king
king
king
king
king
king
kings
know
know
knowing
known
lamanites
lamanites
lamanites
lamanites
land
land
land
land
land
land
land
land
land
land
land
land
land
land
language
language
language
language
languages
large
large
last
lay
lay
leader
led
led
led
lived
lives
liveth
lord
lord
lord
lord
lord
lord
lord
lord
lord
lord
lord
lord
lord
lord
made
make
make
make
make
man
man
man
man
manner
many
many
many
many
many
many
many
me
memory
men
mighty
mine
ministering
moons
more
mosiah
mosiah
mosiah
mosiah
mosiah
mosiah
mosiah
mosiah
mosiah
mosiah
mosiah
mosiah
mosiah
much
much
much
much
my
my
my
my
my
my
my
my
my
my
my
my
my
my
myself
neither
nephi
nephi
nephites
nephites
nephites
nephites
nephites
nevertheless
nevertheless
nine
no
no
no
nor
northward
not
not
not
not
not
not
not
not
not
not
nothing
now
now
now
now
now
number
number
number
numerous
obtain
of
of
of
of
of
of
of
of
of
of
of
of
of
of
of
of
of
of
of
of
of
of
of
of
of
of
of
of
of
of
of
of
of
of
of
of
of
of
of
of
of
of
of
of
of
of
of
of
of
of
of
of
of
of
of
of
of
of
of
of
of
of
of
of
of
of
of
of
of
offer
offering
old
omni
on
one
one
one
others
ought
our
our
our
out
out
out
out
out
out
out
out
over
over
own
own
parents
part
partake
pass
pass
pass
pass
pass
pass
pass
pass
pass
pass
pass
pass
pass
passed
passed
passed
peace
people
people
people
people
people
people
people
people
people
people
people
people
people
perish
plates
plates
plates
plates
plates
plates
plates
plates
possess
power
power
power
praying
preachings
preserve
preserve
preserved
prophecy
prophesying
prophesyings
prosper
record
record
records
records
redemption
reigneth
rejoice
rejoicing
return
returned
revelations
revelations
righteous
salvation
same
save
save
save
saved
saw
saw
saying
scattered
seasons
seasons
see
seed
seen
sent
serious
serious
serious
seventy
severity
shall
shall
should
should
should
should
should
should
should
should
since
six
slain
slain
somewhat
somewhat
somewhat
son
son
son
son
souls
space
spake
spake
spare
speak
speak
speaking
speaking
statutes
stead
stiffnecked
stone
strong
suffer
suffer
sufficient
sword
sword
sword
taken
taught
taught
that
that
that
that
that
that
that
that
that
that
that
that
that
that
that
that
that
that
that
that
that
that
that
that
that
that
that
that
that
that
that
that
the
the
the
the
the
the
the
the
the
the
the
the
the
the
the
the
the
the
the
the
the
the
the
the
the
the
the
the
the
the
the
the
the
the
the
the
the
the
the
the
the
the
the
the
the
the
the
the
the
the
the
the
the
the
the
the
the
the
the
the
the
the
the
the
the
the
the
the
the
the
the
the
the
the
the
the
the
the
the
the
the
the
the
the
the
the
the
the
the
the
the
the
the
the
the
the
the
the
the
the
the
the
the
the
the
the
the
the
the
the
the
the
their
their
their
their
their
their
their
their
their
their
them
them
them
them
them
them
them
them
them
them
them
them
them
them
them
them
them
there
there
there
there
there
these
these
these
these
these
these
they
they
they
they
they
they
they
they
they
they
they
they
they
they
they
they
they
they
they
they
they
things
things
things
this
this
three
through
time
time
time
time
time
time
to
to
to
to
to
to
to
to
to
to
to
to
to
to
to
to
to
to
to
to
to
to
to
to
to
to
to
to
to
to
to
to
to
to
together
tongues
took
took
tower
twenty
two
two
two
understand
unite
until
unto
unto
unto
unto
unto
unto
unto
unto
unto
unto
unto
unto
up
up
up
upon
upon
upon
upon
verified
visit
voice
voice
war
war
war
warned
wars
was
was
was
was
was
was
was
was
was
was
waters
we
we
we
went
went
went
were
were
were
were
were
were
were
what
whatsoever
where
wherefore
wherefore
wherefore
wherefore
wherefore
wherefore
which
which
which
which
which
which
which
which
which
which
which
which
which
which
which
which
which
which
whole
wicked
wicked
wilderness
wilderness
wilderness
wilderness
wilderness
wilderness
wilderness
wilderness
will
will
will
with
with
with
with
with
with
with
with
with
with
with
word
words
words
would
would
would
would
would
would
would
write
write
write
write
write
written
written
written
wrote
wrote
wrote
ye
ye
ye
ye
ye
yea
yea
yea
yea
years
years
years
you
your
zarahemla
zarahemla
zarahemla
zarahemla
zarahemla
zarahemla
zarahemla
zarahemla
zarahemla
zarahemla
zarahemla
zedekiah
